main.c:87:12:range	16	static
main.c:88:12:no_range	16	static
main.c:89:12:timer_sleep	16	static
main.c:90:12:timer_warning	16	static
main.c:91:12:timer_measure	16	static
main.c:92:12:contador	16	static
main.c:94:13:measuring	40	static
main.c:107:13:process_data	16	static
main.c:115:13:alert	16	static
main.c:123:13:sleep	16	static
main.c:151:5:main	24	static
main.c:203:6:SystemClock_Config	112	static
main.c:255:13:MX_I2C1_Init	8	static
main.c:289:13:MX_I2S2_Init	8	static
main.c:323:13:MX_I2S3_Init	8	static
main.c:357:13:MX_SPI1_Init	8	static
main.c:395:13:MX_GPIO_Init	56	static
main.c:474:6:Error_Handler	4	static
