main.c:89:12:range	16	static
main.c:90:12:no_range	16	static
main.c:91:12:timer_sleep	16	static
main.c:92:12:timer_warning	16	static
main.c:93:12:timer_measure	16	static
main.c:94:12:contador	16	static
main.c:96:13:measuring	40	static
main.c:109:13:process_data	16	static
main.c:117:13:alert	16	static
main.c:125:13:sleep	16	static
main.c:153:5:main	152	static
main.c:213:6:SystemClock_Config	112	static
main.c:265:13:MX_I2C1_Init	8	static
main.c:299:13:MX_I2S2_Init	8	static
main.c:333:13:MX_I2S3_Init	8	static
main.c:367:13:MX_SPI1_Init	8	static
main.c:405:13:MX_GPIO_Init	56	static
main.c:484:6:Error_Handler	4	static
