core_cm4.h:2064:26:ITM_SendChar	16	static,ignoring_inline_asm
main.c:185:5:main	32	static
main.c:287:6:SystemClock_Config	88	static
main.c:330:13:MX_ADC1_Init	24	static
main.c:380:13:MX_SPI1_Init	8	static
main.c:418:13:MX_GPIO_Init	56	static
main.c:557:5:_write	32	static
main.c:566:6:save_new_data	24	static
main.c:572:6:Lora_inicio	16	static
main.c:604:6:Lora_envia	128	static
main.c:618:6:Lora_recibe	72	static
main.c:637:6:StartDefaultTask	16	static
main.c:655:6:StartTaskSensor1	128	static
main.c:715:6:StartTaskLoRa	40	static
main.c:763:6:StartTaskSensor2	128	static
main.c:820:6:StartTaskLEDs	128	static
main.c:878:6:Error_Handler	4	static
