main.c:184:5:main	32	static
main.c:286:6:SystemClock_Config	88	static
main.c:329:13:MX_ADC1_Init	24	static
main.c:379:13:MX_SPI1_Init	8	static
main.c:417:13:MX_GPIO_Init	56	static
main.c:555:6:LoRa_initialization	32	static
main.c:589:6:send_data	128	static
main.c:605:6:receive_data	80	static
main.c:617:6:save_new_data	24	static
main.c:631:6:StartDefaultTask	16	static
main.c:649:6:StartTaskSensor1	128	static
main.c:708:6:StartTaskSensor2	128	static
main.c:766:6:StartTaskLEDs	128	static
main.c:827:6:StartTaskLoRa	24	static
main.c:874:6:Error_Handler	4	static
