Archive member included to satisfy reference by file (symbol)

d:/st/stm32cubeide_1.3.0/stm32cubeide/plugins/com.st.stm32cube.ide.mcu.externaltools.gnu-tools-for-stm32.7-2018-q2-update.win32_1.0.0.201904181610/tools/bin/../lib/gcc/arm-none-eabi/7.3.1/../../../../arm-none-eabi/lib/thumb/v7e-m/fpv4-sp/hard\libc_nano.a(lib_a-errno.o)
                              Core/Src/syscalls.o (__errno)
d:/st/stm32cubeide_1.3.0/stm32cubeide/plugins/com.st.stm32cube.ide.mcu.externaltools.gnu-tools-for-stm32.7-2018-q2-update.win32_1.0.0.201904181610/tools/bin/../lib/gcc/arm-none-eabi/7.3.1/../../../../arm-none-eabi/lib/thumb/v7e-m/fpv4-sp/hard\libc_nano.a(lib_a-exit.o)
                              d:/st/stm32cubeide_1.3.0/stm32cubeide/plugins/com.st.stm32cube.ide.mcu.externaltools.gnu-tools-for-stm32.7-2018-q2-update.win32_1.0.0.201904181610/tools/bin/../lib/gcc/arm-none-eabi/7.3.1/../../../../arm-none-eabi/lib/thumb/v7e-m/fpv4-sp/hard/crt0.o (exit)
d:/st/stm32cubeide_1.3.0/stm32cubeide/plugins/com.st.stm32cube.ide.mcu.externaltools.gnu-tools-for-stm32.7-2018-q2-update.win32_1.0.0.201904181610/tools/bin/../lib/gcc/arm-none-eabi/7.3.1/../../../../arm-none-eabi/lib/thumb/v7e-m/fpv4-sp/hard\libc_nano.a(lib_a-impure.o)
                              d:/st/stm32cubeide_1.3.0/stm32cubeide/plugins/com.st.stm32cube.ide.mcu.externaltools.gnu-tools-for-stm32.7-2018-q2-update.win32_1.0.0.201904181610/tools/bin/../lib/gcc/arm-none-eabi/7.3.1/../../../../arm-none-eabi/lib/thumb/v7e-m/fpv4-sp/hard\libc_nano.a(lib_a-exit.o) (_global_impure_ptr)
d:/st/stm32cubeide_1.3.0/stm32cubeide/plugins/com.st.stm32cube.ide.mcu.externaltools.gnu-tools-for-stm32.7-2018-q2-update.win32_1.0.0.201904181610/tools/bin/../lib/gcc/arm-none-eabi/7.3.1/../../../../arm-none-eabi/lib/thumb/v7e-m/fpv4-sp/hard\libc_nano.a(lib_a-init.o)
                              d:/st/stm32cubeide_1.3.0/stm32cubeide/plugins/com.st.stm32cube.ide.mcu.externaltools.gnu-tools-for-stm32.7-2018-q2-update.win32_1.0.0.201904181610/tools/bin/../lib/gcc/arm-none-eabi/7.3.1/../../../../arm-none-eabi/lib/thumb/v7e-m/fpv4-sp/hard/crt0.o (__libc_init_array)
d:/st/stm32cubeide_1.3.0/stm32cubeide/plugins/com.st.stm32cube.ide.mcu.externaltools.gnu-tools-for-stm32.7-2018-q2-update.win32_1.0.0.201904181610/tools/bin/../lib/gcc/arm-none-eabi/7.3.1/../../../../arm-none-eabi/lib/thumb/v7e-m/fpv4-sp/hard\libc_nano.a(lib_a-malloc.o)
                              Core/Src/fsm.o (malloc)
d:/st/stm32cubeide_1.3.0/stm32cubeide/plugins/com.st.stm32cube.ide.mcu.externaltools.gnu-tools-for-stm32.7-2018-q2-update.win32_1.0.0.201904181610/tools/bin/../lib/gcc/arm-none-eabi/7.3.1/../../../../arm-none-eabi/lib/thumb/v7e-m/fpv4-sp/hard\libc_nano.a(lib_a-memcpy-stub.o)
                              Core/Src/SX1278.o (memcpy)
d:/st/stm32cubeide_1.3.0/stm32cubeide/plugins/com.st.stm32cube.ide.mcu.externaltools.gnu-tools-for-stm32.7-2018-q2-update.win32_1.0.0.201904181610/tools/bin/../lib/gcc/arm-none-eabi/7.3.1/../../../../arm-none-eabi/lib/thumb/v7e-m/fpv4-sp/hard\libc_nano.a(lib_a-memset.o)
                              d:/st/stm32cubeide_1.3.0/stm32cubeide/plugins/com.st.stm32cube.ide.mcu.externaltools.gnu-tools-for-stm32.7-2018-q2-update.win32_1.0.0.201904181610/tools/bin/../lib/gcc/arm-none-eabi/7.3.1/../../../../arm-none-eabi/lib/thumb/v7e-m/fpv4-sp/hard/crt0.o (memset)
d:/st/stm32cubeide_1.3.0/stm32cubeide/plugins/com.st.stm32cube.ide.mcu.externaltools.gnu-tools-for-stm32.7-2018-q2-update.win32_1.0.0.201904181610/tools/bin/../lib/gcc/arm-none-eabi/7.3.1/../../../../arm-none-eabi/lib/thumb/v7e-m/fpv4-sp/hard\libc_nano.a(lib_a-nano-freer.o)
                              d:/st/stm32cubeide_1.3.0/stm32cubeide/plugins/com.st.stm32cube.ide.mcu.externaltools.gnu-tools-for-stm32.7-2018-q2-update.win32_1.0.0.201904181610/tools/bin/../lib/gcc/arm-none-eabi/7.3.1/../../../../arm-none-eabi/lib/thumb/v7e-m/fpv4-sp/hard\libc_nano.a(lib_a-malloc.o) (_free_r)
d:/st/stm32cubeide_1.3.0/stm32cubeide/plugins/com.st.stm32cube.ide.mcu.externaltools.gnu-tools-for-stm32.7-2018-q2-update.win32_1.0.0.201904181610/tools/bin/../lib/gcc/arm-none-eabi/7.3.1/../../../../arm-none-eabi/lib/thumb/v7e-m/fpv4-sp/hard\libc_nano.a(lib_a-nano-mallocr.o)
                              d:/st/stm32cubeide_1.3.0/stm32cubeide/plugins/com.st.stm32cube.ide.mcu.externaltools.gnu-tools-for-stm32.7-2018-q2-update.win32_1.0.0.201904181610/tools/bin/../lib/gcc/arm-none-eabi/7.3.1/../../../../arm-none-eabi/lib/thumb/v7e-m/fpv4-sp/hard\libc_nano.a(lib_a-malloc.o) (_malloc_r)
d:/st/stm32cubeide_1.3.0/stm32cubeide/plugins/com.st.stm32cube.ide.mcu.externaltools.gnu-tools-for-stm32.7-2018-q2-update.win32_1.0.0.201904181610/tools/bin/../lib/gcc/arm-none-eabi/7.3.1/../../../../arm-none-eabi/lib/thumb/v7e-m/fpv4-sp/hard\libc_nano.a(lib_a-sbrkr.o)
[...]
Memory Configuration

Name             Origin             Length             Attributes
RAM              0x0000000020000000 0x0000000000020000 xrw
FLASH            0x0000000008000000 0x0000000000080000 xr
*default*        0x0000000000000000 0xffffffffffffffff

Linker script and memory map

LOAD d:/st/stm32cubeide_1.3.0/stm32cubeide/plugins/com.st.stm32cube.ide.mcu.externaltools.gnu-tools-for-stm32.7-2018-q2-update.win32_1.0.0.201904181610/tools/bin/../lib/gcc/arm-none-eabi/7.3.1/thumb/v7e-m/fpv4-sp/hard/crti.o
LOAD d:/st/stm32cubeide_1.3.0/stm32cubeide/plugins/com.st.stm32cube.ide.mcu.externaltools.gnu-tools-for-stm32.7-2018-q2-update.win32_1.0.0.201904181610/tools/bin/../lib/gcc/arm-none-eabi/7.3.1/thumb/v7e-m/fpv4-sp/hard/crtbegin.o
LOAD d:/st/stm32cubeide_1.3.0/stm32cubeide/plugins/com.st.stm32cube.ide.mcu.externaltools.gnu-tools-for-stm32.7-2018-q2-update.win32_1.0.0.201904181610/tools/bin/../lib/gcc/arm-none-eabi/7.3.1/../../../../arm-none-eabi/lib/thumb/v7e-m/fpv4-sp/hard/crt0.o
LOAD Core/Src/SX1278.o
LOAD Core/Src/adc.o
LOAD Core/Src/fsm.o
LOAD Core/Src/fsm_sensor.o
LOAD Core/Src/gpio.o
LOAD Core/Src/main.o
LOAD Core/Src/ring_buf.o
LOAD Core/Src/spi.o
LOAD Core/Src/stm32f4xx_hal_msp.o
LOAD Core/Src/stm32f4xx_it.o
LOAD Core/Src/syscalls.o
LOAD Core/Src/sysmem.o
LOAD Core/Src/system_stm32f4xx.o
LOAD Core/Startup/startup_stm32f411vetx.o
LOAD Drivers/STM32F4xx_HAL_Driver/Src/stm32f4xx_hal.o
LOAD Drivers/STM32F4xx_HAL_Driver/Src/stm32f4xx_hal_adc.o
LOAD Drivers/STM32F4xx_HAL_Driver/Src/stm32f4xx_hal_adc_ex.o
LOAD Drivers/STM32F4xx_HAL_Driver/Src/stm32f4xx_hal_cortex.o
LOAD Drivers/STM32F4xx_HAL_Driver/Src/stm32f4xx_hal_dma.o
LOAD Drivers/STM32F4xx_HAL_Driver/Src/stm32f4xx_hal_dma_ex.o
LOAD Drivers/STM32F4xx_HAL_Driver/Src/stm32f4xx_hal_exti.o
LOAD Drivers/STM32F4xx_HAL_Driver/Src/stm32f4xx_hal_flash.o
LOAD Drivers/STM32F4xx_HAL_Driver/Src/stm32f4xx_hal_flash_ex.o
LOAD Drivers/STM32F4xx_HAL_Driver/Src/stm32f4xx_hal_flash_ramfunc.o
LOAD Drivers/STM32F4xx_HAL_Driver/Src/stm32f4xx_hal_gpio.o
LOAD Drivers/STM32F4xx_HAL_Driver/Src/stm32f4xx_hal_pwr.o
LOAD Drivers/STM32F4xx_HAL_Driver/Src/stm32f4xx_hal_pwr_ex.o
LOAD Drivers/STM32F4xx_HAL_Driver/Src/stm32f4xx_hal_rcc.o
LOAD Drivers/STM32F4xx_HAL_Driver/Src/stm32f4xx_hal_rcc_ex.o
LOAD Drivers/STM32F4xx_HAL_Driver/Src/stm32f4xx_hal_spi.o
LOAD Drivers/STM32F4xx_HAL_Driver/Src/stm32f4xx_hal_tim.o
LOAD Drivers/STM32F4xx_HAL_Driver/Src/stm32f4xx_hal_tim_ex.o
LOAD Middlewares/Third_Party/FreeRTOS/Source/CMSIS_RTOS_V2/cmsis_os2.o
LOAD Middlewares/Third_Party/FreeRTOS/Source/croutine.o
LOAD Middlewares/Third_Party/FreeRTOS/Source/event_groups.o
LOAD Middlewares/Third_Party/FreeRTOS/Source/list.o
LOAD Middlewares/Third_Party/FreeRTOS/Source/queue.o
LOAD Middlewares/Third_Party/FreeRTOS/Source/stream_buffer.o
LOAD Middlewares/Third_Party/FreeRTOS/Source/tasks.o
LOAD Middlewares/Third_Party/FreeRTOS/Source/timers.o
LOAD Middlewares/Third_Party/FreeRTOS/Source/portable/GCC/ARM_CM4F/port.o
LOAD Middlewares/Third_Party/FreeRTOS/Source/portable/MemMang/heap_4.o
START GROUP
LOAD d:/st/stm32cubeide_1.3.0/stm32cubeide/plugins/com.st.stm32cube.ide.mcu.externaltools.gnu-tools-for-stm32.7-2018-q2-update.win32_1.0.0.201904181610/tools/bin/../lib/gcc/arm-none-eabi/7.3.1/../../../../arm-none-eabi/lib/thumb/v7e-m/fpv4-sp/hard\libc_nano.a
LOAD d:/st/stm32cubeide_1.3.0/stm32cubeide/plugins/com.st.stm32cube.ide.mcu.externaltools.gnu-tools-for-stm32.7-2018-q2-update.win32_1.0.0.201904181610/tools/bin/../lib/gcc/arm-none-eabi/7.3.1/../../../../arm-none-eabi/lib/thumb/v7e-m/fpv4-sp/hard\libm.a
END GROUP
START GROUP
LOAD d:/st/stm32cubeide_1.3.0/stm32cubeide/plugins/com.st.stm32cube.ide.mcu.externaltools.gnu-tools-for-stm32.7-2018-q2-update.win32_1.0.0.201904181610/tools/bin/../lib/gcc/arm-none-eabi/7.3.1/thumb/v7e-m/fpv4-sp/hard\libgcc.a
LOAD d:/st/stm32cubeide_1.3.0/stm32cubeide/plugins/com.st.stm32cube.ide.mcu.externaltools.gnu-tools-for-stm32.7-2018-q2-update.win32_1.0.0.201904181610/tools/bin/../lib/gcc/arm-none-eabi/7.3.1/../../../../arm-none-eabi/lib/thumb/v7e-m/fpv4-sp/hard\libc_nano.a
END GROUP
START GROUP
LOAD d:/st/stm32cubeide_1.3.0/stm32cubeide/plugins/com.st.stm32cube.ide.mcu.externaltools.gnu-tools-for-stm32.7-2018-q2-update.win32_1.0.0.201904181610/tools/bin/../lib/gcc/arm-none-eabi/7.3.1/thumb/v7e-m/fpv4-sp/hard\libgcc.a
LOAD d:/st/stm32cubeide_1.3.0/stm32cubeide/plugins/com.st.stm32cube.ide.mcu.externaltools.gnu-tools-for-stm32.7-2018-q2-update.win32_1.0.0.201904181610/tools/bin/../lib/gcc/arm-none-eabi/7.3.1/../../../../arm-none-eabi/lib/thumb/v7e-m/fpv4-sp/hard\libc_nano.a
LOAD d:/st/stm32cubeide_1.3.0/stm32cubeide/plugins/com.st.stm32cube.ide.mcu.externaltools.gnu-tools-for-stm32.7-2018-q2-update.win32_1.0.0.201904181610/tools/bin/../lib/gcc/arm-none-eabi/7.3.1/../../../../arm-none-eabi/lib/thumb/v7e-m/fpv4-sp/hard\libnosys.a
END GROUP
START GROUP
LOAD d:/st/stm32cubeide_1.3.0/stm32cubeide/plugins/com.st.stm32cube.ide.mcu.externaltools.gnu-tools-for-stm32.7-2018-q2-update.win32_1.0.0.201904181610/tools/bin/../lib/gcc/arm-none-eabi/7.3.1/thumb/v7e-m/fpv4-sp/hard\libgcc.a
LOAD d:/st/stm32cubeide_1.3.0/stm32cubeide/plugins/com.st.stm32cube.ide.mcu.externaltools.gnu-tools-for-stm32.7-2018-q2-update.win32_1.0.0.201904181610/tools/bin/../lib/gcc/arm-none-eabi/7.3.1/../../../../arm-none-eabi/lib/thumb/v7e-m/fpv4-sp/hard\libc_nano.a
LOAD d:/st/stm32cubeide_1.3.0/stm32cubeide/plugins/com.st.stm32cube.ide.mcu.externaltools.gnu-tools-for-stm32.7-2018-q2-update.win32_1.0.0.201904181610/tools/bin/../lib/gcc/arm-none-eabi/7.3.1/../../../../arm-none-eabi/lib/thumb/v7e-m/fpv4-sp/hard\libnosys.a
END GROUP
LOAD d:/st/stm32cubeide_1.3.0/stm32cubeide/plugins/com.st.stm32cube.ide.mcu.externaltools.gnu-tools-for-stm32.7-2018-q2-update.win32_1.0.0.201904181610/tools/bin/../lib/gcc/arm-none-eabi/7.3.1/thumb/v7e-m/fpv4-sp/hard/crtend.o
LOAD d:/st/stm32cubeide_1.3.0/stm32cubeide/plugins/com.st.stm32cube.ide.mcu.externaltools.gnu-tools-for-stm32.7-2018-q2-update.win32_1.0.0.201904181610/tools/bin/../lib/gcc/arm-none-eabi/7.3.1/thumb/v7e-m/fpv4-sp/hard/crtn.o
                0x0000000020020000                _estack = (ORIGIN (RAM) + LENGTH (RAM))
                0x0000000000000200                _Min_Heap_Size = 0x200
                0x0000000000000400                _Min_Stack_Size = 0x400

.isr_vector     0x0000000008000000      0x198
                0x0000000008000000                . = ALIGN (0x4)
 *(.isr_vector)
 .isr_vector    0x0000000008000000      0x198 Core/Startup/startup_stm32f411vetx.o
                0x0000000008000000                g_pfnVectors
                0x0000000008000198                . = ALIGN (0x4)

.text           0x00000000080001a0     0x7508
                0x00000000080001a0                . = ALIGN (0x4)
 *(.text)
 .text          0x00000000080001a0       0x40 d:/st/stm32cubeide_1.3.0/stm32cubeide/plugins/com.st.stm32cube.ide.mcu.externaltools.gnu-tools-for-stm32.7-2018-q2-update.win32_1.0.0.201904181610/tools/bin/../lib/gcc/arm-none-eabi/7.3.1/thumb/v7e-m/fpv4-sp/hard/crtbegin.o
 .text          0x00000000080001e0       0xa0 d:/st/stm32cubeide_1.3.0/stm32cubeide/plugins/com.st.stm32cube.ide.mcu.externaltools.gnu-tools-for-stm32.7-2018-q2-update.win32_1.0.0.201904181610/tools/bin/../lib/gcc/arm-none-eabi/7.3.1/../../../../arm-none-eabi/lib/thumb/v7e-m/fpv4-sp/hard\libc_nano.a(lib_a-memchr.o)
                0x00000000080001e0                memchr
 .text          0x0000000008000280       0x30 d:/st/stm32cubeide_1.3.0/stm32cubeide/plugins/com.st.stm32cube.ide.mcu.externaltools.gnu-tools-for-stm32.7-2018-q2-update.win32_1.0.0.201904181610/tools/bin/../lib/gcc/arm-none-eabi/7.3.1/thumb/v7e-m/fpv4-sp/hard\libgcc.a(_aeabi_uldivmod.o)
                0x0000000008000280                __aeabi_uldivmod
 .text          0x00000000080002b0      0x2cc d:/st/stm32cubeide_1.3.0/stm32cubeide/plugins/com.st.stm32cube.ide.mcu.externaltools.gnu-tools-for-stm32.7-2018-q2-update.win32_1.0.0.201904181610/tools/bin/../lib/gcc/arm-none-eabi/7.3.1/thumb/v7e-m/fpv4-sp/hard\libgcc.a(_udivmoddi4.o)
                0x00000000080002b0                __udivmoddi4
 .text          0x000000000800057c        0x4 d:/st/stm32cubeide_1.3.0/stm32cubeide/plugins/com.st.stm32cube.ide.mcu.externaltools.gnu-tools-for-stm32.7-2018-q2-update.win32_1.0.0.201904181610/tools/bin/../lib/gcc/arm-none-eabi/7.3.1/thumb/v7e-m/fpv4-sp/hard\libgcc.a(_dvmd_tls.o)
                0x000000000800057c                __aeabi_idiv0
                0x000000000800057c                __aeabi_ldiv0
 *(.text*)
 .text.SX1278_hw_init
                0x0000000008000580       0x2a Core/Src/SX1278.o
                0x0000000008000580                SX1278_hw_init
 .text.SX1278_hw_SetNSS
                0x00000000080005aa       0x2e Core/Src/SX1278.o
                0x00000000080005aa                SX1278_hw_SetNSS
 .text.SX1278_hw_Reset
                0x00000000080005d8       0x48 Core/Src/SX1278.o
                0x00000000080005d8                SX1278_hw_Reset
 .text.SX1278_hw_SPICommand
                0x0000000008000620       0x3e Core/Src/SX1278.o
                0x0000000008000620                SX1278_hw_SPICommand
 .text.SX1278_hw_SPIReadByte
                0x000000000800065e       0x4c Core/Src/SX1278.o
                0x000000000800065e                SX1278_hw_SPIReadByte
 .text.SX1278_hw_DelayMs
                0x00000000080006aa       0x16 Core/Src/SX1278.o
                0x00000000080006aa                SX1278_hw_DelayMs
 .text.SX1278_hw_GetDIO0
                0x00000000080006c0       0x2e Core/Src/SX1278.o
                0x00000000080006c0                SX1278_hw_GetDIO0
 .text.SX1278_SPIRead
                0x00000000080006ee       0x3e Core/Src/SX1278.o
                0x00000000080006ee                SX1278_SPIRead
 .text.SX1278_SPIWrite
                0x000000000800072c       0x52 Core/Src/SX1278.o
                0x000000000800072c                SX1278_SPIWrite
 .text.SX1278_SPIBurstRead
                0x000000000800077e       0x72 Core/Src/SX1278.o
                0x000000000800077e                SX1278_SPIBurstRead
 .text.SX1278_SPIBurstWrite
                0x00000000080007f0       0x76 Core/Src/SX1278.o
                0x00000000080007f0                SX1278_SPIBurstWrite
 .text.SX1278_defaultConfig
                0x0000000008000866       0x2a Core/Src/SX1278.o
                0x0000000008000866                SX1278_defaultConfig
 .text.SX1278_config
                0x0000000008000890      0x154 Core/Src/SX1278.o
                0x0000000008000890                SX1278_config
 .text.SX1278_standby
                0x00000000080009e4       0x20 Core/Src/SX1278.o
                0x00000000080009e4                SX1278_standby
 .text.SX1278_sleep
                0x0000000008000a04       0x20 Core/Src/SX1278.o
                0x0000000008000a04                SX1278_sleep
 .text.SX1278_entryLoRa
                0x0000000008000a24       0x1a Core/Src/SX1278.o
                0x0000000008000a24                SX1278_entryLoRa
 .text.SX1278_clearLoRaIrq
                0x0000000008000a3e       0x1a Core/Src/SX1278.o
                0x0000000008000a3e                SX1278_clearLoRaIrq
 .text.SX1278_LoRaEntryRx
                0x0000000008000a58       0xca Core/Src/SX1278.o
                0x0000000008000a58                SX1278_LoRaEntryRx
 .text.SX1278_LoRaRxPacket
                0x0000000008000b22       0x88 Core/Src/SX1278.o
                0x0000000008000b22                SX1278_LoRaRxPacket
 .text.SX1278_LoRaEntryTx
                0x0000000008000baa       0xb0 Core/Src/SX1278.o
                0x0000000008000baa                SX1278_LoRaEntryTx
 .text.SX1278_LoRaTxPacket
                0x0000000008000c5a       0x7e Core/Src/SX1278.o
                0x0000000008000c5a                SX1278_LoRaTxPacket
 .text.SX1278_begin
                0x0000000008000cd8       0x50 Core/Src/SX1278.o
                0x0000000008000cd8                SX1278_begin
 .text.SX1278_read
                0x0000000008000d28       0x4c Core/Src/SX1278.o
                0x0000000008000d28                SX1278_read
 .text.MX_ADC1_Init
                0x0000000008000d74       0xa4 Core/Src/adc.o
                0x0000000008000d74                MX_ADC1_Init
 .text.HAL_ADC_MspInit
                0x0000000008000e18       0x88 Core/Src/adc.o
                0x0000000008000e18                HAL_ADC_MspInit
 .text.fsm_init
                0x0000000008000ea0       0x24 Core/Src/fsm.o
                0x0000000008000ea0                fsm_init
 .text.fsm_fire
                0x0000000008000ec4       0x5e Core/Src/fsm.o
                0x0000000008000ec4                fsm_fire
 .text.data_saved
                0x0000000008000f22       0x16 Core/Src/fsm_sensor.o
                0x0000000008000f22                data_saved
 .text.error    0x0000000008000f38       0x38 Core/Src/fsm_sensor.o
                0x0000000008000f38                error
 .text.no_error
                0x0000000008000f70       0x38 Core/Src/fsm_sensor.o
                0x0000000008000f70                no_error
 .text.timer_sleep
                0x0000000008000fa8       0x36 Core/Src/fsm_sensor.o
                0x0000000008000fa8                timer_sleep
 .text.timer_adc
                0x0000000008000fde       0x20 Core/Src/fsm_sensor.o
                0x0000000008000fde                timer_adc
 .text.timer_setup
                0x0000000008000ffe       0x2e Core/Src/fsm_sensor.o
                0x0000000008000ffe                timer_setup
 .text.warned   0x000000000800102c       0x2c Core/Src/fsm_sensor.o
                0x000000000800102c                warned
 .text.timer_measure
                0x0000000008001058       0x40 Core/Src/fsm_sensor.o
                0x0000000008001058                timer_measure
 .text.warning_limit
                0x0000000008001098       0x2c Core/Src/fsm_sensor.o
                0x0000000008001098                warning_limit
 .text.measuring
                0x00000000080010c4       0x58 Core/Src/fsm_sensor.o
                0x00000000080010c4                measuring
 .text.process_data
                0x000000000800111c       0x54 Core/Src/fsm_sensor.o
                0x000000000800111c                process_data
 .text.alert    0x0000000008001170       0x28 Core/Src/fsm_sensor.o
                0x0000000008001170                alert
 .text.sleep    0x0000000008001198       0x60 Core/Src/fsm_sensor.o
                0x0000000008001198                sleep
 .text.init_adc
                0x00000000080011f8       0x30 Core/Src/fsm_sensor.o
                0x00000000080011f8                init_adc
 .text.setting_up
                0x0000000008001228       0x6c Core/Src/fsm_sensor.o
                0x0000000008001228                setting_up
 .text.save_data
                0x0000000008001294       0x52 Core/Src/fsm_sensor.o
                0x0000000008001294                save_data
 *fill*         0x00000000080012e6        0x2 
 .text.fsm_sensor_init
                0x00000000080012e8       0x24 Core/Src/fsm_sensor.o
                0x00000000080012e8                fsm_sensor_init
 .text.sensor_initialization
                0x000000000800130c       0xb4 Core/Src/fsm_sensor.o
                0x000000000800130c                sensor_initialization
 .text.MX_GPIO_Init
                0x00000000080013c0      0x138 Core/Src/gpio.o
                0x00000000080013c0                MX_GPIO_Init
 .text.main     0x00000000080014f8      0x100 Core/Src/main.o
                0x00000000080014f8                main
 .text.SystemClock_Config
                0x00000000080015f8       0xd0 Core/Src/main.o
                0x00000000080015f8                SystemClock_Config
 .text.StartDefaultTask
                0x00000000080016c8       0x10 Core/Src/main.o
                0x00000000080016c8                StartDefaultTask
 .text.StartTaskSensor1
                0x00000000080016d8      0x130 Core/Src/main.o
                0x00000000080016d8                StartTaskSensor1
 .text.StartTaskLoRa
                0x0000000008001808       0x8c Core/Src/main.o
                0x0000000008001808                StartTaskLoRa
 .text.StartTaskSensor2
                0x0000000008001894      0x130 Core/Src/main.o
                0x0000000008001894                StartTaskSensor2
 .text.StartTaskLEDs
                0x00000000080019c4      0x114 Core/Src/main.o
                0x00000000080019c4                StartTaskLEDs
 .text.save_new_data
                0x0000000008001ad8       0x24 Core/Src/main.o
                0x0000000008001ad8                save_new_data
 .text.Lora_inicio
                0x0000000008001afc       0xa4 Core/Src/main.o
                0x0000000008001afc                Lora_inicio
 .text.Lora_recibe
                0x0000000008001ba0       0x30 Core/Src/main.o
                0x0000000008001ba0                Lora_recibe
 .text.Lora_envia
                0x0000000008001bd0       0x7c Core/Src/main.o
                0x0000000008001bd0                Lora_envia
 .text.Error_Handler
                0x0000000008001c4c        0xe Core/Src/main.o
                0x0000000008001c4c                Error_Handler
 .text.ringbuf_put
                0x0000000008001c5a       0xc6 Core/Src/ring_buf.o
                0x0000000008001c5a                ringbuf_put
 .text.ringbuf_get
                0x0000000008001d20       0x6e Core/Src/ring_buf.o
                0x0000000008001d20                ringbuf_get
 *fill*         0x0000000008001d8e        0x2 
 .text.MX_SPI1_Init
                0x0000000008001d90       0x6c Core/Src/spi.o
                0x0000000008001d90                MX_SPI1_Init
 .text.HAL_SPI_MspInit
                0x0000000008001dfc       0x90 Core/Src/spi.o
                0x0000000008001dfc                HAL_SPI_MspInit
 .text.HAL_MspInit
                0x0000000008001e8c       0x58 Core/Src/stm32f4xx_hal_msp.o
                0x0000000008001e8c                HAL_MspInit
 .text.NMI_Handler
                0x0000000008001ee4        0xe Core/Src/stm32f4xx_it.o
                0x0000000008001ee4                NMI_Handler
 .text.HardFault_Handler
                0x0000000008001ef2        0x6 Core/Src/stm32f4xx_it.o
                0x0000000008001ef2                HardFault_Handler
 .text.MemManage_Handler
                0x0000000008001ef8        0x6 Core/Src/stm32f4xx_it.o
                0x0000000008001ef8                MemManage_Handler
 .text.BusFault_Handler
                0x0000000008001efe        0x6 Core/Src/stm32f4xx_it.o
                0x0000000008001efe                BusFault_Handler
 .text.UsageFault_Handler
                0x0000000008001f04        0x6 Core/Src/stm32f4xx_it.o
                0x0000000008001f04                UsageFault_Handler
 .text.DebugMon_Handler
                0x0000000008001f0a        0xe Core/Src/stm32f4xx_it.o
                0x0000000008001f0a                DebugMon_Handler
 .text.SysTick_Handler
                0x0000000008001f18       0x1a Core/Src/stm32f4xx_it.o
                0x0000000008001f18                SysTick_Handler
 *fill*         0x0000000008001f32        0x2 
 .text._sbrk    0x0000000008001f34       0x58 Core/Src/sysmem.o
                0x0000000008001f34                _sbrk
 .text.SystemInit
                0x0000000008001f8c       0x2c Core/Src/system_stm32f4xx.o
                0x0000000008001f8c                SystemInit
 .text.Reset_Handler
                0x0000000008001fb8       0x50 Core/Startup/startup_stm32f411vetx.o
                0x0000000008001fb8                Reset_Handler
 .text.Default_Handler
                0x0000000008002008        0x2 Core/Startup/startup_stm32f411vetx.o
                0x0000000008002008                RTC_Alarm_IRQHandler
                0x0000000008002008                EXTI2_IRQHandler
                0x0000000008002008                SPI4_IRQHandler
                0x0000000008002008                TIM1_CC_IRQHandler
                0x0000000008002008                DMA2_Stream5_IRQHandler
                0x0000000008002008                DMA1_Stream5_IRQHandler
                0x0000000008002008                PVD_IRQHandler
                0x0000000008002008                SDIO_IRQHandler
                0x0000000008002008                TAMP_STAMP_IRQHandler
                0x0000000008002008                EXTI3_IRQHandler
                0x0000000008002008                TIM1_UP_TIM10_IRQHandler
                0x0000000008002008                I2C3_ER_IRQHandler
                0x0000000008002008                EXTI0_IRQHandler
                0x0000000008002008                I2C2_EV_IRQHandler
                0x0000000008002008                DMA1_Stream2_IRQHandler
                0x0000000008002008                FPU_IRQHandler
                0x0000000008002008                DMA2_Stream2_IRQHandler
                0x0000000008002008                SPI1_IRQHandler
                0x0000000008002008                TIM1_BRK_TIM9_IRQHandler
                0x0000000008002008                DMA2_Stream3_IRQHandler
                0x0000000008002008                USART6_IRQHandler
                0x0000000008002008                DMA2_Stream0_IRQHandler
                0x0000000008002008                TIM4_IRQHandler
                0x0000000008002008                I2C1_EV_IRQHandler
                0x0000000008002008                DMA1_Stream6_IRQHandler
                0x0000000008002008                DMA1_Stream1_IRQHandler
                0x0000000008002008                TIM3_IRQHandler
                0x0000000008002008                RCC_IRQHandler
                0x0000000008002008                Default_Handler
                0x0000000008002008                EXTI15_10_IRQHandler
                0x0000000008002008                ADC_IRQHandler
                0x0000000008002008                DMA1_Stream7_IRQHandler
                0x0000000008002008                SPI5_IRQHandler
                0x0000000008002008                TIM5_IRQHandler
                0x0000000008002008                DMA2_Stream7_IRQHandler
                0x0000000008002008                I2C3_EV_IRQHandler
                0x0000000008002008                EXTI9_5_IRQHandler
                0x0000000008002008                RTC_WKUP_IRQHandler
                0x0000000008002008                SPI2_IRQHandler
                0x0000000008002008                DMA1_Stream0_IRQHandler
                0x0000000008002008                EXTI4_IRQHandler
                0x0000000008002008                WWDG_IRQHandler
                0x0000000008002008                TIM2_IRQHandler
                0x0000000008002008                OTG_FS_WKUP_IRQHandler
                0x0000000008002008                TIM1_TRG_COM_TIM11_IRQHandler
                0x0000000008002008                EXTI1_IRQHandler
                0x0000000008002008                USART2_IRQHandler
                0x0000000008002008                I2C2_ER_IRQHandler
                0x0000000008002008                DMA2_Stream1_IRQHandler
                0x0000000008002008                FLASH_IRQHandler
                0x0000000008002008                DMA2_Stream4_IRQHandler
                0x0000000008002008                USART1_IRQHandler
                0x0000000008002008                OTG_FS_IRQHandler
                0x0000000008002008                SPI3_IRQHandler
                0x0000000008002008                DMA1_Stream4_IRQHandler
                0x0000000008002008                I2C1_ER_IRQHandler
                0x0000000008002008                DMA2_Stream6_IRQHandler
                0x0000000008002008                DMA1_Stream3_IRQHandler
 *fill*         0x000000000800200a        0x2 
 .text.HAL_Init
                0x000000000800200c       0x44 Drivers/STM32F4xx_HAL_Driver/Src/stm32f4xx_hal.o
                0x000000000800200c                HAL_Init
 .text.HAL_InitTick
                0x0000000008002050       0x60 Drivers/STM32F4xx_HAL_Driver/Src/stm32f4xx_hal.o
                0x0000000008002050                HAL_InitTick
 .text.HAL_IncTick
                0x00000000080020b0       0x28 Drivers/STM32F4xx_HAL_Driver/Src/stm32f4xx_hal.o
                0x00000000080020b0                HAL_IncTick
 .text.HAL_GetTick
                0x00000000080020d8       0x18 Drivers/STM32F4xx_HAL_Driver/Src/stm32f4xx_hal.o
                0x00000000080020d8                HAL_GetTick
 .text.HAL_Delay
                0x00000000080020f0       0x44 Drivers/STM32F4xx_HAL_Driver/Src/stm32f4xx_hal.o
                0x00000000080020f0                HAL_Delay
 .text.HAL_ADC_Init
                0x0000000008002134       0x86 Drivers/STM32F4xx_HAL_Driver/Src/stm32f4xx_hal_adc.o
                0x0000000008002134                HAL_ADC_Init
 *fill*         0x00000000080021ba        0x2 
 .text.HAL_ADC_Start
                0x00000000080021bc      0x14c Drivers/STM32F4xx_HAL_Driver/Src/stm32f4xx_hal_adc.o
                0x00000000080021bc                HAL_ADC_Start
 .text.HAL_ADC_Stop
                0x0000000008002308       0x66 Drivers/STM32F4xx_HAL_Driver/Src/stm32f4xx_hal_adc.o
                0x0000000008002308                HAL_ADC_Stop
 .text.HAL_ADC_GetValue
                0x000000000800236e       0x1a Drivers/STM32F4xx_HAL_Driver/Src/stm32f4xx_hal_adc.o
                0x000000000800236e                HAL_ADC_GetValue
 .text.HAL_ADC_ConfigChannel
                0x0000000008002388      0x264 Drivers/STM32F4xx_HAL_Driver/Src/stm32f4xx_hal_adc.o
                0x0000000008002388                HAL_ADC_ConfigChannel
 .text.ADC_Init
                0x00000000080025ec      0x1f8 Drivers/STM32F4xx_HAL_Driver/Src/stm32f4xx_hal_adc.o
 .text.__NVIC_SetPriorityGrouping
                0x00000000080027e4       0x48 Drivers/STM32F4xx_HAL_Driver/Src/stm32f4xx_hal_cortex.o
 .text.__NVIC_GetPriorityGrouping
                0x000000000800282c       0x1c Drivers/STM32F4xx_HAL_Driver/Src/stm32f4xx_hal_cortex.o
 .text.__NVIC_SetPriority
                0x0000000008002848       0x54 Drivers/STM32F4xx_HAL_Driver/Src/stm32f4xx_hal_cortex.o
 .text.NVIC_EncodePriority
                0x000000000800289c       0x66 Drivers/STM32F4xx_HAL_Driver/Src/stm32f4xx_hal_cortex.o
 *fill*         0x0000000008002902        0x2 
 .text.SysTick_Config
                0x0000000008002904       0x44 Drivers/STM32F4xx_HAL_Driver/Src/stm32f4xx_hal_cortex.o
 .text.HAL_NVIC_SetPriorityGrouping
                0x0000000008002948       0x16 Drivers/STM32F4xx_HAL_Driver/Src/stm32f4xx_hal_cortex.o
                0x0000000008002948                HAL_NVIC_SetPriorityGrouping
 .text.HAL_NVIC_SetPriority
                0x000000000800295e       0x38 Drivers/STM32F4xx_HAL_Driver/Src/stm32f4xx_hal_cortex.o
                0x000000000800295e                HAL_NVIC_SetPriority
 .text.HAL_SYSTICK_Config
                0x0000000008002996       0x18 Drivers/STM32F4xx_HAL_Driver/Src/stm32f4xx_hal_cortex.o
                0x0000000008002996                HAL_SYSTICK_Config
 *fill*         0x00000000080029ae        0x2 
 .text.HAL_GPIO_Init
                0x00000000080029b0      0x304 Drivers/STM32F4xx_HAL_Driver/Src/stm32f4xx_hal_gpio.o
                0x00000000080029b0                HAL_GPIO_Init
 .text.HAL_GPIO_ReadPin
                0x0000000008002cb4       0x30 Drivers/STM32F4xx_HAL_Driver/Src/stm32f4xx_hal_gpio.o
                0x0000000008002cb4                HAL_GPIO_ReadPin
 .text.HAL_GPIO_WritePin
                0x0000000008002ce4       0x32 Drivers/STM32F4xx_HAL_Driver/Src/stm32f4xx_hal_gpio.o
                0x0000000008002ce4                HAL_GPIO_WritePin
 *fill*         0x0000000008002d16        0x2 
 .text.HAL_RCC_OscConfig
                0x0000000008002d18      0x4e0 Drivers/STM32F4xx_HAL_Driver/Src/stm32f4xx_hal_rcc.o
                0x0000000008002d18                HAL_RCC_OscConfig
 .text.HAL_RCC_ClockConfig
                0x00000000080031f8      0x1cc Drivers/STM32F4xx_HAL_Driver/Src/stm32f4xx_hal_rcc.o
                0x00000000080031f8                HAL_RCC_ClockConfig
 .text.HAL_RCC_GetSysClockFreq
                0x00000000080033c4      0x1b0 Drivers/STM32F4xx_HAL_Driver/Src/stm32f4xx_hal_rcc.o
                0x00000000080033c4                HAL_RCC_GetSysClockFreq
 .text.HAL_SPI_Init
                0x0000000008003574       0xc8 Drivers/STM32F4xx_HAL_Driver/Src/stm32f4xx_hal_spi.o
                0x0000000008003574                HAL_SPI_Init
 .text.HAL_SPI_Transmit
                0x000000000800363c      0x268 Drivers/STM32F4xx_HAL_Driver/Src/stm32f4xx_hal_spi.o
                0x000000000800363c                HAL_SPI_Transmit
 .text.HAL_SPI_TransmitReceive
                0x00000000080038a4      0x344 Drivers/STM32F4xx_HAL_Driver/Src/stm32f4xx_hal_spi.o
                0x00000000080038a4                HAL_SPI_TransmitReceive
 .text.HAL_SPI_GetState
                0x0000000008003be8       0x1c Drivers/STM32F4xx_HAL_Driver/Src/stm32f4xx_hal_spi.o
                0x0000000008003be8                HAL_SPI_GetState
 .text.SPI_WaitFlagStateUntilTimeout
                0x0000000008003c04       0xd4 Drivers/STM32F4xx_HAL_Driver/Src/stm32f4xx_hal_spi.o
 .text.SPI_EndRxTxTransaction
                0x0000000008003cd8       0x84 Drivers/STM32F4xx_HAL_Driver/Src/stm32f4xx_hal_spi.o
 .text.SVC_Setup
                0x0000000008003d5c        0xe Middlewares/Third_Party/FreeRTOS/Source/CMSIS_RTOS_V2/cmsis_os2.o
 *fill*         0x0000000008003d6a        0x2 
 .text.osKernelInitialize
                0x0000000008003d6c       0x68 Middlewares/Third_Party/FreeRTOS/Source/CMSIS_RTOS_V2/cmsis_os2.o
                0x0000000008003d6c                osKernelInitialize
 .text.osKernelStart
                0x0000000008003dd4       0x6c Middlewares/Third_Party/FreeRTOS/Source/CMSIS_RTOS_V2/cmsis_os2.o
                0x0000000008003dd4                osKernelStart
 .text.osKernelGetTickCount
                0x0000000008003e40       0x50 Middlewares/Third_Party/FreeRTOS/Source/CMSIS_RTOS_V2/cmsis_os2.o
                0x0000000008003e40                osKernelGetTickCount
 .text.osThreadNew
                0x0000000008003e90      0x14c Middlewares/Third_Party/FreeRTOS/Source/CMSIS_RTOS_V2/cmsis_os2.o
                0x0000000008003e90                osThreadNew
 .text.osDelay  0x0000000008003fdc       0x5c Middlewares/Third_Party/FreeRTOS/Source/CMSIS_RTOS_V2/cmsis_os2.o
                0x0000000008003fdc                osDelay
 .text.osDelayUntil
                0x0000000008004038       0x80 Middlewares/Third_Party/FreeRTOS/Source/CMSIS_RTOS_V2/cmsis_os2.o
                0x0000000008004038                osDelayUntil
 .text.osMessageQueueNew
                0x00000000080040b8      0x10c Middlewares/Third_Party/FreeRTOS/Source/CMSIS_RTOS_V2/cmsis_os2.o
                0x00000000080040b8                osMessageQueueNew
 .text.osMessageQueuePut
                0x00000000080041c4       0xe8 Middlewares/Third_Party/FreeRTOS/Source/CMSIS_RTOS_V2/cmsis_os2.o
                0x00000000080041c4                osMessageQueuePut
 .text.osMessageQueueGet
                0x00000000080042ac       0xe4 Middlewares/Third_Party/FreeRTOS/Source/CMSIS_RTOS_V2/cmsis_os2.o
                0x00000000080042ac                osMessageQueueGet
 .text.vApplicationGetIdleTaskMemory
                0x0000000008004390       0x34 Middlewares/Third_Party/FreeRTOS/Source/CMSIS_RTOS_V2/cmsis_os2.o
                0x0000000008004390                vApplicationGetIdleTaskMemory
 .text.vApplicationGetTimerTaskMemory
                0x00000000080043c4       0x34 Middlewares/Third_Party/FreeRTOS/Source/CMSIS_RTOS_V2/cmsis_os2.o
                0x00000000080043c4                vApplicationGetTimerTaskMemory
 .text.vListInitialise
                0x00000000080043f8       0x40 Middlewares/Third_Party/FreeRTOS/Source/list.o
                0x00000000080043f8                vListInitialise
 .text.vListInitialiseItem
                0x0000000008004438       0x1a Middlewares/Third_Party/FreeRTOS/Source/list.o
                0x0000000008004438                vListInitialiseItem
 .text.vListInsertEnd
                0x0000000008004452       0x48 Middlewares/Third_Party/FreeRTOS/Source/list.o
                0x0000000008004452                vListInsertEnd
 .text.vListInsert
                0x000000000800449a       0x72 Middlewares/Third_Party/FreeRTOS/Source/list.o
                0x000000000800449a                vListInsert
 .text.uxListRemove
                0x000000000800450c       0x54 Middlewares/Third_Party/FreeRTOS/Source/list.o
                0x000000000800450c                uxListRemove
 .text.xQueueGenericReset
                0x0000000008004560       0xd0 Middlewares/Third_Party/FreeRTOS/Source/queue.o
                0x0000000008004560                xQueueGenericReset
 .text.xQueueGenericCreateStatic
                0x0000000008004630       0xe6 Middlewares/Third_Party/FreeRTOS/Source/queue.o
                0x0000000008004630                xQueueGenericCreateStatic
 .text.xQueueGenericCreate
                0x0000000008004716       0x7e Middlewares/Third_Party/FreeRTOS/Source/queue.o
                0x0000000008004716                xQueueGenericCreate
 .text.prvInitialiseNewQueue
                0x0000000008004794       0x46 Middlewares/Third_Party/FreeRTOS/Source/queue.o
 *fill*         0x00000000080047da        0x2 
 .text.xQueueGenericSend
                0x00000000080047dc      0x1f4 Middlewares/Third_Party/FreeRTOS/Source/queue.o
                0x00000000080047dc                xQueueGenericSend
 .text.xQueueGenericSendFromISR
                0x00000000080049d0      0x128 Middlewares/Third_Party/FreeRTOS/Source/queue.o
                0x00000000080049d0                xQueueGenericSendFromISR
 .text.xQueueReceive
                0x0000000008004af8      0x1b8 Middlewares/Third_Party/FreeRTOS/Source/queue.o
                0x0000000008004af8                xQueueReceive
 .text.xQueueReceiveFromISR
                0x0000000008004cb0       0xfa Middlewares/Third_Party/FreeRTOS/Source/queue.o
                0x0000000008004cb0                xQueueReceiveFromISR
 .text.prvCopyDataToQueue
                0x0000000008004daa       0xd4 Middlewares/Third_Party/FreeRTOS/Source/queue.o
 .text.prvCopyDataFromQueue
                0x0000000008004e7e       0x4c Middlewares/Third_Party/FreeRTOS/Source/queue.o
 .text.prvUnlockQueue
                0x0000000008004eca       0xa4 Middlewares/Third_Party/FreeRTOS/Source/queue.o
 .text.prvIsQueueEmpty
                0x0000000008004f6e       0x2c Middlewares/Third_Party/FreeRTOS/Source/queue.o
 .text.prvIsQueueFull
                0x0000000008004f9a       0x30 Middlewares/Third_Party/FreeRTOS/Source/queue.o
 *fill*         0x0000000008004fca        0x2 
 .text.vQueueAddToRegistry
                0x0000000008004fcc       0x50 Middlewares/Third_Party/FreeRTOS/Source/queue.o
                0x0000000008004fcc                vQueueAddToRegistry
 .text.vQueueWaitForMessageRestricted
                0x000000000800501c       0x68 Middlewares/Third_Party/FreeRTOS/Source/queue.o
                0x000000000800501c                vQueueWaitForMessageRestricted
 .text.xTaskCreateStatic
                0x0000000008005084       0xb4 Middlewares/Third_Party/FreeRTOS/Source/tasks.o
                0x0000000008005084                xTaskCreateStatic
 .text.xTaskCreate
                0x0000000008005138       0x8a Middlewares/Third_Party/FreeRTOS/Source/tasks.o
                0x0000000008005138                xTaskCreate
 .text.prvInitialiseNewTask
                0x00000000080051c2      0x11c Middlewares/Third_Party/FreeRTOS/Source/tasks.o
 *fill*         0x00000000080052de        0x2 
 .text.prvAddNewTaskToReadyList
                0x00000000080052e0       0xe0 Middlewares/Third_Party/FreeRTOS/Source/tasks.o
 .text.vTaskDelayUntil
                0x00000000080053c0       0xf4 Middlewares/Third_Party/FreeRTOS/Source/tasks.o
                0x00000000080053c0                vTaskDelayUntil
 .text.vTaskDelay
                0x00000000080054b4       0x68 Middlewares/Third_Party/FreeRTOS/Source/tasks.o
                0x00000000080054b4                vTaskDelay
 .text.vTaskStartScheduler
                0x000000000800551c       0xc8 Middlewares/Third_Party/FreeRTOS/Source/tasks.o
                0x000000000800551c                vTaskStartScheduler
 .text.vTaskSuspendAll
                0x00000000080055e4       0x1c Middlewares/Third_Party/FreeRTOS/Source/tasks.o
                0x00000000080055e4                vTaskSuspendAll
 .text.xTaskResumeAll
                0x0000000008005600      0x138 Middlewares/Third_Party/FreeRTOS/Source/tasks.o
                0x0000000008005600                xTaskResumeAll
 .text.xTaskGetTickCount
                0x0000000008005738       0x20 Middlewares/Third_Party/FreeRTOS/Source/tasks.o
                0x0000000008005738                xTaskGetTickCount
 .text.xTaskGetTickCountFromISR
                0x0000000008005758       0x24 Middlewares/Third_Party/FreeRTOS/Source/tasks.o
                0x0000000008005758                xTaskGetTickCountFromISR
 .text.xTaskIncrementTick
                0x000000000800577c      0x170 Middlewares/Third_Party/FreeRTOS/Source/tasks.o
                0x000000000800577c                xTaskIncrementTick
 .text.vTaskSwitchContext
                0x00000000080058ec       0xb8 Middlewares/Third_Party/FreeRTOS/Source/tasks.o
                0x00000000080058ec                vTaskSwitchContext
 .text.vTaskPlaceOnEventList
                0x00000000080059a4       0x48 Middlewares/Third_Party/FreeRTOS/Source/tasks.o
                0x00000000080059a4                vTaskPlaceOnEventList
 .text.vTaskPlaceOnEventListRestricted
                0x00000000080059ec       0x54 Middlewares/Third_Party/FreeRTOS/Source/tasks.o
                0x00000000080059ec                vTaskPlaceOnEventListRestricted
 .text.xTaskRemoveFromEventList
                0x0000000008005a40       0xc4 Middlewares/Third_Party/FreeRTOS/Source/tasks.o
                0x0000000008005a40                xTaskRemoveFromEventList
 .text.vTaskInternalSetTimeOutState
                0x0000000008005b04       0x2c Middlewares/Third_Party/FreeRTOS/Source/tasks.o
                0x0000000008005b04                vTaskInternalSetTimeOutState
 .text.xTaskCheckForTimeOut
                0x0000000008005b30       0xc0 Middlewares/Third_Party/FreeRTOS/Source/tasks.o
                0x0000000008005b30                xTaskCheckForTimeOut
 .text.vTaskMissedYield
                0x0000000008005bf0       0x18 Middlewares/Third_Party/FreeRTOS/Source/tasks.o
                0x0000000008005bf0                vTaskMissedYield
 .text.prvIdleTask
                0x0000000008005c08       0x30 Middlewares/Third_Party/FreeRTOS/Source/tasks.o
 .text.prvInitialiseTaskLists
                0x0000000008005c38       0x80 Middlewares/Third_Party/FreeRTOS/Source/tasks.o
 .text.prvCheckTasksWaitingTermination
                0x0000000008005cb8       0x58 Middlewares/Third_Party/FreeRTOS/Source/tasks.o
 .text.prvDeleteTCB
                0x0000000008005d10       0x5c Middlewares/Third_Party/FreeRTOS/Source/tasks.o
 .text.prvResetNextTaskUnblockTime
                0x0000000008005d6c       0x40 Middlewares/Third_Party/FreeRTOS/Source/tasks.o
 .text.xTaskGetSchedulerState
                0x0000000008005dac       0x3c Middlewares/Third_Party/FreeRTOS/Source/tasks.o
                0x0000000008005dac                xTaskGetSchedulerState
 .text.xTaskPriorityDisinherit
                0x0000000008005de8       0xd8 Middlewares/Third_Party/FreeRTOS/Source/tasks.o
                0x0000000008005de8                xTaskPriorityDisinherit
 .text.prvAddCurrentTaskToDelayedList
                0x0000000008005ec0       0xa8 Middlewares/Third_Party/FreeRTOS/Source/tasks.o
 .text.xTimerCreateTimerTask
                0x0000000008005f68       0x90 Middlewares/Third_Party/FreeRTOS/Source/timers.o
                0x0000000008005f68                xTimerCreateTimerTask
 .text.xTimerGenericCommand
                0x0000000008005ff8       0x98 Middlewares/Third_Party/FreeRTOS/Source/timers.o
                0x0000000008005ff8                xTimerGenericCommand
 .text.prvProcessExpiredTimer
                0x0000000008006090       0x98 Middlewares/Third_Party/FreeRTOS/Source/timers.o
 .text.prvTimerTask
                0x0000000008006128       0x24 Middlewares/Third_Party/FreeRTOS/Source/timers.o
 .text.prvProcessTimerOrBlockTask
                0x000000000800614c       0x9c Middlewares/Third_Party/FreeRTOS/Source/timers.o
 .text.prvGetNextExpireTime
                0x00000000080061e8       0x48 Middlewares/Third_Party/FreeRTOS/Source/timers.o
 .text.prvSampleTimeNow
                0x0000000008006230       0x40 Middlewares/Third_Party/FreeRTOS/Source/timers.o
 .text.prvInsertTimerInActiveList
                0x0000000008006270       0x84 Middlewares/Third_Party/FreeRTOS/Source/timers.o
 .text.prvProcessReceivedCommands
                0x00000000080062f4      0x1b8 Middlewares/Third_Party/FreeRTOS/Source/timers.o
 .text.prvSwitchTimerLists
                0x00000000080064ac       0xc8 Middlewares/Third_Party/FreeRTOS/Source/timers.o
 .text.prvCheckForValidListAndQueue
                0x0000000008006574       0x80 Middlewares/Third_Party/FreeRTOS/Source/timers.o
 .text.pxPortInitialiseStack
                0x00000000080065f4       0x68 Middlewares/Third_Party/FreeRTOS/Source/portable/GCC/ARM_CM4F/port.o
                0x00000000080065f4                pxPortInitialiseStack
 .text.prvTaskExitError
                0x000000000800665c       0x54 Middlewares/Third_Party/FreeRTOS/Source/portable/GCC/ARM_CM4F/port.o
 .text.SVC_Handler
                0x00000000080066b0       0x28 Middlewares/Third_Party/FreeRTOS/Source/portable/GCC/ARM_CM4F/port.o
                0x00000000080066b0                SVC_Handler
 .text.prvPortStartFirstTask
                0x00000000080066d8       0x28 Middlewares/Third_Party/FreeRTOS/Source/portable/GCC/ARM_CM4F/port.o
 .text.xPortStartScheduler
                0x0000000008006700      0x13c Middlewares/Third_Party/FreeRTOS/Source/portable/GCC/ARM_CM4F/port.o
                0x0000000008006700                xPortStartScheduler
 .text.vPortEnterCritical
                0x000000000800683c       0x5c Middlewares/Third_Party/FreeRTOS/Source/portable/GCC/ARM_CM4F/port.o
                0x000000000800683c                vPortEnterCritical
 .text.vPortExitCritical
                0x0000000008006898       0x50 Middlewares/Third_Party/FreeRTOS/Source/portable/GCC/ARM_CM4F/port.o
                0x0000000008006898                vPortExitCritical
 *fill*         0x00000000080068e8        0x8 
 .text.PendSV_Handler
                0x00000000080068f0       0x68 Middlewares/Third_Party/FreeRTOS/Source/portable/GCC/ARM_CM4F/port.o
                0x00000000080068f0                PendSV_Handler
 .text.xPortSysTickHandler
                0x0000000008006958       0x40 Middlewares/Third_Party/FreeRTOS/Source/portable/GCC/ARM_CM4F/port.o
                0x0000000008006958                xPortSysTickHandler
 .text.vPortSetupTimerInterrupt
                0x0000000008006998       0x48 Middlewares/Third_Party/FreeRTOS/Source/portable/GCC/ARM_CM4F/port.o
                0x0000000008006998                vPortSetupTimerInterrupt
 .text.vPortEnableVFP
                0x00000000080069e0       0x14 Middlewares/Third_Party/FreeRTOS/Source/portable/GCC/ARM_CM4F/port.o
 .text.vPortValidateInterruptPriority
                0x00000000080069f4       0x7c Middlewares/Third_Party/FreeRTOS/Source/portable/GCC/ARM_CM4F/port.o
                0x00000000080069f4                vPortValidateInterruptPriority
 .text.pvPortMalloc
                0x0000000008006a70      0x184 Middlewares/Third_Party/FreeRTOS/Source/portable/MemMang/heap_4.o
                0x0000000008006a70                pvPortMalloc
 .text.vPortFree
                0x0000000008006bf4       0xb0 Middlewares/Third_Party/FreeRTOS/Source/portable/MemMang/heap_4.o
                0x0000000008006bf4                vPortFree
 .text.prvHeapInit
                0x0000000008006ca4       0xc4 Middlewares/Third_Party/FreeRTOS/Source/portable/MemMang/heap_4.o
 .text.prvInsertBlockIntoFreeList
                0x0000000008006d68       0xb4 Middlewares/Third_Party/FreeRTOS/Source/portable/MemMang/heap_4.o
 .text.__errno  0x0000000008006e1c        0xc d:/st/stm32cubeide_1.3.0/stm32cubeide/plugins/com.st.stm32cube.ide.mcu.externaltools.gnu-tools-for-stm32.7-2018-q2-update.win32_1.0.0.201904181610/tools/bin/../lib/gcc/arm-none-eabi/7.3.1/../../../../arm-none-eabi/lib/thumb/v7e-m/fpv4-sp/hard\libc_nano.a(lib_a-errno.o)
                0x0000000008006e1c                __errno
 .text.__libc_init_array
                0x0000000008006e28       0x48 d:/st/stm32cubeide_1.3.0/stm32cubeide/plugins/com.st.stm32cube.ide.mcu.externaltools.gnu-tools-for-stm32.7-2018-q2-update.win32_1.0.0.201904181610/tools/bin/../lib/gcc/arm-none-eabi/7.3.1/../../../../arm-none-eabi/lib/thumb/v7e-m/fpv4-sp/hard\libc_nano.a(lib_a-init.o)
                0x0000000008006e28                __libc_init_array
 .text.memcpy   0x0000000008006e70       0x16 d:/st/stm32cubeide_1.3.0/stm32cubeide/plugins/com.st.stm32cube.ide.mcu.externaltools.gnu-tools-for-stm32.7-2018-q2-update.win32_1.0.0.201904181610/tools/bin/../lib/gcc/arm-none-eabi/7.3.1/../../../../arm-none-eabi/lib/thumb/v7e-m/fpv4-sp/hard\libc_nano.a(lib_a-memcpy-stub.o)
                0x0000000008006e70                memcpy
 .text.memset   0x0000000008006e86       0x10 d:/st/stm32cubeide_1.3.0/stm32cubeide/plugins/com.st.stm32cube.ide.mcu.externaltools.gnu-tools-for-stm32.7-2018-q2-update.win32_1.0.0.201904181610/tools/bin/../lib/gcc/arm-none-eabi/7.3.1/../../../../arm-none-eabi/lib/thumb/v7e-m/fpv4-sp/hard\libc_nano.a(lib_a-memset.o)
                0x0000000008006e86                memset
 *fill*         0x0000000008006e96        0x2 
 .text._free_r  0x0000000008006e98       0x9c d:/st/stm32cubeide_1.3.0/stm32cubeide/plugins/com.st.stm32cube.ide.mcu.externaltools.gnu-tools-for-stm32.7-2018-q2-update.win32_1.0.0.201904181610/tools/bin/../lib/gcc/arm-none-eabi/7.3.1/../../../../arm-none-eabi/lib/thumb/v7e-m/fpv4-sp/hard\libc_nano.a(lib_a-nano-freer.o)
                0x0000000008006e98                _free_r
 .text._malloc_r
                0x0000000008006f34       0xb4 d:/st/stm32cubeide_1.3.0/stm32cubeide/plugins/com.st.stm32cube.ide.mcu.externaltools.gnu-tools-for-stm32.7-2018-q2-update.win32_1.0.0.201904181610/tools/bin/../lib/gcc/arm-none-eabi/7.3.1/../../../../arm-none-eabi/lib/thumb/v7e-m/fpv4-sp/hard\libc_nano.a(lib_a-nano-mallocr.o)
                0x0000000008006f34                _malloc_r
 .text._sbrk_r  0x0000000008006fe8       0x20 d:/st/stm32cubeide_1.3.0/stm32cubeide/plugins/com.st.stm32cube.ide.mcu.externaltools.gnu-tools-for-stm32.7-2018-q2-update.win32_1.0.0.201904181610/tools/bin/../lib/gcc/arm-none-eabi/7.3.1/../../../../arm-none-eabi/lib/thumb/v7e-m/fpv4-sp/hard\libc_nano.a(lib_a-sbrkr.o)
                0x0000000008006fe8                _sbrk_r
 .text.sprintf  0x0000000008007008       0x40 d:/st/stm32cubeide_1.3.0/stm32cubeide/plugins/com.st.stm32cube.ide.mcu.externaltools.gnu-tools-for-stm32.7-2018-q2-update.win32_1.0.0.201904181610/tools/bin/../lib/gcc/arm-none-eabi/7.3.1/../../../../arm-none-eabi/lib/thumb/v7e-m/fpv4-sp/hard\libc_nano.a(lib_a-sprintf.o)
                0x0000000008007008                siprintf
                0x0000000008007008                sprintf
 .text.__malloc_lock
                0x0000000008007048        0x2 d:/st/stm32cubeide_1.3.0/stm32cubeide/plugins/com.st.stm32cube.ide.mcu.externaltools.gnu-tools-for-stm32.7-2018-q2-update.win32_1.0.0.201904181610/tools/bin/../lib/gcc/arm-none-eabi/7.3.1/../../../../arm-none-eabi/lib/thumb/v7e-m/fpv4-sp/hard\libc_nano.a(lib_a-mlock.o)
                0x0000000008007048                __malloc_lock
 .text.__malloc_unlock
                0x000000000800704a        0x2 d:/st/stm32cubeide_1.3.0/stm32cubeide/plugins/com.st.stm32cube.ide.mcu.externaltools.gnu-tools-for-stm32.7-2018-q2-update.win32_1.0.0.201904181610/tools/bin/../lib/gcc/arm-none-eabi/7.3.1/../../../../arm-none-eabi/lib/thumb/v7e-m/fpv4-sp/hard\libc_nano.a(lib_a-mlock.o)
                0x000000000800704a                __malloc_unlock
 .text.__ssputs_r
                0x000000000800704c       0xb4 d:/st/stm32cubeide_1.3.0/stm32cubeide/plugins/com.st.stm32cube.ide.mcu.externaltools.gnu-tools-for-stm32.7-2018-q2-update.win32_1.0.0.201904181610/tools/bin/../lib/gcc/arm-none-eabi/7.3.1/../../../../arm-none-eabi/lib/thumb/v7e-m/fpv4-sp/hard\libc_nano.a(lib_a-nano-svfprintf.o)
                0x000000000800704c                __ssputs_r
 .text._svfprintf_r
                0x0000000008007100      0x1f0 d:/st/stm32cubeide_1.3.0/stm32cubeide/plugins/com.st.stm32cube.ide.mcu.externaltools.gnu-tools-for-stm32.7-2018-q2-update.win32_1.0.0.201904181610/tools/bin/../lib/gcc/arm-none-eabi/7.3.1/../../../../arm-none-eabi/lib/thumb/v7e-m/fpv4-sp/hard\libc_nano.a(lib_a-nano-svfprintf.o)
                0x0000000008007100                _svfiprintf_r
                0x0000000008007100                _svfprintf_r
 .text._printf_common
                0x00000000080072f0       0xea d:/st/stm32cubeide_1.3.0/stm32cubeide/plugins/com.st.stm32cube.ide.mcu.externaltools.gnu-tools-for-stm32.7-2018-q2-update.win32_1.0.0.201904181610/tools/bin/../lib/gcc/arm-none-eabi/7.3.1/../../../../arm-none-eabi/lib/thumb/v7e-m/fpv4-sp/hard\libc_nano.a(lib_a-nano-vfprintf_i.o)
                0x00000000080072f0                _printf_common
 *fill*         0x00000000080073da        0x2 
 .text._printf_i
                0x00000000080073dc      0x224 d:/st/stm32cubeide_1.3.0/stm32cubeide/plugins/com.st.stm32cube.ide.mcu.externaltools.gnu-tools-for-stm32.7-2018-q2-update.win32_1.0.0.201904181610/tools/bin/../lib/gcc/arm-none-eabi/7.3.1/../../../../arm-none-eabi/lib/thumb/v7e-m/fpv4-sp/hard\libc_nano.a(lib_a-nano-vfprintf_i.o)
                0x00000000080073dc                _printf_i
 .text.memmove  0x0000000008007600       0x32 d:/st/stm32cubeide_1.3.0/stm32cubeide/plugins/com.st.stm32cube.ide.mcu.externaltools.gnu-tools-for-stm32.7-2018-q2-update.win32_1.0.0.201904181610/tools/bin/../lib/gcc/arm-none-eabi/7.3.1/../../../../arm-none-eabi/lib/thumb/v7e-m/fpv4-sp/hard\libc_nano.a(lib_a-memmove.o)
                0x0000000008007600                memmove
 .text._realloc_r
                0x0000000008007632       0x4c d:/st/stm32cubeide_1.3.0/stm32cubeide/plugins/com.st.stm32cube.ide.mcu.externaltools.gnu-tools-for-stm32.7-2018-q2-update.win32_1.0.0.201904181610/tools/bin/../lib/gcc/arm-none-eabi/7.3.1/../../../../arm-none-eabi/lib/thumb/v7e-m/fpv4-sp/hard\libc_nano.a(lib_a-nano-reallocr.o)
                0x0000000008007632                _realloc_r
 .text._malloc_usable_size_r
                0x000000000800767e       0x10 d:/st/stm32cubeide_1.3.0/stm32cubeide/plugins/com.st.stm32cube.ide.mcu.externaltools.gnu-tools-for-stm32.7-2018-q2-update.win32_1.0.0.201904181610/tools/bin/../lib/gcc/arm-none-eabi/7.3.1/../../../../arm-none-eabi/lib/thumb/v7e-m/fpv4-sp/hard\libc_nano.a(lib_a-nano-msizer.o)
                0x000000000800767e                _malloc_usable_size_r
 *(.glue_7)
 .glue_7        0x000000000800768e        0x0 linker stubs
 *(.glue_7t)
 .glue_7t       0x000000000800768e        0x0 linker stubs
 *(.eh_frame)
 *fill*         0x000000000800768e        0x2 
 .eh_frame      0x0000000008007690        0x0 d:/st/stm32cubeide_1.3.0/stm32cubeide/plugins/com.st.stm32cube.ide.mcu.externaltools.gnu-tools-for-stm32.7-2018-q2-update.win32_1.0.0.201904181610/tools/bin/../lib/gcc/arm-none-eabi/7.3.1/thumb/v7e-m/fpv4-sp/hard/crtbegin.o
 *(.init)
 .init          0x0000000008007690        0x4 d:/st/stm32cubeide_1.3.0/stm32cubeide/plugins/com.st.stm32cube.ide.mcu.externaltools.gnu-tools-for-stm32.7-2018-q2-update.win32_1.0.0.201904181610/tools/bin/../lib/gcc/arm-none-eabi/7.3.1/thumb/v7e-m/fpv4-sp/hard/crti.o
                0x0000000008007690                _init
 .init          0x0000000008007694        0x8 d:/st/stm32cubeide_1.3.0/stm32cubeide/plugins/com.st.stm32cube.ide.mcu.externaltools.gnu-tools-for-stm32.7-2018-q2-update.win32_1.0.0.201904181610/tools/bin/../lib/gcc/arm-none-eabi/7.3.1/thumb/v7e-m/fpv4-sp/hard/crtn.o
 *(.fini)
 .fini          0x000000000800769c        0x4 d:/st/stm32cubeide_1.3.0/stm32cubeide/plugins/com.st.stm32cube.ide.mcu.externaltools.gnu-tools-for-stm32.7-2018-q2-update.win32_1.0.0.201904181610/tools/bin/../lib/gcc/arm-none-eabi/7.3.1/thumb/v7e-m/fpv4-sp/hard/crti.o
                0x000000000800769c                _fini
 .fini          0x00000000080076a0        0x8 d:/st/stm32cubeide_1.3.0/stm32cubeide/plugins/com.st.stm32cube.ide.mcu.externaltools.gnu-tools-for-stm32.7-2018-q2-update.win32_1.0.0.201904181610/tools/bin/../lib/gcc/arm-none-eabi/7.3.1/thumb/v7e-m/fpv4-sp/hard/crtn.o
                0x00000000080076a8                . = ALIGN (0x4)
                0x00000000080076a8                _etext = .

.vfp11_veneer   0x00000000080076a8        0x0
 .vfp11_veneer  0x00000000080076a8        0x0 linker stubs

.v4_bx          0x00000000080076a8        0x0
 .v4_bx         0x00000000080076a8        0x0 linker stubs

.iplt           0x00000000080076a8        0x0
 .iplt          0x00000000080076a8        0x0 d:/st/stm32cubeide_1.3.0/stm32cubeide/plugins/com.st.stm32cube.ide.mcu.externaltools.gnu-tools-for-stm32.7-2018-q2-update.win32_1.0.0.201904181610/tools/bin/../lib/gcc/arm-none-eabi/7.3.1/thumb/v7e-m/fpv4-sp/hard/crtbegin.o

.rodata         0x00000000080076a8      0x20c
                0x00000000080076a8                . = ALIGN (0x4)
 *(.rodata)
 .rodata        0x00000000080076a8       0x98 Core/Src/main.o
 .rodata        0x0000000008007740        0x5 Middlewares/Third_Party/FreeRTOS/Source/tasks.o
 *fill*         0x0000000008007745        0x3 
 .rodata        0x0000000008007748        0xd Middlewares/Third_Party/FreeRTOS/Source/timers.o
 *(.rodata*)
 *fill*         0x0000000008007755        0x3 
 .rodata.SX1278_Frequency
                0x0000000008007758        0x3 Core/Src/SX1278.o
 *fill*         0x000000000800775b        0x1 
 .rodata.SX1278_Power
                0x000000000800775c        0x4 Core/Src/SX1278.o
 .rodata.SX1278_SpreadFactor
                0x0000000008007760        0x7 Core/Src/SX1278.o
 *fill*         0x0000000008007767        0x1 
 .rodata.SX1278_LoRaBandwidth
                0x0000000008007768        0xa Core/Src/SX1278.o
 *fill*         0x0000000008007772        0x2 
 .rodata.defaultTask_attributes
                0x0000000008007774       0x24 Core/Src/main.o
                0x0000000008007774                defaultTask_attributes
 .rodata.myTaskSensor1_attributes
                0x0000000008007798       0x24 Core/Src/main.o
                0x0000000008007798                myTaskSensor1_attributes
 .rodata.myTaskLoRa_attributes
                0x00000000080077bc       0x24 Core/Src/main.o
                0x00000000080077bc                myTaskLoRa_attributes
 .rodata.myTaskSensor2_attributes
                0x00000000080077e0       0x24 Core/Src/main.o
                0x00000000080077e0                myTaskSensor2_attributes
 .rodata.myTaskLEDs_attributes
                0x0000000008007804       0x24 Core/Src/main.o
                0x0000000008007804                myTaskLEDs_attributes
 .rodata.myQueueSensor1_attributes
                0x0000000008007828       0x18 Core/Src/main.o
                0x0000000008007828                myQueueSensor1_attributes
 .rodata.myQueueSensor2_attributes
                0x0000000008007840       0x18 Core/Src/main.o
                0x0000000008007840                myQueueSensor2_attributes
 .rodata.myQueueDataSaved_attributes
                0x0000000008007858       0x18 Core/Src/main.o
                0x0000000008007858                myQueueDataSaved_attributes
 .rodata.AHBPrescTable
                0x0000000008007870       0x10 Core/Src/system_stm32f4xx.o
                0x0000000008007870                AHBPrescTable
 .rodata._svfprintf_r.str1.1
                0x0000000008007880       0x11 d:/st/stm32cubeide_1.3.0/stm32cubeide/plugins/com.st.stm32cube.ide.mcu.externaltools.gnu-tools-for-stm32.7-2018-q2-update.win32_1.0.0.201904181610/tools/bin/../lib/gcc/arm-none-eabi/7.3.1/../../../../arm-none-eabi/lib/thumb/v7e-m/fpv4-sp/hard\libc_nano.a(lib_a-nano-svfprintf.o)
 .rodata._printf_i.str1.1
                0x0000000008007891       0x22 d:/st/stm32cubeide_1.3.0/stm32cubeide/plugins/com.st.stm32cube.ide.mcu.externaltools.gnu-tools-for-stm32.7-2018-q2-update.win32_1.0.0.201904181610/tools/bin/../lib/gcc/arm-none-eabi/7.3.1/../../../../arm-none-eabi/lib/thumb/v7e-m/fpv4-sp/hard\libc_nano.a(lib_a-nano-vfprintf_i.o)
                0x00000000080078b4                . = ALIGN (0x4)
 *fill*         0x00000000080078b3        0x1 

.ARM.extab      0x00000000080078b4        0x0
                0x00000000080078b4                . = ALIGN (0x4)
 *(.ARM.extab* .gnu.linkonce.armextab.*)
                0x00000000080078b4                . = ALIGN (0x4)

.ARM            0x00000000080078b4        0x8
                0x00000000080078b4                . = ALIGN (0x4)
                0x00000000080078b4                __exidx_start = .
 *(.ARM.exidx*)
 .ARM.exidx     0x00000000080078b4        0x8 d:/st/stm32cubeide_1.3.0/stm32cubeide/plugins/com.st.stm32cube.ide.mcu.externaltools.gnu-tools-for-stm32.7-2018-q2-update.win32_1.0.0.201904181610/tools/bin/../lib/gcc/arm-none-eabi/7.3.1/thumb/v7e-m/fpv4-sp/hard\libgcc.a(_udivmoddi4.o)
                0x00000000080078bc                __exidx_end = .
                0x00000000080078bc                . = ALIGN (0x4)

.rel.dyn        0x00000000080078bc        0x0
 .rel.iplt      0x00000000080078bc        0x0 d:/st/stm32cubeide_1.3.0/stm32cubeide/plugins/com.st.stm32cube.ide.mcu.externaltools.gnu-tools-for-stm32.7-2018-q2-update.win32_1.0.0.201904181610/tools/bin/../lib/gcc/arm-none-eabi/7.3.1/thumb/v7e-m/fpv4-sp/hard/crtbegin.o

.preinit_array  0x00000000080078bc        0x0
                0x00000000080078bc                . = ALIGN (0x4)
                0x00000000080078bc                PROVIDE (__preinit_array_start = .)
 *(.preinit_array*)
                0x00000000080078bc                PROVIDE (__preinit_array_end = .)
                0x00000000080078bc                . = ALIGN (0x4)

.init_array     0x00000000080078bc        0x4
                0x00000000080078bc                . = ALIGN (0x4)
                0x00000000080078bc                PROVIDE (__init_array_start = .)
 *(SORT_BY_NAME(.init_array.*))
 *(.init_array*)
 .init_array    0x00000000080078bc        0x4 d:/st/stm32cubeide_1.3.0/stm32cubeide/plugins/com.st.stm32cube.ide.mcu.externaltools.gnu-tools-for-stm32.7-2018-q2-update.win32_1.0.0.201904181610/tools/bin/../lib/gcc/arm-none-eabi/7.3.1/thumb/v7e-m/fpv4-sp/hard/crtbegin.o
                0x00000000080078c0                PROVIDE (__init_array_end = .)
                0x00000000080078c0                . = ALIGN (0x4)

.fini_array     0x00000000080078c0        0x4
                0x00000000080078c0                . = ALIGN (0x4)
                [!provide]                        PROVIDE (__fini_array_start = .)
 *(SORT_BY_NAME(.fini_array.*))
 *(.fini_array*)
 .fini_array    0x00000000080078c0        0x4 d:/st/stm32cubeide_1.3.0/stm32cubeide/plugins/com.st.stm32cube.ide.mcu.externaltools.gnu-tools-for-stm32.7-2018-q2-update.win32_1.0.0.201904181610/tools/bin/../lib/gcc/arm-none-eabi/7.3.1/thumb/v7e-m/fpv4-sp/hard/crtbegin.o
                [!provide]                        PROVIDE (__fini_array_end = .)
                0x00000000080078c4                . = ALIGN (0x4)
                0x00000000080078c4                _sidata = LOADADDR (.data)

.data           0x0000000020000000      0x114 load address 0x00000000080078c4
                0x0000000020000000                . = ALIGN (0x4)
                0x0000000020000000                _sdata = .
 *(.data)
 *(.data*)
 .data.trans_sensor
                0x0000000020000000       0xa0 Core/Src/fsm_sensor.o
                0x0000000020000000                trans_sensor
 .data.SystemCoreClock
                0x00000000200000a0        0x4 Core/Src/system_stm32f4xx.o
                0x00000000200000a0                SystemCoreClock
 .data.uwTickPrio
                0x00000000200000a4        0x4 Drivers/STM32F4xx_HAL_Driver/Src/stm32f4xx_hal.o
                0x00000000200000a4                uwTickPrio
 .data.uwTickFreq
                0x00000000200000a8        0x1 Drivers/STM32F4xx_HAL_Driver/Src/stm32f4xx_hal.o
                0x00000000200000a8                uwTickFreq
 *fill*         0x00000000200000a9        0x3 
 .data.uxCriticalNesting
                0x00000000200000ac        0x4 Middlewares/Third_Party/FreeRTOS/Source/portable/GCC/ARM_CM4F/port.o
 .data._impure_ptr
                0x00000000200000b0        0x4 d:/st/stm32cubeide_1.3.0/stm32cubeide/plugins/com.st.stm32cube.ide.mcu.externaltools.gnu-tools-for-stm32.7-2018-q2-update.win32_1.0.0.201904181610/tools/bin/../lib/gcc/arm-none-eabi/7.3.1/../../../../arm-none-eabi/lib/thumb/v7e-m/fpv4-sp/hard\libc_nano.a(lib_a-impure.o)
                0x00000000200000b0                _impure_ptr
 .data.impure_data
                0x00000000200000b4       0x60 d:/st/stm32cubeide_1.3.0/stm32cubeide/plugins/com.st.stm32cube.ide.mcu.externaltools.gnu-tools-for-stm32.7-2018-q2-update.win32_1.0.0.201904181610/tools/bin/../lib/gcc/arm-none-eabi/7.3.1/../../../../arm-none-eabi/lib/thumb/v7e-m/fpv4-sp/hard\libc_nano.a(lib_a-impure.o)
                0x0000000020000114                . = ALIGN (0x4)
                0x0000000020000114                _edata = .

.igot.plt       0x0000000020000114        0x0 load address 0x00000000080079d8
 .igot.plt      0x0000000020000114        0x0 d:/st/stm32cubeide_1.3.0/stm32cubeide/plugins/com.st.stm32cube.ide.mcu.externaltools.gnu-tools-for-stm32.7-2018-q2-update.win32_1.0.0.201904181610/tools/bin/../lib/gcc/arm-none-eabi/7.3.1/thumb/v7e-m/fpv4-sp/hard/crtbegin.o
                0x0000000020000114                . = ALIGN (0x4)

.bss            0x0000000020000114     0x4bec load address 0x00000000080079d8
                0x0000000020000114                _sbss = .
                0x0000000020000114                __bss_start__ = _sbss
 *(.bss)
 .bss           0x0000000020000114       0x1c d:/st/stm32cubeide_1.3.0/stm32cubeide/plugins/com.st.stm32cube.ide.mcu.externaltools.gnu-tools-for-stm32.7-2018-q2-update.win32_1.0.0.201904181610/tools/bin/../lib/gcc/arm-none-eabi/7.3.1/thumb/v7e-m/fpv4-sp/hard/crtbegin.o
 *(.bss*)
 .bss.heap_end.6424
                0x0000000020000130        0x4 Core/Src/sysmem.o
 .bss.KernelState
                0x0000000020000134        0x4 Middlewares/Third_Party/FreeRTOS/Source/CMSIS_RTOS_V2/cmsis_os2.o
 .bss.Idle_TCB  0x0000000020000138       0x5c Middlewares/Third_Party/FreeRTOS/Source/CMSIS_RTOS_V2/cmsis_os2.o
 .bss.Idle_Stack
                0x0000000020000194      0x200 Middlewares/Third_Party/FreeRTOS/Source/CMSIS_RTOS_V2/cmsis_os2.o
 .bss.Timer_TCB
                0x0000000020000394       0x5c Middlewares/Third_Party/FreeRTOS/Source/CMSIS_RTOS_V2/cmsis_os2.o
 .bss.Timer_Stack
                0x00000000200003f0      0x400 Middlewares/Third_Party/FreeRTOS/Source/CMSIS_RTOS_V2/cmsis_os2.o
 .bss.pxCurrentTCB
                0x00000000200007f0        0x4 Middlewares/Third_Party/FreeRTOS/Source/tasks.o
                0x00000000200007f0                pxCurrentTCB
 .bss.pxReadyTasksLists
                0x00000000200007f4      0x460 Middlewares/Third_Party/FreeRTOS/Source/tasks.o
 .bss.xDelayedTaskList1
                0x0000000020000c54       0x14 Middlewares/Third_Party/FreeRTOS/Source/tasks.o
 .bss.xDelayedTaskList2
                0x0000000020000c68       0x14 Middlewares/Third_Party/FreeRTOS/Source/tasks.o
 .bss.pxDelayedTaskList
                0x0000000020000c7c        0x4 Middlewares/Third_Party/FreeRTOS/Source/tasks.o
 .bss.pxOverflowDelayedTaskList
                0x0000000020000c80        0x4 Middlewares/Third_Party/FreeRTOS/Source/tasks.o
 .bss.xPendingReadyList
                0x0000000020000c84       0x14 Middlewares/Third_Party/FreeRTOS/Source/tasks.o
 .bss.xTasksWaitingTermination
                0x0000000020000c98       0x14 Middlewares/Third_Party/FreeRTOS/Source/tasks.o
 .bss.uxDeletedTasksWaitingCleanUp
                0x0000000020000cac        0x4 Middlewares/Third_Party/FreeRTOS/Source/tasks.o
 .bss.xSuspendedTaskList
                0x0000000020000cb0       0x14 Middlewares/Third_Party/FreeRTOS/Source/tasks.o
 .bss.uxCurrentNumberOfTasks
                0x0000000020000cc4        0x4 Middlewares/Third_Party/FreeRTOS/Source/tasks.o
 .bss.xTickCount
                0x0000000020000cc8        0x4 Middlewares/Third_Party/FreeRTOS/Source/tasks.o
 .bss.uxTopReadyPriority
                0x0000000020000ccc        0x4 Middlewares/Third_Party/FreeRTOS/Source/tasks.o
 .bss.xSchedulerRunning
                0x0000000020000cd0        0x4 Middlewares/Third_Party/FreeRTOS/Source/tasks.o
 .bss.uxPendedTicks
                0x0000000020000cd4        0x4 Middlewares/Third_Party/FreeRTOS/Source/tasks.o
 .bss.xYieldPending
                0x0000000020000cd8        0x4 Middlewares/Third_Party/FreeRTOS/Source/tasks.o
 .bss.xNumOfOverflows
                0x0000000020000cdc        0x4 Middlewares/Third_Party/FreeRTOS/Source/tasks.o
 .bss.uxTaskNumber
                0x0000000020000ce0        0x4 Middlewares/Third_Party/FreeRTOS/Source/tasks.o
 .bss.xNextTaskUnblockTime
                0x0000000020000ce4        0x4 Middlewares/Third_Party/FreeRTOS/Source/tasks.o
 .bss.xIdleTaskHandle
                0x0000000020000ce8        0x4 Middlewares/Third_Party/FreeRTOS/Source/tasks.o
 .bss.uxSchedulerSuspended
                0x0000000020000cec        0x4 Middlewares/Third_Party/FreeRTOS/Source/tasks.o
 .bss.xActiveTimerList1
                0x0000000020000cf0       0x14 Middlewares/Third_Party/FreeRTOS/Source/timers.o
 .bss.xActiveTimerList2
                0x0000000020000d04       0x14 Middlewares/Third_Party/FreeRTOS/Source/timers.o
 .bss.pxCurrentTimerList
                0x0000000020000d18        0x4 Middlewares/Third_Party/FreeRTOS/Source/timers.o
 .bss.pxOverflowTimerList
                0x0000000020000d1c        0x4 Middlewares/Third_Party/FreeRTOS/Source/timers.o
 .bss.xTimerQueue
                0x0000000020000d20        0x4 Middlewares/Third_Party/FreeRTOS/Source/timers.o
 .bss.xTimerTaskHandle
                0x0000000020000d24        0x4 Middlewares/Third_Party/FreeRTOS/Source/timers.o
 .bss.xLastTime.6743
                0x0000000020000d28        0x4 Middlewares/Third_Party/FreeRTOS/Source/timers.o
 .bss.ucStaticTimerQueueStorage.6794
                0x0000000020000d2c       0xa0 Middlewares/Third_Party/FreeRTOS/Source/timers.o
 .bss.xStaticTimerQueue.6793
                0x0000000020000dcc       0x50 Middlewares/Third_Party/FreeRTOS/Source/timers.o
 .bss.ucMaxSysCallPriority
                0x0000000020000e1c        0x1 Middlewares/Third_Party/FreeRTOS/Source/portable/GCC/ARM_CM4F/port.o
 *fill*         0x0000000020000e1d        0x3 
 .bss.ulMaxPRIGROUPValue
                0x0000000020000e20        0x4 Middlewares/Third_Party/FreeRTOS/Source/portable/GCC/ARM_CM4F/port.o
 .bss.ucHeap    0x0000000020000e24     0x3c00 Middlewares/Third_Party/FreeRTOS/Source/portable/MemMang/heap_4.o
 .bss.xStart    0x0000000020004a24        0x8 Middlewares/Third_Party/FreeRTOS/Source/portable/MemMang/heap_4.o
 .bss.pxEnd     0x0000000020004a2c        0x4 Middlewares/Third_Party/FreeRTOS/Source/portable/MemMang/heap_4.o
 .bss.xFreeBytesRemaining
                0x0000000020004a30        0x4 Middlewares/Third_Party/FreeRTOS/Source/portable/MemMang/heap_4.o
 .bss.xMinimumEverFreeBytesRemaining
                0x0000000020004a34        0x4 Middlewares/Third_Party/FreeRTOS/Source/portable/MemMang/heap_4.o
 .bss.xBlockAllocatedBit
                0x0000000020004a38        0x4 Middlewares/Third_Party/FreeRTOS/Source/portable/MemMang/heap_4.o
 .bss.__malloc_free_list
                0x0000000020004a3c        0x4 d:/st/stm32cubeide_1.3.0/stm32cubeide/plugins/com.st.stm32cube.ide.mcu.externaltools.gnu-tools-for-stm32.7-2018-q2-update.win32_1.0.0.201904181610/tools/bin/../lib/gcc/arm-none-eabi/7.3.1/../../../../arm-none-eabi/lib/thumb/v7e-m/fpv4-sp/hard\libc_nano.a(lib_a-nano-mallocr.o)
                0x0000000020004a3c                __malloc_free_list
 .bss.__malloc_sbrk_start
                0x0000000020004a40        0x4 d:/st/stm32cubeide_1.3.0/stm32cubeide/plugins/com.st.stm32cube.ide.mcu.externaltools.gnu-tools-for-stm32.7-2018-q2-update.win32_1.0.0.201904181610/tools/bin/../lib/gcc/arm-none-eabi/7.3.1/../../../../arm-none-eabi/lib/thumb/v7e-m/fpv4-sp/hard\libc_nano.a(lib_a-nano-mallocr.o)
                0x0000000020004a40                __malloc_sbrk_start
 *(COMMON)
 COMMON         0x0000000020004a44       0x48 Core/Src/adc.o
                0x0000000020004a44                hadc1
 COMMON         0x0000000020004a8c        0x2 Core/Src/fsm_sensor.o
                0x0000000020004a8c                sensor_state
                0x0000000020004a8d                adc_timer
 *fill*         0x0000000020004a8e        0x2 
 COMMON         0x0000000020004a90      0x1d0 Core/Src/main.o
                0x0000000020004a90                myTaskLoRaHandle
                0x0000000020004a94                defaultTaskHandle
                0x0000000020004a98                sensor2_ON
                0x0000000020004a9c                myQueueSensor2Handle
                0x0000000020004aa0                sensor1_ON
                0x0000000020004aa4                myTaskSensor1Handle
                0x0000000020004aa8                myQueueDataSavedHandle
                0x0000000020004aac                myTaskLEDsHandle
                0x0000000020004ab0                SX1278
                0x0000000020004bbc                myQueueSensor1Handle
                0x0000000020004bc0                myTaskSensor2Handle
                0x0000000020004bc4                SX1278_hw
                0x0000000020004be0                data_ring_buff
 COMMON         0x0000000020004c60       0x58 Core/Src/spi.o
                0x0000000020004c60                hspi1
 COMMON         0x0000000020004cb8        0x4 Drivers/STM32F4xx_HAL_Driver/Src/stm32f4xx_hal.o
                0x0000000020004cb8                uwTick
 COMMON         0x0000000020004cbc       0x40 Middlewares/Third_Party/FreeRTOS/Source/queue.o
                0x0000000020004cbc                xQueueRegistry
 COMMON         0x0000000020004cfc        0x4 d:/st/stm32cubeide_1.3.0/stm32cubeide/plugins/com.st.stm32cube.ide.mcu.externaltools.gnu-tools-for-stm32.7-2018-q2-update.win32_1.0.0.201904181610/tools/bin/../lib/gcc/arm-none-eabi/7.3.1/../../../../arm-none-eabi/lib/thumb/v7e-m/fpv4-sp/hard\libc_nano.a(lib_a-reent.o)
                0x0000000020004cfc                errno
                0x0000000020004d00                . = ALIGN (0x4)
                0x0000000020004d00                _ebss = .
                0x0000000020004d00                __bss_end__ = _ebss

._user_heap_stack
                0x0000000020004d00      0x600 load address 0x00000000080079d8
                0x0000000020004d00                . = ALIGN (0x8)
                0x0000000020004d00                PROVIDE (end = .)
                [!provide]                        PROVIDE (_end = .)
                0x0000000020004f00                . = (. + _Min_Heap_Size)
 *fill*         0x0000000020004d00      0x200 
                0x0000000020005300                . = (. + _Min_Stack_Size)
 *fill*         0x0000000020004f00      0x400 
                0x0000000020005300                . = ALIGN (0x8)

/DISCARD/
 libc.a(*)
 libm.a(*)
 libgcc.a(*)

.ARM.attributes
                0x0000000000000000       0x30
 *(.ARM.attributes)
 .ARM.attributes
                0x0000000000000000       0x22 d:/st/stm32cubeide_1.3.0/stm32cubeide/plugins/com.st.stm32cube.ide.mcu.externaltools.gnu-tools-for-stm32.7-2018-q2-update.win32_1.0.0.201904181610/tools/bin/../lib/gcc/arm-none-eabi/7.3.1/thumb/v7e-m/fpv4-sp/hard/crti.o
 .ARM.attributes
                0x0000000000000022       0x34 d:/st/stm32cubeide_1.3.0/stm32cubeide/plugins/com.st.stm32cube.ide.mcu.externaltools.gnu-tools-for-stm32.7-2018-q2-update.win32_1.0.0.201904181610/tools/bin/../lib/gcc/arm-none-eabi/7.3.1/thumb/v7e-m/fpv4-sp/hard/crtbegin.o
 .ARM.attributes
                0x0000000000000056       0x39 Core/Src/SX1278.o
 .ARM.attributes
                0x000000000000008f       0x39 Core/Src/adc.o
 .ARM.attributes
                0x00000000000000c8       0x39 Core/Src/fsm.o
 .ARM.attributes
                0x0000000000000101       0x39 Core/Src/fsm_sensor.o
 .ARM.attributes
                0x000000000000013a       0x39 Core/Src/gpio.o
 .ARM.attributes
                0x0000000000000173       0x39 Core/Src/main.o
 .ARM.attributes
                0x00000000000001ac       0x39 Core/Src/ring_buf.o
 .ARM.attributes
                0x00000000000001e5       0x39 Core/Src/spi.o
 .ARM.attributes
                0x000000000000021e       0x39 Core/Src/stm32f4xx_hal_msp.o
 .ARM.attributes
                0x0000000000000257       0x39 Core/Src/stm32f4xx_it.o
 .ARM.attributes
                0x0000000000000290       0x39 Core/Src/sysmem.o
 .ARM.attributes
                0x00000000000002c9       0x39 Core/Src/system_stm32f4xx.o
 .ARM.attributes
                0x0000000000000302       0x21 Core/Startup/startup_stm32f411vetx.o
 .ARM.attributes
                0x0000000000000323       0x39 Drivers/STM32F4xx_HAL_Driver/Src/stm32f4xx_hal.o
 .ARM.attributes
                0x000000000000035c       0x39 Drivers/STM32F4xx_HAL_Driver/Src/stm32f4xx_hal_adc.o
 .ARM.attributes
                0x0000000000000395       0x39 Drivers/STM32F4xx_HAL_Driver/Src/stm32f4xx_hal_cortex.o
 .ARM.attributes
                0x00000000000003ce       0x39 Drivers/STM32F4xx_HAL_Driver/Src/stm32f4xx_hal_gpio.o
 .ARM.attributes
                0x0000000000000407       0x39 Drivers/STM32F4xx_HAL_Driver/Src/stm32f4xx_hal_rcc.o
 .ARM.attributes
                0x0000000000000440       0x39 Drivers/STM32F4xx_HAL_Driver/Src/stm32f4xx_hal_spi.o
 .ARM.attributes
                0x0000000000000479       0x39 Middlewares/Third_Party/FreeRTOS/Source/CMSIS_RTOS_V2/cmsis_os2.o
 .ARM.attributes
                0x00000000000004b2       0x39 Middlewares/Third_Party/FreeRTOS/Source/list.o
 .ARM.attributes
                0x00000000000004eb       0x39 Middlewares/Third_Party/FreeRTOS/Source/queue.o
 .ARM.attributes
                0x0000000000000524       0x39 Middlewares/Third_Party/FreeRTOS/Source/tasks.o
 .ARM.attributes
                0x000000000000055d       0x39 Middlewares/Third_Party/FreeRTOS/Source/timers.o
 .ARM.attributes
                0x0000000000000596       0x39 Middlewares/Third_Party/FreeRTOS/Source/portable/GCC/ARM_CM4F/port.o
 .ARM.attributes
                0x00000000000005cf       0x39 Middlewares/Third_Party/FreeRTOS/Source/portable/MemMang/heap_4.o
 .ARM.attributes
                0x0000000000000608       0x34 d:/st/stm32cubeide_1.3.0/stm32cubeide/plugins/com.st.stm32cube.ide.mcu.externaltools.gnu-tools-for-stm32.7-2018-q2-update.win32_1.0.0.201904181610/tools/bin/../lib/gcc/arm-none-eabi/7.3.1/../../../../arm-none-eabi/lib/thumb/v7e-m/fpv4-sp/hard\libc_nano.a(lib_a-errno.o)
 .ARM.attributes
                0x000000000000063c       0x34 d:/st/stm32cubeide_1.3.0/stm32cubeide/plugins/com.st.stm32cube.ide.mcu.externaltools.gnu-tools-for-stm32.7-2018-q2-update.win32_1.0.0.201904181610/tools/bin/../lib/gcc/arm-none-eabi/7.3.1/../../../../arm-none-eabi/lib/thumb/v7e-m/fpv4-sp/hard\libc_nano.a(lib_a-impure.o)
 .ARM.attributes
                0x0000000000000670       0x34 d:/st/stm32cubeide_1.3.0/stm32cubeide/plugins/com.st.stm32cube.ide.mcu.externaltools.gnu-tools-for-stm32.7-2018-q2-update.win32_1.0.0.201904181610/tools/bin/../lib/gcc/arm-none-eabi/7.3.1/../../../../arm-none-eabi/lib/thumb/v7e-m/fpv4-sp/hard\libc_nano.a(lib_a-init.o)
 .ARM.attributes
                0x00000000000006a4       0x34 d:/st/stm32cubeide_1.3.0/stm32cubeide/plugins/com.st.stm32cube.ide.mcu.externaltools.gnu-tools-for-stm32.7-2018-q2-update.win32_1.0.0.201904181610/tools/bin/../lib/gcc/arm-none-eabi/7.3.1/../../../../arm-none-eabi/lib/thumb/v7e-m/fpv4-sp/hard\libc_nano.a(lib_a-memcpy-stub.o)
 .ARM.attributes
                0x00000000000006d8       0x34 d:/st/stm32cubeide_1.3.0/stm32cubeide/plugins/com.st.stm32cube.ide.mcu.externaltools.gnu-tools-for-stm32.7-2018-q2-update.win32_1.0.0.201904181610/tools/bin/../lib/gcc/arm-none-eabi/7.3.1/../../../../arm-none-eabi/lib/thumb/v7e-m/fpv4-sp/hard\libc_nano.a(lib_a-memset.o)
 .ARM.attributes
                0x000000000000070c       0x34 d:/st/stm32cubeide_1.3.0/stm32cubeide/plugins/com.st.stm32cube.ide.mcu.externaltools.gnu-tools-for-stm32.7-2018-q2-update.win32_1.0.0.201904181610/tools/bin/../lib/gcc/arm-none-eabi/7.3.1/../../../../arm-none-eabi/lib/thumb/v7e-m/fpv4-sp/hard\libc_nano.a(lib_a-nano-freer.o)
 .ARM.attributes
                0x0000000000000740       0x34 d:/st/stm32cubeide_1.3.0/stm32cubeide/plugins/com.st.stm32cube.ide.mcu.externaltools.gnu-tools-for-stm32.7-2018-q2-update.win32_1.0.0.201904181610/tools/bin/../lib/gcc/arm-none-eabi/7.3.1/../../../../arm-none-eabi/lib/thumb/v7e-m/fpv4-sp/hard\libc_nano.a(lib_a-nano-mallocr.o)
 .ARM.attributes
                0x0000000000000774       0x34 d:/st/stm32cubeide_1.3.0/stm32cubeide/plugins/com.st.stm32cube.ide.mcu.externaltools.gnu-tools-for-stm32.7-2018-q2-update.win32_1.0.0.201904181610/tools/bin/../lib/gcc/arm-none-eabi/7.3.1/../../../../arm-none-eabi/lib/thumb/v7e-m/fpv4-sp/hard\libc_nano.a(lib_a-sbrkr.o)
 .ARM.attributes
                0x00000000000007a8       0x34 d:/st/stm32cubeide_1.3.0/stm32cubeide/plugins/com.st.stm32cube.ide.mcu.externaltools.gnu-tools-for-stm32.7-2018-q2-update.win32_1.0.0.201904181610/tools/bin/../lib/gcc/arm-none-eabi/7.3.1/../../../../arm-none-eabi/lib/thumb/v7e-m/fpv4-sp/hard\libc_nano.a(lib_a-sprintf.o)
 .ARM.attributes
                0x00000000000007dc       0x34 d:/st/stm32cubeide_1.3.0/stm32cubeide/plugins/com.st.stm32cube.ide.mcu.externaltools.gnu-tools-for-stm32.7-2018-q2-update.win32_1.0.0.201904181610/tools/bin/../lib/gcc/arm-none-eabi/7.3.1/../../../../arm-none-eabi/lib/thumb/v7e-m/fpv4-sp/hard\libc_nano.a(lib_a-mlock.o)
 .ARM.attributes
                0x0000000000000810       0x34 d:/st/stm32cubeide_1.3.0/stm32cubeide/plugins/com.st.stm32cube.ide.mcu.externaltools.gnu-tools-for-stm32.7-2018-q2-update.win32_1.0.0.201904181610/tools/bin/../lib/gcc/arm-none-eabi/7.3.1/../../../../arm-none-eabi/lib/thumb/v7e-m/fpv4-sp/hard\libc_nano.a(lib_a-nano-svfprintf.o)
 .ARM.attributes
                0x0000000000000844       0x34 d:/st/stm32cubeide_1.3.0/stm32cubeide/plugins/com.st.stm32cube.ide.mcu.externaltools.gnu-tools-for-stm32.7-2018-q2-update.win32_1.0.0.201904181610/tools/bin/../lib/gcc/arm-none-eabi/7.3.1/../../../../arm-none-eabi/lib/thumb/v7e-m/fpv4-sp/hard\libc_nano.a(lib_a-nano-vfprintf_i.o)
 .ARM.attributes
                0x0000000000000878       0x34 d:/st/stm32cubeide_1.3.0/stm32cubeide/plugins/com.st.stm32cube.ide.mcu.externaltools.gnu-tools-for-stm32.7-2018-q2-update.win32_1.0.0.201904181610/tools/bin/../lib/gcc/arm-none-eabi/7.3.1/../../../../arm-none-eabi/lib/thumb/v7e-m/fpv4-sp/hard\libc_nano.a(lib_a-reent.o)
 .ARM.attributes
                0x00000000000008ac       0x20 d:/st/stm32cubeide_1.3.0/stm32cubeide/plugins/com.st.stm32cube.ide.mcu.externaltools.gnu-tools-for-stm32.7-2018-q2-update.win32_1.0.0.201904181610/tools/bin/../lib/gcc/arm-none-eabi/7.3.1/../../../../arm-none-eabi/lib/thumb/v7e-m/fpv4-sp/hard\libc_nano.a(lib_a-memchr.o)
 .ARM.attributes
                0x00000000000008cc       0x34 d:/st/stm32cubeide_1.3.0/stm32cubeide/plugins/com.st.stm32cube.ide.mcu.externaltools.gnu-tools-for-stm32.7-2018-q2-update.win32_1.0.0.201904181610/tools/bin/../lib/gcc/arm-none-eabi/7.3.1/../../../../arm-none-eabi/lib/thumb/v7e-m/fpv4-sp/hard\libc_nano.a(lib_a-memmove.o)
 .ARM.attributes
                0x0000000000000900       0x34 d:/st/stm32cubeide_1.3.0/stm32cubeide/plugins/com.st.stm32cube.ide.mcu.externaltools.gnu-tools-for-stm32.7-2018-q2-update.win32_1.0.0.201904181610/tools/bin/../lib/gcc/arm-none-eabi/7.3.1/../../../../arm-none-eabi/lib/thumb/v7e-m/fpv4-sp/hard\libc_nano.a(lib_a-nano-reallocr.o)
 .ARM.attributes
                0x0000000000000934       0x34 d:/st/stm32cubeide_1.3.0/stm32cubeide/plugins/com.st.stm32cube.ide.mcu.externaltools.gnu-tools-for-stm32.7-2018-q2-update.win32_1.0.0.201904181610/tools/bin/../lib/gcc/arm-none-eabi/7.3.1/../../../../arm-none-eabi/lib/thumb/v7e-m/fpv4-sp/hard\libc_nano.a(lib_a-nano-msizer.o)
 .ARM.attributes
                0x0000000000000968       0x22 d:/st/stm32cubeide_1.3.0/stm32cubeide/plugins/com.st.stm32cube.ide.mcu.externaltools.gnu-tools-for-stm32.7-2018-q2-update.win32_1.0.0.201904181610/tools/bin/../lib/gcc/arm-none-eabi/7.3.1/thumb/v7e-m/fpv4-sp/hard\libgcc.a(_aeabi_uldivmod.o)
 .ARM.attributes
                0x000000000000098a       0x34 d:/st/stm32cubeide_1.3.0/stm32cubeide/plugins/com.st.stm32cube.ide.mcu.externaltools.gnu-tools-for-stm32.7-2018-q2-update.win32_1.0.0.201904181610/tools/bin/../lib/gcc/arm-none-eabi/7.3.1/thumb/v7e-m/fpv4-sp/hard\libgcc.a(_udivmoddi4.o)
 .ARM.attributes
                0x00000000000009be       0x22 d:/st/stm32cubeide_1.3.0/stm32cubeide/plugins/com.st.stm32cube.ide.mcu.externaltools.gnu-tools-for-stm32.7-2018-q2-update.win32_1.0.0.201904181610/tools/bin/../lib/gcc/arm-none-eabi/7.3.1/thumb/v7e-m/fpv4-sp/hard\libgcc.a(_dvmd_tls.o)
 .ARM.attributes
                0x00000000000009e0       0x22 d:/st/stm32cubeide_1.3.0/stm32cubeide/plugins/com.st.stm32cube.ide.mcu.externaltools.gnu-tools-for-stm32.7-2018-q2-update.win32_1.0.0.201904181610/tools/bin/../lib/gcc/arm-none-eabi/7.3.1/thumb/v7e-m/fpv4-sp/hard/crtn.o
OUTPUT(AquaSmart.elf elf32-littlearm)

.debug_info     0x0000000000000000    0x19962
 .debug_info    0x0000000000000000     0x171b Core/Src/SX1278.o
 .debug_info    0x000000000000171b      0xa02 Core/Src/adc.o
 .debug_info    0x000000000000211d      0x9e4 Core/Src/fsm.o
 .debug_info    0x0000000000002b01      0xf12 Core/Src/fsm_sensor.o
 .debug_info    0x0000000000003a13      0x4f2 Core/Src/gpio.o
 .debug_info    0x0000000000003f05     0x2102 Core/Src/main.o
 .debug_info    0x0000000000006007      0xb04 Core/Src/ring_buf.o
 .debug_info    0x0000000000006b0b      0x9d9 Core/Src/spi.o
 .debug_info    0x00000000000074e4      0x520 Core/Src/stm32f4xx_hal_msp.o
 .debug_info    0x0000000000007a04      0x1fa Core/Src/stm32f4xx_it.o
 .debug_info    0x0000000000007bfe      0x91c Core/Src/sysmem.o
 .debug_info    0x000000000000851a      0x57e Core/Src/system_stm32f4xx.o
 .debug_info    0x0000000000008a98       0x22 Core/Startup/startup_stm32f411vetx.o
 .debug_info    0x0000000000008aba      0x8d5 Drivers/STM32F4xx_HAL_Driver/Src/stm32f4xx_hal.o
 .debug_info    0x000000000000938f      0xce6 Drivers/STM32F4xx_HAL_Driver/Src/stm32f4xx_hal_adc.o
 .debug_info    0x000000000000a075      0xd98 Drivers/STM32F4xx_HAL_Driver/Src/stm32f4xx_hal_cortex.o
 .debug_info    0x000000000000ae0d      0x7d7 Drivers/STM32F4xx_HAL_Driver/Src/stm32f4xx_hal_gpio.o
 .debug_info    0x000000000000b5e4      0x92a Drivers/STM32F4xx_HAL_Driver/Src/stm32f4xx_hal_rcc.o
 .debug_info    0x000000000000bf0e     0x1632 Drivers/STM32F4xx_HAL_Driver/Src/stm32f4xx_hal_spi.o
 .debug_info    0x000000000000d540     0x401f Middlewares/Third_Party/FreeRTOS/Source/CMSIS_RTOS_V2/cmsis_os2.o
 .debug_info    0x000000000001155f      0xacb Middlewares/Third_Party/FreeRTOS/Source/list.o
 .debug_info    0x000000000001202a     0x239c Middlewares/Third_Party/FreeRTOS/Source/queue.o
 .debug_info    0x00000000000143c6     0x29c5 Middlewares/Third_Party/FreeRTOS/Source/tasks.o
 .debug_info    0x0000000000016d8b     0x1aba Middlewares/Third_Party/FreeRTOS/Source/timers.o
 .debug_info    0x0000000000018845      0x533 Middlewares/Third_Party/FreeRTOS/Source/portable/GCC/ARM_CM4F/port.o
 .debug_info    0x0000000000018d78      0xbea Middlewares/Third_Party/FreeRTOS/Source/portable/MemMang/heap_4.o

.debug_abbrev   0x0000000000000000     0x34c4
 .debug_abbrev  0x0000000000000000      0x29a Core/Src/SX1278.o
 .debug_abbrev  0x000000000000029a      0x199 Core/Src/adc.o
 .debug_abbrev  0x0000000000000433      0x1e6 Core/Src/fsm.o
 .debug_abbrev  0x0000000000000619      0x200 Core/Src/fsm_sensor.o
 .debug_abbrev  0x0000000000000819      0x134 Core/Src/gpio.o
 .debug_abbrev  0x000000000000094d      0x272 Core/Src/main.o
 .debug_abbrev  0x0000000000000bbf      0x1f8 Core/Src/ring_buf.o
 .debug_abbrev  0x0000000000000db7      0x199 Core/Src/spi.o
 .debug_abbrev  0x0000000000000f50      0x112 Core/Src/stm32f4xx_hal_msp.o
 .debug_abbrev  0x0000000000001062       0xc6 Core/Src/stm32f4xx_it.o
 .debug_abbrev  0x0000000000001128      0x1bb Core/Src/sysmem.o
 .debug_abbrev  0x00000000000012e3      0x12b Core/Src/system_stm32f4xx.o
 .debug_abbrev  0x000000000000140e       0x12 Core/Startup/startup_stm32f411vetx.o
 .debug_abbrev  0x0000000000001420      0x1f2 Drivers/STM32F4xx_HAL_Driver/Src/stm32f4xx_hal.o
 .debug_abbrev  0x0000000000001612      0x1cd Drivers/STM32F4xx_HAL_Driver/Src/stm32f4xx_hal_adc.o
 .debug_abbrev  0x00000000000017df      0x2fa Drivers/STM32F4xx_HAL_Driver/Src/stm32f4xx_hal_cortex.o
 .debug_abbrev  0x0000000000001ad9      0x1c9 Drivers/STM32F4xx_HAL_Driver/Src/stm32f4xx_hal_gpio.o
 .debug_abbrev  0x0000000000001ca2      0x245 Drivers/STM32F4xx_HAL_Driver/Src/stm32f4xx_hal_rcc.o
 .debug_abbrev  0x0000000000001ee7      0x240 Drivers/STM32F4xx_HAL_Driver/Src/stm32f4xx_hal_spi.o
 .debug_abbrev  0x0000000000002127      0x3c3 Middlewares/Third_Party/FreeRTOS/Source/CMSIS_RTOS_V2/cmsis_os2.o
 .debug_abbrev  0x00000000000024ea      0x1cf Middlewares/Third_Party/FreeRTOS/Source/list.o
 .debug_abbrev  0x00000000000026b9      0x336 Middlewares/Third_Party/FreeRTOS/Source/queue.o
 .debug_abbrev  0x00000000000029ef      0x350 Middlewares/Third_Party/FreeRTOS/Source/tasks.o
 .debug_abbrev  0x0000000000002d3f      0x2d7 Middlewares/Third_Party/FreeRTOS/Source/timers.o
 .debug_abbrev  0x0000000000003016      0x210 Middlewares/Third_Party/FreeRTOS/Source/portable/GCC/ARM_CM4F/port.o
 .debug_abbrev  0x0000000000003226      0x29e Middlewares/Third_Party/FreeRTOS/Source/portable/MemMang/heap_4.o

.debug_aranges  0x0000000000000000     0x10f0
 .debug_aranges
                0x0000000000000000       0xf8 Core/Src/SX1278.o
 .debug_aranges
                0x00000000000000f8       0x30 Core/Src/adc.o
 .debug_aranges
                0x0000000000000128       0x30 Core/Src/fsm.o
 .debug_aranges
                0x0000000000000158       0xb0 Core/Src/fsm_sensor.o
 .debug_aranges
                0x0000000000000208       0x20 Core/Src/gpio.o
 .debug_aranges
                0x0000000000000228       0x78 Core/Src/main.o
 .debug_aranges
                0x00000000000002a0       0x30 Core/Src/ring_buf.o
 .debug_aranges
                0x00000000000002d0       0x30 Core/Src/spi.o
 .debug_aranges
                0x0000000000000300       0x20 Core/Src/stm32f4xx_hal_msp.o
 .debug_aranges
                0x0000000000000320       0x50 Core/Src/stm32f4xx_it.o
 .debug_aranges
                0x0000000000000370       0x20 Core/Src/sysmem.o
 .debug_aranges
                0x0000000000000390       0x28 Core/Src/system_stm32f4xx.o
 .debug_aranges
                0x00000000000003b8       0x28 Core/Startup/startup_stm32f411vetx.o
 .debug_aranges
                0x00000000000003e0       0xf0 Drivers/STM32F4xx_HAL_Driver/Src/stm32f4xx_hal.o
 .debug_aranges
                0x00000000000004d0       0xe8 Drivers/STM32F4xx_HAL_Driver/Src/stm32f4xx_hal_adc.o
 .debug_aranges
                0x00000000000005b8      0x118 Drivers/STM32F4xx_HAL_Driver/Src/stm32f4xx_hal_cortex.o
 .debug_aranges
                0x00000000000006d0       0x58 Drivers/STM32F4xx_HAL_Driver/Src/stm32f4xx_hal_gpio.o
 .debug_aranges
                0x0000000000000728       0x88 Drivers/STM32F4xx_HAL_Driver/Src/stm32f4xx_hal_rcc.o
 .debug_aranges
                0x00000000000007b0      0x1d0 Drivers/STM32F4xx_HAL_Driver/Src/stm32f4xx_hal_spi.o
 .debug_aranges
                0x0000000000000980      0x228 Middlewares/Third_Party/FreeRTOS/Source/CMSIS_RTOS_V2/cmsis_os2.o
 .debug_aranges
                0x0000000000000ba8       0x40 Middlewares/Third_Party/FreeRTOS/Source/list.o
 .debug_aranges
                0x0000000000000be8      0x158 Middlewares/Third_Party/FreeRTOS/Source/queue.o
 .debug_aranges
                0x0000000000000d40      0x1f8 Middlewares/Third_Party/FreeRTOS/Source/tasks.o
 .debug_aranges
                0x0000000000000f38       0xe8 Middlewares/Third_Party/FreeRTOS/Source/timers.o
 .debug_aranges
                0x0000000000001020       0x80 Middlewares/Third_Party/FreeRTOS/Source/portable/GCC/ARM_CM4F/port.o
 .debug_aranges
                0x00000000000010a0       0x50 Middlewares/Third_Party/FreeRTOS/Source/portable/MemMang/heap_4.o

.debug_ranges   0x0000000000000000      0xf58
 .debug_ranges  0x0000000000000000       0xe8 Core/Src/SX1278.o
 .debug_ranges  0x00000000000000e8       0x20 Core/Src/adc.o
 .debug_ranges  0x0000000000000108       0x20 Core/Src/fsm.o
 .debug_ranges  0x0000000000000128       0xa0 Core/Src/fsm_sensor.o
 .debug_ranges  0x00000000000001c8       0x10 Core/Src/gpio.o
 .debug_ranges  0x00000000000001d8       0x68 Core/Src/main.o
 .debug_ranges  0x0000000000000240       0x20 Core/Src/ring_buf.o
 .debug_ranges  0x0000000000000260       0x20 Core/Src/spi.o
 .debug_ranges  0x0000000000000280       0x10 Core/Src/stm32f4xx_hal_msp.o
 .debug_ranges  0x0000000000000290       0x40 Core/Src/stm32f4xx_it.o
 .debug_ranges  0x00000000000002d0       0x10 Core/Src/sysmem.o
 .debug_ranges  0x00000000000002e0       0x18 Core/Src/system_stm32f4xx.o
 .debug_ranges  0x00000000000002f8       0x20 Core/Startup/startup_stm32f411vetx.o
 .debug_ranges  0x0000000000000318       0xe0 Drivers/STM32F4xx_HAL_Driver/Src/stm32f4xx_hal.o
 .debug_ranges  0x00000000000003f8       0xd8 Drivers/STM32F4xx_HAL_Driver/Src/stm32f4xx_hal_adc.o
 .debug_ranges  0x00000000000004d0      0x108 Drivers/STM32F4xx_HAL_Driver/Src/stm32f4xx_hal_cortex.o
 .debug_ranges  0x00000000000005d8       0x48 Drivers/STM32F4xx_HAL_Driver/Src/stm32f4xx_hal_gpio.o
 .debug_ranges  0x0000000000000620       0x78 Drivers/STM32F4xx_HAL_Driver/Src/stm32f4xx_hal_rcc.o
 .debug_ranges  0x0000000000000698      0x1c0 Drivers/STM32F4xx_HAL_Driver/Src/stm32f4xx_hal_spi.o
 .debug_ranges  0x0000000000000858      0x218 Middlewares/Third_Party/FreeRTOS/Source/CMSIS_RTOS_V2/cmsis_os2.o
 .debug_ranges  0x0000000000000a70       0x30 Middlewares/Third_Party/FreeRTOS/Source/list.o
 .debug_ranges  0x0000000000000aa0      0x148 Middlewares/Third_Party/FreeRTOS/Source/queue.o
 .debug_ranges  0x0000000000000be8      0x1e8 Middlewares/Third_Party/FreeRTOS/Source/tasks.o
 .debug_ranges  0x0000000000000dd0       0xd8 Middlewares/Third_Party/FreeRTOS/Source/timers.o
 .debug_ranges  0x0000000000000ea8       0x70 Middlewares/Third_Party/FreeRTOS/Source/portable/GCC/ARM_CM4F/port.o
 .debug_ranges  0x0000000000000f18       0x40 Middlewares/Third_Party/FreeRTOS/Source/portable/MemMang/heap_4.o

.debug_macro    0x0000000000000000    0x19a78
 .debug_macro   0x0000000000000000      0x2cf Core/Src/SX1278.o
 .debug_macro   0x00000000000002cf      0xa5a Core/Src/SX1278.o
 .debug_macro   0x0000000000000d29       0x22 Core/Src/SX1278.o
 .debug_macro   0x0000000000000d4b       0x8e Core/Src/SX1278.o
 .debug_macro   0x0000000000000dd9       0x51 Core/Src/SX1278.o
 .debug_macro   0x0000000000000e2a       0xef Core/Src/SX1278.o
 .debug_macro   0x0000000000000f19       0x6a Core/Src/SX1278.o
 .debug_macro   0x0000000000000f83      0x1df Core/Src/SX1278.o
 .debug_macro   0x0000000000001162       0x22 Core/Src/SX1278.o
 .debug_macro   0x0000000000001184      0x38b Core/Src/SX1278.o
 .debug_macro   0x000000000000150f       0x46 Core/Src/SX1278.o
 .debug_macro   0x0000000000001555       0x18 Core/Src/SX1278.o
 .debug_macro   0x000000000000156d       0x3c Core/Src/SX1278.o
 .debug_macro   0x00000000000015a9       0x34 Core/Src/SX1278.o
 .debug_macro   0x00000000000015dd      0x174 Core/Src/SX1278.o
 .debug_macro   0x0000000000001751       0x52 Core/Src/SX1278.o
 .debug_macro   0x00000000000017a3       0x1f Core/Src/SX1278.o
 .debug_macro   0x00000000000017c2       0x43 Core/Src/SX1278.o
 .debug_macro   0x0000000000001805       0x20 Core/Src/SX1278.o
 .debug_macro   0x0000000000001825      0x1a3 Core/Src/SX1278.o
 .debug_macro   0x00000000000019c8      0x330 Core/Src/SX1278.o
 .debug_macro   0x0000000000001cf8       0x10 Core/Src/SX1278.o
 .debug_macro   0x0000000000001d08       0x35 Core/Src/SX1278.o
 .debug_macro   0x0000000000001d3d       0x20 Core/Src/SX1278.o
 .debug_macro   0x0000000000001d5d      0x18a Core/Src/SX1278.o
 .debug_macro   0x0000000000001ee7       0x2e Core/Src/SX1278.o
 .debug_macro   0x0000000000001f15       0x28 Core/Src/SX1278.o
 .debug_macro   0x0000000000001f3d       0x1c Core/Src/SX1278.o
 .debug_macro   0x0000000000001f59       0x22 Core/Src/SX1278.o
 .debug_macro   0x0000000000001f7b       0xd9 Core/Src/SX1278.o
 .debug_macro   0x0000000000002054     0x102d Core/Src/SX1278.o
 .debug_macro   0x0000000000003081      0x11f Core/Src/SX1278.o
 .debug_macro   0x00000000000031a0     0xb937 Core/Src/SX1278.o
 .debug_macro   0x000000000000ead7       0x43 Core/Src/SX1278.o
 .debug_macro   0x000000000000eb1a     0x3659 Core/Src/SX1278.o
 .debug_macro   0x0000000000012173       0x54 Core/Src/SX1278.o
 .debug_macro   0x00000000000121c7      0x447 Core/Src/SX1278.o
 .debug_macro   0x000000000001260e      0x9fe Core/Src/SX1278.o
 .debug_macro   0x000000000001300c      0x15f Core/Src/SX1278.o
 .debug_macro   0x000000000001316b      0x117 Core/Src/SX1278.o
 .debug_macro   0x0000000000013282      0x11b Core/Src/SX1278.o
 .debug_macro   0x000000000001339d       0x27 Core/Src/SX1278.o
 .debug_macro   0x00000000000133c4      0x287 Core/Src/SX1278.o
 .debug_macro   0x000000000001364b       0x5f Core/Src/SX1278.o
 .debug_macro   0x00000000000136aa      0x236 Core/Src/SX1278.o
 .debug_macro   0x00000000000138e0      0x391 Core/Src/SX1278.o
 .debug_macro   0x0000000000013c71      0x17d Core/Src/SX1278.o
 .debug_macro   0x0000000000013dee       0xf9 Core/Src/SX1278.o
 .debug_macro   0x0000000000013ee7      0x132 Core/Src/SX1278.o
 .debug_macro   0x0000000000014019      0x264 Core/Src/SX1278.o
 .debug_macro   0x000000000001427d       0x2e Core/Src/SX1278.o
 .debug_macro   0x00000000000142ab      0x11a Core/Src/SX1278.o