Archive member included to satisfy reference by file (symbol)

d:/st/stm32cubeide_1.3.0/stm32cubeide/plugins/com.st.stm32cube.ide.mcu.externaltools.gnu-tools-for-stm32.7-2018-q2-update.win32_1.0.0.201904181610/tools/bin/../lib/gcc/arm-none-eabi/7.3.1/../../../../arm-none-eabi/lib/thumb/v7e-m/fpv4-sp/hard\libc_nano.a(lib_a-errno.o)
                              Core/Src/syscalls.o (__errno)
d:/st/stm32cubeide_1.3.0/stm32cubeide/plugins/com.st.stm32cube.ide.mcu.externaltools.gnu-tools-for-stm32.7-2018-q2-update.win32_1.0.0.201904181610/tools/bin/../lib/gcc/arm-none-eabi/7.3.1/../../../../arm-none-eabi/lib/thumb/v7e-m/fpv4-sp/hard\libc_nano.a(lib_a-exit.o)
                              d:/st/stm32cubeide_1.3.0/stm32cubeide/plugins/com.st.stm32cube.ide.mcu.externaltools.gnu-tools-for-stm32.7-2018-q2-update.win32_1.0.0.201904181610/tools/bin/../lib/gcc/arm-none-eabi/7.3.1/../../../../arm-none-eabi/lib/thumb/v7e-m/fpv4-sp/hard/crt0.o (exit)
d:/st/stm32cubeide_1.3.0/stm32cubeide/plugins/com.st.stm32cube.ide.mcu.externaltools.gnu-tools-for-stm32.7-2018-q2-update.win32_1.0.0.201904181610/tools/bin/../lib/gcc/arm-none-eabi/7.3.1/../../../../arm-none-eabi/lib/thumb/v7e-m/fpv4-sp/hard\libc_nano.a(lib_a-impure.o)
                              d:/st/stm32cubeide_1.3.0/stm32cubeide/plugins/com.st.stm32cube.ide.mcu.externaltools.gnu-tools-for-stm32.7-2018-q2-update.win32_1.0.0.201904181610/tools/bin/../lib/gcc/arm-none-eabi/7.3.1/../../../../arm-none-eabi/lib/thumb/v7e-m/fpv4-sp/hard\libc_nano.a(lib_a-exit.o) (_global_impure_ptr)
d:/st/stm32cubeide_1.3.0/stm32cubeide/plugins/com.st.stm32cube.ide.mcu.externaltools.gnu-tools-for-stm32.7-2018-q2-update.win32_1.0.0.201904181610/tools/bin/../lib/gcc/arm-none-eabi/7.3.1/../../../../arm-none-eabi/lib/thumb/v7e-m/fpv4-sp/hard\libc_nano.a(lib_a-init.o)
                              d:/st/stm32cubeide_1.3.0/stm32cubeide/plugins/com.st.stm32cube.ide.mcu.externaltools.gnu-tools-for-stm32.7-2018-q2-update.win32_1.0.0.201904181610/tools/bin/../lib/gcc/arm-none-eabi/7.3.1/../../../../arm-none-eabi/lib/thumb/v7e-m/fpv4-sp/hard/crt0.o (__libc_init_array)
d:/st/stm32cubeide_1.3.0/stm32cubeide/plugins/com.st.stm32cube.ide.mcu.externaltools.gnu-tools-for-stm32.7-2018-q2-update.win32_1.0.0.201904181610/tools/bin/../lib/gcc/arm-none-eabi/7.3.1/../../../../arm-none-eabi/lib/thumb/v7e-m/fpv4-sp/hard\libc_nano.a(lib_a-malloc.o)
                              Core/Src/fsm.o (malloc)
d:/st/stm32cubeide_1.3.0/stm32cubeide/plugins/com.st.stm32cube.ide.mcu.externaltools.gnu-tools-for-stm32.7-2018-q2-update.win32_1.0.0.201904181610/tools/bin/../lib/gcc/arm-none-eabi/7.3.1/../../../../arm-none-eabi/lib/thumb/v7e-m/fpv4-sp/hard\libc_nano.a(lib_a-memcpy-stub.o)
                              Core/Src/SX1278.o (memcpy)
d:/st/stm32cubeide_1.3.0/stm32cubeide/plugins/com.st.stm32cube.ide.mcu.externaltools.gnu-tools-for-stm32.7-2018-q2-update.win32_1.0.0.201904181610/tools/bin/../lib/gcc/arm-none-eabi/7.3.1/../../../../arm-none-eabi/lib/thumb/v7e-m/fpv4-sp/hard\libc_nano.a(lib_a-memset.o)
                              d:/st/stm32cubeide_1.3.0/stm32cubeide/plugins/com.st.stm32cube.ide.mcu.externaltools.gnu-tools-for-stm32.7-2018-q2-update.win32_1.0.0.201904181610/tools/bin/../lib/gcc/arm-none-eabi/7.3.1/../../../../arm-none-eabi/lib/thumb/v7e-m/fpv4-sp/hard/crt0.o (memset)
d:/st/stm32cubeide_1.3.0/stm32cubeide/plugins/com.st.stm32cube.ide.mcu.externaltools.gnu-tools-for-stm32.7-2018-q2-update.win32_1.0.0.201904181610/tools/bin/../lib/gcc/arm-none-eabi/7.3.1/../../../../arm-none-eabi/lib/thumb/v7e-m/fpv4-sp/hard\libc_nano.a(lib_a-nano-freer.o)
                              d:/st/stm32cubeide_1.3.0/stm32cubeide/plugins/com.st.stm32cube.ide.mcu.externaltools.gnu-tools-for-stm32.7-2018-q2-update.win32_1.0.0.201904181610/tools/bin/../lib/gcc/arm-none-eabi/7.3.1/../../../../arm-none-eabi/lib/thumb/v7e-m/fpv4-sp/hard\libc_nano.a(lib_a-malloc.o) (_free_r)
d:/st/stm32cubeide_1.3.0/stm32cubeide/plugins/com.st.stm32cube.ide.mcu.externaltools.gnu-tools-for-stm32.7-2018-q2-update.win32_1.0.0.201904181610/tools/bin/../lib/gcc/arm-none-eabi/7.3.1/../../../../arm-none-eabi/lib/thumb/v7e-m/fpv4-sp/hard\libc_nano.a(lib_a-nano-mallocr.o)
                              d:/st/stm32cubeide_1.3.0/stm32cubeide/plugins/com.st.stm32cube.ide.mcu.externaltools.gnu-tools-for-stm32.7-2018-q2-update.win32_1.0.0.201904181610/tools/bin/../lib/gcc/arm-none-eabi/7.3.1/../../../../arm-none-eabi/lib/thumb/v7e-m/fpv4-sp/hard\libc_nano.a(lib_a-malloc.o) (_malloc_r)
d:/st/stm32cubeide_1.3.0/stm32cubeide/plugins/com.st.stm32cube.ide.mcu.externaltools.gnu-tools-for-stm32.7-2018-q2-update.win32_1.0.0.201904181610/tools/bin/../lib/gcc/arm-none-eabi/7.3.1/../../../../arm-none-eabi/lib/thumb/v7e-m/fpv4-sp/hard\libc_nano.a(lib_a-sbrkr.o)
[...]
Memory Configuration

Name             Origin             Length             Attributes
CCMRAM           0x0000000010000000 0x0000000000010000 xrw
RAM              0x0000000020000000 0x0000000000020000 xrw
FLASH            0x0000000008000000 0x0000000000100000 xr
*default*        0x0000000000000000 0xffffffffffffffff

Linker script and memory map

LOAD d:/st/stm32cubeide_1.3.0/stm32cubeide/plugins/com.st.stm32cube.ide.mcu.externaltools.gnu-tools-for-stm32.7-2018-q2-update.win32_1.0.0.201904181610/tools/bin/../lib/gcc/arm-none-eabi/7.3.1/thumb/v7e-m/fpv4-sp/hard/crti.o
LOAD d:/st/stm32cubeide_1.3.0/stm32cubeide/plugins/com.st.stm32cube.ide.mcu.externaltools.gnu-tools-for-stm32.7-2018-q2-update.win32_1.0.0.201904181610/tools/bin/../lib/gcc/arm-none-eabi/7.3.1/thumb/v7e-m/fpv4-sp/hard/crtbegin.o
LOAD d:/st/stm32cubeide_1.3.0/stm32cubeide/plugins/com.st.stm32cube.ide.mcu.externaltools.gnu-tools-for-stm32.7-2018-q2-update.win32_1.0.0.201904181610/tools/bin/../lib/gcc/arm-none-eabi/7.3.1/../../../../arm-none-eabi/lib/thumb/v7e-m/fpv4-sp/hard/crt0.o
LOAD Core/Src/LoRa_comm.o
LOAD Core/Src/SX1278.o
LOAD Core/Src/freertos.o
LOAD Core/Src/fsm.o
LOAD Core/Src/fsm_sensor.o
LOAD Core/Src/main.o
LOAD Core/Src/ring_buf.o
LOAD Core/Src/stm32f4xx_hal_msp.o
LOAD Core/Src/stm32f4xx_it.o
LOAD Core/Src/syscalls.o
LOAD Core/Src/sysmem.o
LOAD Core/Src/system_stm32f4xx.o
LOAD Core/Startup/startup_stm32f407vgtx.o
LOAD Drivers/STM32F4xx_HAL_Driver/Src/stm32f4xx_hal.o
LOAD Drivers/STM32F4xx_HAL_Driver/Src/stm32f4xx_hal_adc.o
LOAD Drivers/STM32F4xx_HAL_Driver/Src/stm32f4xx_hal_adc_ex.o
LOAD Drivers/STM32F4xx_HAL_Driver/Src/stm32f4xx_hal_cortex.o
LOAD Drivers/STM32F4xx_HAL_Driver/Src/stm32f4xx_hal_dma.o
LOAD Drivers/STM32F4xx_HAL_Driver/Src/stm32f4xx_hal_dma_ex.o
LOAD Drivers/STM32F4xx_HAL_Driver/Src/stm32f4xx_hal_exti.o
LOAD Drivers/STM32F4xx_HAL_Driver/Src/stm32f4xx_hal_flash.o
LOAD Drivers/STM32F4xx_HAL_Driver/Src/stm32f4xx_hal_flash_ex.o
LOAD Drivers/STM32F4xx_HAL_Driver/Src/stm32f4xx_hal_flash_ramfunc.o
LOAD Drivers/STM32F4xx_HAL_Driver/Src/stm32f4xx_hal_gpio.o
LOAD Drivers/STM32F4xx_HAL_Driver/Src/stm32f4xx_hal_pwr.o
LOAD Drivers/STM32F4xx_HAL_Driver/Src/stm32f4xx_hal_pwr_ex.o
LOAD Drivers/STM32F4xx_HAL_Driver/Src/stm32f4xx_hal_rcc.o
LOAD Drivers/STM32F4xx_HAL_Driver/Src/stm32f4xx_hal_rcc_ex.o
LOAD Drivers/STM32F4xx_HAL_Driver/Src/stm32f4xx_hal_spi.o
LOAD Drivers/STM32F4xx_HAL_Driver/Src/stm32f4xx_hal_tim.o
LOAD Drivers/STM32F4xx_HAL_Driver/Src/stm32f4xx_hal_tim_ex.o
LOAD Middlewares/Third_Party/FreeRTOS/Source/CMSIS_RTOS_V2/cmsis_os2.o
LOAD Middlewares/Third_Party/FreeRTOS/Source/croutine.o
LOAD Middlewares/Third_Party/FreeRTOS/Source/event_groups.o
LOAD Middlewares/Third_Party/FreeRTOS/Source/list.o
LOAD Middlewares/Third_Party/FreeRTOS/Source/queue.o
LOAD Middlewares/Third_Party/FreeRTOS/Source/stream_buffer.o
LOAD Middlewares/Third_Party/FreeRTOS/Source/tasks.o
LOAD Middlewares/Third_Party/FreeRTOS/Source/timers.o
LOAD Middlewares/Third_Party/FreeRTOS/Source/portable/GCC/ARM_CM4F/port.o
LOAD Middlewares/Third_Party/FreeRTOS/Source/portable/MemMang/heap_4.o
START GROUP
LOAD d:/st/stm32cubeide_1.3.0/stm32cubeide/plugins/com.st.stm32cube.ide.mcu.externaltools.gnu-tools-for-stm32.7-2018-q2-update.win32_1.0.0.201904181610/tools/bin/../lib/gcc/arm-none-eabi/7.3.1/../../../../arm-none-eabi/lib/thumb/v7e-m/fpv4-sp/hard\libc_nano.a
LOAD d:/st/stm32cubeide_1.3.0/stm32cubeide/plugins/com.st.stm32cube.ide.mcu.externaltools.gnu-tools-for-stm32.7-2018-q2-update.win32_1.0.0.201904181610/tools/bin/../lib/gcc/arm-none-eabi/7.3.1/../../../../arm-none-eabi/lib/thumb/v7e-m/fpv4-sp/hard\libm.a
END GROUP
START GROUP
LOAD d:/st/stm32cubeide_1.3.0/stm32cubeide/plugins/com.st.stm32cube.ide.mcu.externaltools.gnu-tools-for-stm32.7-2018-q2-update.win32_1.0.0.201904181610/tools/bin/../lib/gcc/arm-none-eabi/7.3.1/thumb/v7e-m/fpv4-sp/hard\libgcc.a
LOAD d:/st/stm32cubeide_1.3.0/stm32cubeide/plugins/com.st.stm32cube.ide.mcu.externaltools.gnu-tools-for-stm32.7-2018-q2-update.win32_1.0.0.201904181610/tools/bin/../lib/gcc/arm-none-eabi/7.3.1/../../../../arm-none-eabi/lib/thumb/v7e-m/fpv4-sp/hard\libc_nano.a
END GROUP
START GROUP
LOAD d:/st/stm32cubeide_1.3.0/stm32cubeide/plugins/com.st.stm32cube.ide.mcu.externaltools.gnu-tools-for-stm32.7-2018-q2-update.win32_1.0.0.201904181610/tools/bin/../lib/gcc/arm-none-eabi/7.3.1/thumb/v7e-m/fpv4-sp/hard\libgcc.a
LOAD d:/st/stm32cubeide_1.3.0/stm32cubeide/plugins/com.st.stm32cube.ide.mcu.externaltools.gnu-tools-for-stm32.7-2018-q2-update.win32_1.0.0.201904181610/tools/bin/../lib/gcc/arm-none-eabi/7.3.1/../../../../arm-none-eabi/lib/thumb/v7e-m/fpv4-sp/hard\libc_nano.a
LOAD d:/st/stm32cubeide_1.3.0/stm32cubeide/plugins/com.st.stm32cube.ide.mcu.externaltools.gnu-tools-for-stm32.7-2018-q2-update.win32_1.0.0.201904181610/tools/bin/../lib/gcc/arm-none-eabi/7.3.1/../../../../arm-none-eabi/lib/thumb/v7e-m/fpv4-sp/hard\libnosys.a
END GROUP
START GROUP
LOAD d:/st/stm32cubeide_1.3.0/stm32cubeide/plugins/com.st.stm32cube.ide.mcu.externaltools.gnu-tools-for-stm32.7-2018-q2-update.win32_1.0.0.201904181610/tools/bin/../lib/gcc/arm-none-eabi/7.3.1/thumb/v7e-m/fpv4-sp/hard\libgcc.a
LOAD d:/st/stm32cubeide_1.3.0/stm32cubeide/plugins/com.st.stm32cube.ide.mcu.externaltools.gnu-tools-for-stm32.7-2018-q2-update.win32_1.0.0.201904181610/tools/bin/../lib/gcc/arm-none-eabi/7.3.1/../../../../arm-none-eabi/lib/thumb/v7e-m/fpv4-sp/hard\libc_nano.a
LOAD d:/st/stm32cubeide_1.3.0/stm32cubeide/plugins/com.st.stm32cube.ide.mcu.externaltools.gnu-tools-for-stm32.7-2018-q2-update.win32_1.0.0.201904181610/tools/bin/../lib/gcc/arm-none-eabi/7.3.1/../../../../arm-none-eabi/lib/thumb/v7e-m/fpv4-sp/hard\libnosys.a
END GROUP
LOAD d:/st/stm32cubeide_1.3.0/stm32cubeide/plugins/com.st.stm32cube.ide.mcu.externaltools.gnu-tools-for-stm32.7-2018-q2-update.win32_1.0.0.201904181610/tools/bin/../lib/gcc/arm-none-eabi/7.3.1/thumb/v7e-m/fpv4-sp/hard/crtend.o
LOAD d:/st/stm32cubeide_1.3.0/stm32cubeide/plugins/com.st.stm32cube.ide.mcu.externaltools.gnu-tools-for-stm32.7-2018-q2-update.win32_1.0.0.201904181610/tools/bin/../lib/gcc/arm-none-eabi/7.3.1/thumb/v7e-m/fpv4-sp/hard/crtn.o
                0x0000000020020000                _estack = (ORIGIN (RAM) + LENGTH (RAM))
                0x0000000000000200                _Min_Heap_Size = 0x200
                0x0000000000000400                _Min_Stack_Size = 0x400

.isr_vector     0x0000000008000000      0x188
                0x0000000008000000                . = ALIGN (0x4)
 *(.isr_vector)
 .isr_vector    0x0000000008000000      0x188 Core/Startup/startup_stm32f407vgtx.o
                0x0000000008000000                g_pfnVectors
                0x0000000008000188                . = ALIGN (0x4)

.text           0x0000000008000190     0x7ab0
                0x0000000008000190                . = ALIGN (0x4)
 *(.text)
 .text          0x0000000008000190       0x40 d:/st/stm32cubeide_1.3.0/stm32cubeide/plugins/com.st.stm32cube.ide.mcu.externaltools.gnu-tools-for-stm32.7-2018-q2-update.win32_1.0.0.201904181610/tools/bin/../lib/gcc/arm-none-eabi/7.3.1/thumb/v7e-m/fpv4-sp/hard/crtbegin.o
 .text          0x00000000080001d0       0xa0 d:/st/stm32cubeide_1.3.0/stm32cubeide/plugins/com.st.stm32cube.ide.mcu.externaltools.gnu-tools-for-stm32.7-2018-q2-update.win32_1.0.0.201904181610/tools/bin/../lib/gcc/arm-none-eabi/7.3.1/../../../../arm-none-eabi/lib/thumb/v7e-m/fpv4-sp/hard\libc_nano.a(lib_a-memchr.o)
                0x00000000080001d0                memchr
 .text          0x0000000008000270       0x30 d:/st/stm32cubeide_1.3.0/stm32cubeide/plugins/com.st.stm32cube.ide.mcu.externaltools.gnu-tools-for-stm32.7-2018-q2-update.win32_1.0.0.201904181610/tools/bin/../lib/gcc/arm-none-eabi/7.3.1/thumb/v7e-m/fpv4-sp/hard\libgcc.a(_aeabi_uldivmod.o)
                0x0000000008000270                __aeabi_uldivmod
 .text          0x00000000080002a0      0x2cc d:/st/stm32cubeide_1.3.0/stm32cubeide/plugins/com.st.stm32cube.ide.mcu.externaltools.gnu-tools-for-stm32.7-2018-q2-update.win32_1.0.0.201904181610/tools/bin/../lib/gcc/arm-none-eabi/7.3.1/thumb/v7e-m/fpv4-sp/hard\libgcc.a(_udivmoddi4.o)
                0x00000000080002a0                __udivmoddi4
 .text          0x000000000800056c        0x4 d:/st/stm32cubeide_1.3.0/stm32cubeide/plugins/com.st.stm32cube.ide.mcu.externaltools.gnu-tools-for-stm32.7-2018-q2-update.win32_1.0.0.201904181610/tools/bin/../lib/gcc/arm-none-eabi/7.3.1/thumb/v7e-m/fpv4-sp/hard\libgcc.a(_dvmd_tls.o)
                0x000000000800056c                __aeabi_idiv0
                0x000000000800056c                __aeabi_ldiv0
 *(.text*)
 .text.LoRa_initialization
                0x0000000008000570       0xb4 Core/Src/LoRa_comm.o
                0x0000000008000570                LoRa_initialization
 .text.send_data
                0x0000000008000624       0x94 Core/Src/LoRa_comm.o
                0x0000000008000624                send_data
 .text.receive_data
                0x00000000080006b8       0x34 Core/Src/LoRa_comm.o
                0x00000000080006b8                receive_data
 .text.save_new_data
                0x00000000080006ec       0x24 Core/Src/LoRa_comm.o
                0x00000000080006ec                save_new_data
 .text.SX1278_hw_init
                0x0000000008000710       0x2a Core/Src/SX1278.o
                0x0000000008000710                SX1278_hw_init
 .text.SX1278_hw_SetNSS
                0x000000000800073a       0x2e Core/Src/SX1278.o
                0x000000000800073a                SX1278_hw_SetNSS
 .text.SX1278_hw_Reset
                0x0000000008000768       0x48 Core/Src/SX1278.o
                0x0000000008000768                SX1278_hw_Reset
 .text.SX1278_hw_SPICommand
                0x00000000080007b0       0x3e Core/Src/SX1278.o
                0x00000000080007b0                SX1278_hw_SPICommand
 .text.SX1278_hw_SPIReadByte
                0x00000000080007ee       0x4c Core/Src/SX1278.o
                0x00000000080007ee                SX1278_hw_SPIReadByte
 .text.SX1278_hw_DelayMs
                0x000000000800083a       0x16 Core/Src/SX1278.o
                0x000000000800083a                SX1278_hw_DelayMs
 .text.SX1278_hw_GetDIO0
                0x0000000008000850       0x2e Core/Src/SX1278.o
                0x0000000008000850                SX1278_hw_GetDIO0
 .text.SX1278_SPIRead
                0x000000000800087e       0x3e Core/Src/SX1278.o
                0x000000000800087e                SX1278_SPIRead
 .text.SX1278_SPIWrite
                0x00000000080008bc       0x52 Core/Src/SX1278.o
                0x00000000080008bc                SX1278_SPIWrite
 .text.SX1278_SPIBurstRead
                0x000000000800090e       0x72 Core/Src/SX1278.o
                0x000000000800090e                SX1278_SPIBurstRead
 .text.SX1278_SPIBurstWrite
                0x0000000008000980       0x76 Core/Src/SX1278.o
                0x0000000008000980                SX1278_SPIBurstWrite
 .text.SX1278_defaultConfig
                0x00000000080009f6       0x2a Core/Src/SX1278.o
                0x00000000080009f6                SX1278_defaultConfig
 .text.SX1278_config
                0x0000000008000a20      0x154 Core/Src/SX1278.o
                0x0000000008000a20                SX1278_config
 .text.SX1278_standby
                0x0000000008000b74       0x20 Core/Src/SX1278.o
                0x0000000008000b74                SX1278_standby
 .text.SX1278_sleep
                0x0000000008000b94       0x20 Core/Src/SX1278.o
                0x0000000008000b94                SX1278_sleep
 .text.SX1278_entryLoRa
                0x0000000008000bb4       0x1a Core/Src/SX1278.o
                0x0000000008000bb4                SX1278_entryLoRa
 .text.SX1278_clearLoRaIrq
                0x0000000008000bce       0x1a Core/Src/SX1278.o
                0x0000000008000bce                SX1278_clearLoRaIrq
 .text.SX1278_LoRaEntryRx
                0x0000000008000be8       0xca Core/Src/SX1278.o
                0x0000000008000be8                SX1278_LoRaEntryRx
 .text.SX1278_LoRaRxPacket
                0x0000000008000cb2       0x88 Core/Src/SX1278.o
                0x0000000008000cb2                SX1278_LoRaRxPacket
 .text.SX1278_LoRaEntryTx
                0x0000000008000d3a       0xb0 Core/Src/SX1278.o
                0x0000000008000d3a                SX1278_LoRaEntryTx
 .text.SX1278_LoRaTxPacket
                0x0000000008000dea       0x7e Core/Src/SX1278.o
                0x0000000008000dea                SX1278_LoRaTxPacket
 .text.SX1278_begin
                0x0000000008000e68       0x50 Core/Src/SX1278.o
                0x0000000008000e68                SX1278_begin
 .text.SX1278_read
                0x0000000008000eb8       0x4c Core/Src/SX1278.o
                0x0000000008000eb8                SX1278_read
 .text.PreSleepProcessing
                0x0000000008000f04       0x14 Core/Src/freertos.o
                0x0000000008000f04                PreSleepProcessing
 .text.PostSleepProcessing
                0x0000000008000f18       0x14 Core/Src/freertos.o
                0x0000000008000f18                PostSleepProcessing
 .text.fsm_init
                0x0000000008000f2c       0x24 Core/Src/fsm.o
                0x0000000008000f2c                fsm_init
 .text.fsm_fire
                0x0000000008000f50       0x5e Core/Src/fsm.o
                0x0000000008000f50                fsm_fire
 .text.data_saved
                0x0000000008000fae       0x16 Core/Src/fsm_sensor.o
                0x0000000008000fae                data_saved
 .text.error    0x0000000008000fc4       0x38 Core/Src/fsm_sensor.o
                0x0000000008000fc4                error
 .text.no_error
                0x0000000008000ffc       0x38 Core/Src/fsm_sensor.o
                0x0000000008000ffc                no_error
 .text.timer_sleep
                0x0000000008001034       0x36 Core/Src/fsm_sensor.o
                0x0000000008001034                timer_sleep
 *fill*         0x000000000800106a        0x2 
 .text.timer_adc
                0x000000000800106c       0x28 Core/Src/fsm_sensor.o
                0x000000000800106c                timer_adc
 .text.timer_setup
                0x0000000008001094       0x2e Core/Src/fsm_sensor.o
                0x0000000008001094                timer_setup
 .text.warned   0x00000000080010c2       0x2c Core/Src/fsm_sensor.o
                0x00000000080010c2                warned
 .text.timer_measure
                0x00000000080010ee       0x40 Core/Src/fsm_sensor.o
                0x00000000080010ee                timer_measure
 .text.warning_limit
                0x000000000800112e       0x2c Core/Src/fsm_sensor.o
                0x000000000800112e                warning_limit
 *fill*         0x000000000800115a        0x2 
 .text.measuring
                0x000000000800115c       0x58 Core/Src/fsm_sensor.o
                0x000000000800115c                measuring
 .text.process_data
                0x00000000080011b4       0x54 Core/Src/fsm_sensor.o
                0x00000000080011b4                process_data
 .text.alert    0x0000000008001208       0x28 Core/Src/fsm_sensor.o
                0x0000000008001208                alert
 .text.sleep    0x0000000008001230       0x60 Core/Src/fsm_sensor.o
                0x0000000008001230                sleep
 .text.init_adc
                0x0000000008001290       0x30 Core/Src/fsm_sensor.o
                0x0000000008001290                init_adc
 .text.setting_up
                0x00000000080012c0       0x6c Core/Src/fsm_sensor.o
                0x00000000080012c0                setting_up
 .text.save_data
                0x000000000800132c       0x52 Core/Src/fsm_sensor.o
                0x000000000800132c                save_data
 *fill*         0x000000000800137e        0x2 
 .text.fsm_sensor_init
                0x0000000008001380       0x24 Core/Src/fsm_sensor.o
                0x0000000008001380                fsm_sensor_init
 .text.sensor_initialization
                0x00000000080013a4       0xb4 Core/Src/fsm_sensor.o
                0x00000000080013a4                sensor_initialization
 .text.main     0x0000000008001458      0x100 Core/Src/main.o
                0x0000000008001458                main
 .text.SystemClock_Config
                0x0000000008001558       0xd0 Core/Src/main.o
                0x0000000008001558                SystemClock_Config
 .text.MX_ADC1_Init
                0x0000000008001628       0xa4 Core/Src/main.o
 .text.MX_SPI1_Init
                0x00000000080016cc       0x6c Core/Src/main.o
 .text.MX_GPIO_Init
                0x0000000008001738      0x2c8 Core/Src/main.o
 .text.StartDefaultTask
                0x0000000008001a00       0x10 Core/Src/main.o
                0x0000000008001a00                StartDefaultTask
 .text.StartTaskSensor1
                0x0000000008001a10      0x130 Core/Src/main.o
                0x0000000008001a10                StartTaskSensor1
 .text.StartTaskLoRa
                0x0000000008001b40       0x84 Core/Src/main.o
                0x0000000008001b40                StartTaskLoRa
 .text.StartTaskSensor2
                0x0000000008001bc4      0x130 Core/Src/main.o
                0x0000000008001bc4                StartTaskSensor2
 .text.StartTaskLEDs
                0x0000000008001cf4      0x114 Core/Src/main.o
                0x0000000008001cf4                StartTaskLEDs
 .text.Error_Handler
                0x0000000008001e08        0xe Core/Src/main.o
                0x0000000008001e08                Error_Handler
 .text.ringbuf_init
                0x0000000008001e16       0x3a Core/Src/ring_buf.o
                0x0000000008001e16                ringbuf_init
 .text.ringbuf_put
                0x0000000008001e50       0xc6 Core/Src/ring_buf.o
                0x0000000008001e50                ringbuf_put
 .text.ringbuf_get
                0x0000000008001f16       0x6e Core/Src/ring_buf.o
                0x0000000008001f16                ringbuf_get
 .text.HAL_MspInit
                0x0000000008001f84       0x58 Core/Src/stm32f4xx_hal_msp.o
                0x0000000008001f84                HAL_MspInit
 .text.HAL_ADC_MspInit
                0x0000000008001fdc       0x88 Core/Src/stm32f4xx_hal_msp.o
                0x0000000008001fdc                HAL_ADC_MspInit
 .text.HAL_SPI_MspInit
                0x0000000008002064       0x90 Core/Src/stm32f4xx_hal_msp.o
                0x0000000008002064                HAL_SPI_MspInit
 .text.NMI_Handler
                0x00000000080020f4        0xe Core/Src/stm32f4xx_it.o
                0x00000000080020f4                NMI_Handler
 .text.HardFault_Handler
                0x0000000008002102        0x6 Core/Src/stm32f4xx_it.o
                0x0000000008002102                HardFault_Handler
 .text.MemManage_Handler
                0x0000000008002108        0x6 Core/Src/stm32f4xx_it.o
                0x0000000008002108                MemManage_Handler
 .text.BusFault_Handler
                0x000000000800210e        0x6 Core/Src/stm32f4xx_it.o
                0x000000000800210e                BusFault_Handler
 .text.UsageFault_Handler
                0x0000000008002114        0x6 Core/Src/stm32f4xx_it.o
                0x0000000008002114                UsageFault_Handler
 .text.DebugMon_Handler
                0x000000000800211a        0xe Core/Src/stm32f4xx_it.o
                0x000000000800211a                DebugMon_Handler
 .text.SysTick_Handler
                0x0000000008002128       0x1a Core/Src/stm32f4xx_it.o
                0x0000000008002128                SysTick_Handler
 *fill*         0x0000000008002142        0x2 
 .text._sbrk    0x0000000008002144       0x58 Core/Src/sysmem.o
                0x0000000008002144                _sbrk
 .text.SystemInit
                0x000000000800219c       0x2c Core/Src/system_stm32f4xx.o
                0x000000000800219c                SystemInit
 .text.Reset_Handler
                0x00000000080021c8       0x50 Core/Startup/startup_stm32f407vgtx.o
                0x00000000080021c8                Reset_Handler
 .text.Default_Handler
                0x0000000008002218        0x2 Core/Startup/startup_stm32f407vgtx.o
                0x0000000008002218                RTC_Alarm_IRQHandler
                0x0000000008002218                HASH_RNG_IRQHandler
                0x0000000008002218                EXTI2_IRQHandler
                0x0000000008002218                TIM8_CC_IRQHandler
                0x0000000008002218                TIM1_CC_IRQHandler
                0x0000000008002218                DMA2_Stream5_IRQHandler
                0x0000000008002218                DMA1_Stream5_IRQHandler
                0x0000000008002218                PVD_IRQHandler
                0x0000000008002218                SDIO_IRQHandler
                0x0000000008002218                TAMP_STAMP_IRQHandler
                0x0000000008002218                CAN2_RX1_IRQHandler
                0x0000000008002218                EXTI3_IRQHandler
                0x0000000008002218                TIM8_TRG_COM_TIM14_IRQHandler
                0x0000000008002218                TIM1_UP_TIM10_IRQHandler
                0x0000000008002218                TIM8_UP_TIM13_IRQHandler
                0x0000000008002218                I2C3_ER_IRQHandler
                0x0000000008002218                EXTI0_IRQHandler
                0x0000000008002218                I2C2_EV_IRQHandler
                0x0000000008002218                DMA1_Stream2_IRQHandler
                0x0000000008002218                CAN1_RX0_IRQHandler
                0x0000000008002218                FPU_IRQHandler
                0x0000000008002218                OTG_HS_WKUP_IRQHandler
                0x0000000008002218                CAN2_SCE_IRQHandler
                0x0000000008002218                DMA2_Stream2_IRQHandler
                0x0000000008002218                SPI1_IRQHandler
                0x0000000008002218                TIM6_DAC_IRQHandler
                0x0000000008002218                TIM1_BRK_TIM9_IRQHandler
                0x0000000008002218                DCMI_IRQHandler
                0x0000000008002218                CAN2_RX0_IRQHandler
                0x0000000008002218                DMA2_Stream3_IRQHandler
                0x0000000008002218                USART6_IRQHandler
                0x0000000008002218                USART3_IRQHandler
                0x0000000008002218                CAN1_RX1_IRQHandler
                0x0000000008002218                UART5_IRQHandler
                0x0000000008002218                DMA2_Stream0_IRQHandler
                0x0000000008002218                TIM4_IRQHandler
                0x0000000008002218                I2C1_EV_IRQHandler
                0x0000000008002218                DMA1_Stream6_IRQHandler
                0x0000000008002218                DMA1_Stream1_IRQHandler
                0x0000000008002218                UART4_IRQHandler
                0x0000000008002218                TIM3_IRQHandler
                0x0000000008002218                RCC_IRQHandler
                0x0000000008002218                TIM8_BRK_TIM12_IRQHandler
                0x0000000008002218                Default_Handler
                0x0000000008002218                EXTI15_10_IRQHandler
                0x0000000008002218                ADC_IRQHandler
                0x0000000008002218                DMA1_Stream7_IRQHandler
                0x0000000008002218                TIM7_IRQHandler
                0x0000000008002218                CAN2_TX_IRQHandler
                0x0000000008002218                TIM5_IRQHandler
                0x0000000008002218                DMA2_Stream7_IRQHandler
                0x0000000008002218                I2C3_EV_IRQHandler
                0x0000000008002218                EXTI9_5_IRQHandler
                0x0000000008002218                RTC_WKUP_IRQHandler
                0x0000000008002218                ETH_WKUP_IRQHandler
                0x0000000008002218                SPI2_IRQHandler
                0x0000000008002218                OTG_HS_EP1_IN_IRQHandler
                0x0000000008002218                DMA1_Stream0_IRQHandler
                0x0000000008002218                CAN1_TX_IRQHandler
                0x0000000008002218                EXTI4_IRQHandler
                0x0000000008002218                FSMC_IRQHandler
                0x0000000008002218                ETH_IRQHandler
                0x0000000008002218                OTG_HS_EP1_OUT_IRQHandler
                0x0000000008002218                WWDG_IRQHandler
                0x0000000008002218                TIM2_IRQHandler
                0x0000000008002218                OTG_FS_WKUP_IRQHandler
                0x0000000008002218                TIM1_TRG_COM_TIM11_IRQHandler
                0x0000000008002218                OTG_HS_IRQHandler
                0x0000000008002218                EXTI1_IRQHandler
                0x0000000008002218                USART2_IRQHandler
                0x0000000008002218                I2C2_ER_IRQHandler
                0x0000000008002218                DMA2_Stream1_IRQHandler
                0x0000000008002218                CAN1_SCE_IRQHandler
                0x0000000008002218                FLASH_IRQHandler
                0x0000000008002218                DMA2_Stream4_IRQHandler
                0x0000000008002218                USART1_IRQHandler
                0x0000000008002218                OTG_FS_IRQHandler
                0x0000000008002218                SPI3_IRQHandler
                0x0000000008002218                DMA1_Stream4_IRQHandler
                0x0000000008002218                I2C1_ER_IRQHandler
                0x0000000008002218                DMA2_Stream6_IRQHandler
                0x0000000008002218                DMA1_Stream3_IRQHandler
 *fill*         0x000000000800221a        0x2 
 .text.HAL_Init
                0x000000000800221c       0x44 Drivers/STM32F4xx_HAL_Driver/Src/stm32f4xx_hal.o
                0x000000000800221c                HAL_Init
 .text.HAL_InitTick
                0x0000000008002260       0x60 Drivers/STM32F4xx_HAL_Driver/Src/stm32f4xx_hal.o
                0x0000000008002260                HAL_InitTick
 .text.HAL_IncTick
                0x00000000080022c0       0x28 Drivers/STM32F4xx_HAL_Driver/Src/stm32f4xx_hal.o
                0x00000000080022c0                HAL_IncTick
 .text.HAL_GetTick
                0x00000000080022e8       0x18 Drivers/STM32F4xx_HAL_Driver/Src/stm32f4xx_hal.o
                0x00000000080022e8                HAL_GetTick
 .text.HAL_Delay
                0x0000000008002300       0x44 Drivers/STM32F4xx_HAL_Driver/Src/stm32f4xx_hal.o
                0x0000000008002300                HAL_Delay
 .text.HAL_ADC_Init
                0x0000000008002344       0x86 Drivers/STM32F4xx_HAL_Driver/Src/stm32f4xx_hal_adc.o
                0x0000000008002344                HAL_ADC_Init
 *fill*         0x00000000080023ca        0x2 
 .text.HAL_ADC_Start
                0x00000000080023cc      0x18c Drivers/STM32F4xx_HAL_Driver/Src/stm32f4xx_hal_adc.o
                0x00000000080023cc                HAL_ADC_Start
 .text.HAL_ADC_Stop
                0x0000000008002558       0x66 Drivers/STM32F4xx_HAL_Driver/Src/stm32f4xx_hal_adc.o
                0x0000000008002558                HAL_ADC_Stop
 .text.HAL_ADC_GetValue
                0x00000000080025be       0x1a Drivers/STM32F4xx_HAL_Driver/Src/stm32f4xx_hal_adc.o
                0x00000000080025be                HAL_ADC_GetValue
 .text.HAL_ADC_ConfigChannel
                0x00000000080025d8      0x244 Drivers/STM32F4xx_HAL_Driver/Src/stm32f4xx_hal_adc.o
                0x00000000080025d8                HAL_ADC_ConfigChannel
 .text.ADC_Init
                0x000000000800281c      0x1f8 Drivers/STM32F4xx_HAL_Driver/Src/stm32f4xx_hal_adc.o
 .text.__NVIC_SetPriorityGrouping
                0x0000000008002a14       0x48 Drivers/STM32F4xx_HAL_Driver/Src/stm32f4xx_hal_cortex.o
 .text.__NVIC_GetPriorityGrouping
                0x0000000008002a5c       0x1c Drivers/STM32F4xx_HAL_Driver/Src/stm32f4xx_hal_cortex.o
 .text.__NVIC_SetPriority
                0x0000000008002a78       0x54 Drivers/STM32F4xx_HAL_Driver/Src/stm32f4xx_hal_cortex.o
 .text.NVIC_EncodePriority
                0x0000000008002acc       0x66 Drivers/STM32F4xx_HAL_Driver/Src/stm32f4xx_hal_cortex.o
 *fill*         0x0000000008002b32        0x2 
 .text.SysTick_Config
                0x0000000008002b34       0x44 Drivers/STM32F4xx_HAL_Driver/Src/stm32f4xx_hal_cortex.o
 .text.HAL_NVIC_SetPriorityGrouping
                0x0000000008002b78       0x16 Drivers/STM32F4xx_HAL_Driver/Src/stm32f4xx_hal_cortex.o
                0x0000000008002b78                HAL_NVIC_SetPriorityGrouping
 .text.HAL_NVIC_SetPriority
                0x0000000008002b8e       0x38 Drivers/STM32F4xx_HAL_Driver/Src/stm32f4xx_hal_cortex.o
                0x0000000008002b8e                HAL_NVIC_SetPriority
 .text.HAL_SYSTICK_Config
                0x0000000008002bc6       0x18 Drivers/STM32F4xx_HAL_Driver/Src/stm32f4xx_hal_cortex.o
                0x0000000008002bc6                HAL_SYSTICK_Config
 *fill*         0x0000000008002bde        0x2 
 .text.HAL_GPIO_Init
                0x0000000008002be0      0x334 Drivers/STM32F4xx_HAL_Driver/Src/stm32f4xx_hal_gpio.o
                0x0000000008002be0                HAL_GPIO_Init
 .text.HAL_GPIO_ReadPin
                0x0000000008002f14       0x30 Drivers/STM32F4xx_HAL_Driver/Src/stm32f4xx_hal_gpio.o
                0x0000000008002f14                HAL_GPIO_ReadPin
 .text.HAL_GPIO_WritePin
                0x0000000008002f44       0x32 Drivers/STM32F4xx_HAL_Driver/Src/stm32f4xx_hal_gpio.o
                0x0000000008002f44                HAL_GPIO_WritePin
 *fill*         0x0000000008002f76        0x2 
 .text.HAL_RCC_OscConfig
                0x0000000008002f78      0x4e0 Drivers/STM32F4xx_HAL_Driver/Src/stm32f4xx_hal_rcc.o
                0x0000000008002f78                HAL_RCC_OscConfig
 .text.HAL_RCC_ClockConfig
                0x0000000008003458      0x1cc Drivers/STM32F4xx_HAL_Driver/Src/stm32f4xx_hal_rcc.o
                0x0000000008003458                HAL_RCC_ClockConfig
 .text.HAL_RCC_GetSysClockFreq
                0x0000000008003624      0x1b0 Drivers/STM32F4xx_HAL_Driver/Src/stm32f4xx_hal_rcc.o
                0x0000000008003624                HAL_RCC_GetSysClockFreq
 .text.HAL_SPI_Init
                0x00000000080037d4       0xc8 Drivers/STM32F4xx_HAL_Driver/Src/stm32f4xx_hal_spi.o
                0x00000000080037d4                HAL_SPI_Init
 .text.HAL_SPI_Transmit
                0x000000000800389c      0x268 Drivers/STM32F4xx_HAL_Driver/Src/stm32f4xx_hal_spi.o
                0x000000000800389c                HAL_SPI_Transmit
 .text.HAL_SPI_TransmitReceive
                0x0000000008003b04      0x344 Drivers/STM32F4xx_HAL_Driver/Src/stm32f4xx_hal_spi.o
                0x0000000008003b04                HAL_SPI_TransmitReceive
 .text.HAL_SPI_GetState
                0x0000000008003e48       0x1c Drivers/STM32F4xx_HAL_Driver/Src/stm32f4xx_hal_spi.o
                0x0000000008003e48                HAL_SPI_GetState
 .text.SPI_WaitFlagStateUntilTimeout
                0x0000000008003e64       0xd4 Drivers/STM32F4xx_HAL_Driver/Src/stm32f4xx_hal_spi.o
 .text.SPI_EndRxTxTransaction
                0x0000000008003f38       0x84 Drivers/STM32F4xx_HAL_Driver/Src/stm32f4xx_hal_spi.o
 .text.SVC_Setup
                0x0000000008003fbc        0xe Middlewares/Third_Party/FreeRTOS/Source/CMSIS_RTOS_V2/cmsis_os2.o
 *fill*         0x0000000008003fca        0x2 
 .text.osKernelInitialize
                0x0000000008003fcc       0x68 Middlewares/Third_Party/FreeRTOS/Source/CMSIS_RTOS_V2/cmsis_os2.o
                0x0000000008003fcc                osKernelInitialize
 .text.osKernelStart
                0x0000000008004034       0x6c Middlewares/Third_Party/FreeRTOS/Source/CMSIS_RTOS_V2/cmsis_os2.o
                0x0000000008004034                osKernelStart
 .text.osKernelGetTickCount
                0x00000000080040a0       0x50 Middlewares/Third_Party/FreeRTOS/Source/CMSIS_RTOS_V2/cmsis_os2.o
                0x00000000080040a0                osKernelGetTickCount
 .text.osThreadNew
                0x00000000080040f0      0x14c Middlewares/Third_Party/FreeRTOS/Source/CMSIS_RTOS_V2/cmsis_os2.o
                0x00000000080040f0                osThreadNew
 .text.osDelay  0x000000000800423c       0x5c Middlewares/Third_Party/FreeRTOS/Source/CMSIS_RTOS_V2/cmsis_os2.o
                0x000000000800423c                osDelay
 .text.osDelayUntil
                0x0000000008004298       0x80 Middlewares/Third_Party/FreeRTOS/Source/CMSIS_RTOS_V2/cmsis_os2.o
                0x0000000008004298                osDelayUntil
 .text.osMessageQueueNew
                0x0000000008004318      0x10c Middlewares/Third_Party/FreeRTOS/Source/CMSIS_RTOS_V2/cmsis_os2.o
                0x0000000008004318                osMessageQueueNew
 .text.osMessageQueuePut
                0x0000000008004424       0xe8 Middlewares/Third_Party/FreeRTOS/Source/CMSIS_RTOS_V2/cmsis_os2.o
                0x0000000008004424                osMessageQueuePut
 .text.osMessageQueueGet
                0x000000000800450c       0xe4 Middlewares/Third_Party/FreeRTOS/Source/CMSIS_RTOS_V2/cmsis_os2.o
                0x000000000800450c                osMessageQueueGet
 .text.vApplicationGetIdleTaskMemory
                0x00000000080045f0       0x34 Middlewares/Third_Party/FreeRTOS/Source/CMSIS_RTOS_V2/cmsis_os2.o
                0x00000000080045f0                vApplicationGetIdleTaskMemory
 .text.vApplicationGetTimerTaskMemory
                0x0000000008004624       0x34 Middlewares/Third_Party/FreeRTOS/Source/CMSIS_RTOS_V2/cmsis_os2.o
                0x0000000008004624                vApplicationGetTimerTaskMemory
 .text.vListInitialise
                0x0000000008004658       0x40 Middlewares/Third_Party/FreeRTOS/Source/list.o
                0x0000000008004658                vListInitialise
 .text.vListInitialiseItem
                0x0000000008004698       0x1a Middlewares/Third_Party/FreeRTOS/Source/list.o
                0x0000000008004698                vListInitialiseItem
 .text.vListInsertEnd
                0x00000000080046b2       0x48 Middlewares/Third_Party/FreeRTOS/Source/list.o
                0x00000000080046b2                vListInsertEnd
 .text.vListInsert
                0x00000000080046fa       0x72 Middlewares/Third_Party/FreeRTOS/Source/list.o
                0x00000000080046fa                vListInsert
 .text.uxListRemove
                0x000000000800476c       0x54 Middlewares/Third_Party/FreeRTOS/Source/list.o
                0x000000000800476c                uxListRemove
 .text.xQueueGenericReset
                0x00000000080047c0       0xd0 Middlewares/Third_Party/FreeRTOS/Source/queue.o
                0x00000000080047c0                xQueueGenericReset
 .text.xQueueGenericCreateStatic
                0x0000000008004890       0xe6 Middlewares/Third_Party/FreeRTOS/Source/queue.o
                0x0000000008004890                xQueueGenericCreateStatic
 .text.xQueueGenericCreate
                0x0000000008004976       0x7e Middlewares/Third_Party/FreeRTOS/Source/queue.o
                0x0000000008004976                xQueueGenericCreate
 .text.prvInitialiseNewQueue
                0x00000000080049f4       0x46 Middlewares/Third_Party/FreeRTOS/Source/queue.o
 *fill*         0x0000000008004a3a        0x2 
 .text.xQueueGenericSend
                0x0000000008004a3c      0x1f4 Middlewares/Third_Party/FreeRTOS/Source/queue.o
                0x0000000008004a3c                xQueueGenericSend
 .text.xQueueGenericSendFromISR
                0x0000000008004c30      0x128 Middlewares/Third_Party/FreeRTOS/Source/queue.o
                0x0000000008004c30                xQueueGenericSendFromISR
 .text.xQueueReceive
                0x0000000008004d58      0x1b8 Middlewares/Third_Party/FreeRTOS/Source/queue.o
                0x0000000008004d58                xQueueReceive
 .text.xQueueReceiveFromISR
                0x0000000008004f10       0xfa Middlewares/Third_Party/FreeRTOS/Source/queue.o
                0x0000000008004f10                xQueueReceiveFromISR
 .text.prvCopyDataToQueue
                0x000000000800500a       0xd4 Middlewares/Third_Party/FreeRTOS/Source/queue.o
 .text.prvCopyDataFromQueue
                0x00000000080050de       0x4c Middlewares/Third_Party/FreeRTOS/Source/queue.o
 .text.prvUnlockQueue
                0x000000000800512a       0xa4 Middlewares/Third_Party/FreeRTOS/Source/queue.o
 .text.prvIsQueueEmpty
                0x00000000080051ce       0x2c Middlewares/Third_Party/FreeRTOS/Source/queue.o
 .text.prvIsQueueFull
                0x00000000080051fa       0x30 Middlewares/Third_Party/FreeRTOS/Source/queue.o
 *fill*         0x000000000800522a        0x2 
 .text.vQueueAddToRegistry
                0x000000000800522c       0x50 Middlewares/Third_Party/FreeRTOS/Source/queue.o
                0x000000000800522c                vQueueAddToRegistry
 .text.vQueueWaitForMessageRestricted
                0x000000000800527c       0x68 Middlewares/Third_Party/FreeRTOS/Source/queue.o
                0x000000000800527c                vQueueWaitForMessageRestricted
 .text.xTaskCreateStatic
                0x00000000080052e4       0xb4 Middlewares/Third_Party/FreeRTOS/Source/tasks.o
                0x00000000080052e4                xTaskCreateStatic
 .text.xTaskCreate
                0x0000000008005398       0x8a Middlewares/Third_Party/FreeRTOS/Source/tasks.o
                0x0000000008005398                xTaskCreate
 .text.prvInitialiseNewTask
                0x0000000008005422      0x11c Middlewares/Third_Party/FreeRTOS/Source/tasks.o
 *fill*         0x000000000800553e        0x2 
 .text.prvAddNewTaskToReadyList
                0x0000000008005540       0xe0 Middlewares/Third_Party/FreeRTOS/Source/tasks.o
 .text.vTaskDelayUntil
                0x0000000008005620       0xf4 Middlewares/Third_Party/FreeRTOS/Source/tasks.o
                0x0000000008005620                vTaskDelayUntil
 .text.vTaskDelay
                0x0000000008005714       0x68 Middlewares/Third_Party/FreeRTOS/Source/tasks.o
                0x0000000008005714                vTaskDelay
 .text.vTaskStartScheduler
                0x000000000800577c       0xc8 Middlewares/Third_Party/FreeRTOS/Source/tasks.o
                0x000000000800577c                vTaskStartScheduler
 .text.vTaskSuspendAll
                0x0000000008005844       0x1c Middlewares/Third_Party/FreeRTOS/Source/tasks.o
                0x0000000008005844                vTaskSuspendAll
 .text.prvGetExpectedIdleTime
                0x0000000008005860       0x70 Middlewares/Third_Party/FreeRTOS/Source/tasks.o
 .text.xTaskResumeAll
                0x00000000080058d0      0x138 Middlewares/Third_Party/FreeRTOS/Source/tasks.o
                0x00000000080058d0                xTaskResumeAll
 .text.xTaskGetTickCount
                0x0000000008005a08       0x20 Middlewares/Third_Party/FreeRTOS/Source/tasks.o
                0x0000000008005a08                xTaskGetTickCount
 .text.xTaskGetTickCountFromISR
                0x0000000008005a28       0x24 Middlewares/Third_Party/FreeRTOS/Source/tasks.o
                0x0000000008005a28                xTaskGetTickCountFromISR
 .text.vTaskStepTick
                0x0000000008005a4c       0x4c Middlewares/Third_Party/FreeRTOS/Source/tasks.o
                0x0000000008005a4c                vTaskStepTick
 .text.xTaskIncrementTick
                0x0000000008005a98      0x170 Middlewares/Third_Party/FreeRTOS/Source/tasks.o
                0x0000000008005a98                xTaskIncrementTick
 .text.vTaskSwitchContext
                0x0000000008005c08       0xb8 Middlewares/Third_Party/FreeRTOS/Source/tasks.o
                0x0000000008005c08                vTaskSwitchContext
 .text.vTaskPlaceOnEventList
                0x0000000008005cc0       0x48 Middlewares/Third_Party/FreeRTOS/Source/tasks.o
                0x0000000008005cc0                vTaskPlaceOnEventList
 .text.vTaskPlaceOnEventListRestricted
                0x0000000008005d08       0x54 Middlewares/Third_Party/FreeRTOS/Source/tasks.o
                0x0000000008005d08                vTaskPlaceOnEventListRestricted
 .text.xTaskRemoveFromEventList
                0x0000000008005d5c       0xc8 Middlewares/Third_Party/FreeRTOS/Source/tasks.o
                0x0000000008005d5c                xTaskRemoveFromEventList
 .text.vTaskInternalSetTimeOutState
                0x0000000008005e24       0x2c Middlewares/Third_Party/FreeRTOS/Source/tasks.o
                0x0000000008005e24                vTaskInternalSetTimeOutState
 .text.xTaskCheckForTimeOut
                0x0000000008005e50       0xc0 Middlewares/Third_Party/FreeRTOS/Source/tasks.o
                0x0000000008005e50                xTaskCheckForTimeOut
 .text.vTaskMissedYield
                0x0000000008005f10       0x18 Middlewares/Third_Party/FreeRTOS/Source/tasks.o
                0x0000000008005f10                vTaskMissedYield
 .text.prvIdleTask
                0x0000000008005f28       0x7c Middlewares/Third_Party/FreeRTOS/Source/tasks.o
 .text.eTaskConfirmSleepModeStatus
                0x0000000008005fa4       0x5c Middlewares/Third_Party/FreeRTOS/Source/tasks.o
                0x0000000008005fa4                eTaskConfirmSleepModeStatus
 .text.prvInitialiseTaskLists
                0x0000000008006000       0x80 Middlewares/Third_Party/FreeRTOS/Source/tasks.o
 .text.prvCheckTasksWaitingTermination
                0x0000000008006080       0x58 Middlewares/Third_Party/FreeRTOS/Source/tasks.o
 .text.prvDeleteTCB
                0x00000000080060d8       0x5c Middlewares/Third_Party/FreeRTOS/Source/tasks.o
 .text.prvResetNextTaskUnblockTime
                0x0000000008006134       0x40 Middlewares/Third_Party/FreeRTOS/Source/tasks.o
 .text.xTaskGetSchedulerState
                0x0000000008006174       0x3c Middlewares/Third_Party/FreeRTOS/Source/tasks.o
                0x0000000008006174                xTaskGetSchedulerState
 .text.xTaskPriorityDisinherit
                0x00000000080061b0       0xd8 Middlewares/Third_Party/FreeRTOS/Source/tasks.o
                0x00000000080061b0                xTaskPriorityDisinherit
 .text.prvAddCurrentTaskToDelayedList
                0x0000000008006288       0xa8 Middlewares/Third_Party/FreeRTOS/Source/tasks.o
 .text.xTimerCreateTimerTask
                0x0000000008006330       0x90 Middlewares/Third_Party/FreeRTOS/Source/timers.o
                0x0000000008006330                xTimerCreateTimerTask
 .text.xTimerGenericCommand
                0x00000000080063c0       0x98 Middlewares/Third_Party/FreeRTOS/Source/timers.o
                0x00000000080063c0                xTimerGenericCommand
 .text.prvProcessExpiredTimer
                0x0000000008006458       0x98 Middlewares/Third_Party/FreeRTOS/Source/timers.o
 .text.prvTimerTask
                0x00000000080064f0       0x24 Middlewares/Third_Party/FreeRTOS/Source/timers.o
 .text.prvProcessTimerOrBlockTask
                0x0000000008006514       0x9c Middlewares/Third_Party/FreeRTOS/Source/timers.o
 .text.prvGetNextExpireTime
                0x00000000080065b0       0x48 Middlewares/Third_Party/FreeRTOS/Source/timers.o
 .text.prvSampleTimeNow
                0x00000000080065f8       0x40 Middlewares/Third_Party/FreeRTOS/Source/timers.o
 .text.prvInsertTimerInActiveList
                0x0000000008006638       0x84 Middlewares/Third_Party/FreeRTOS/Source/timers.o
 .text.prvProcessReceivedCommands
                0x00000000080066bc      0x1b8 Middlewares/Third_Party/FreeRTOS/Source/timers.o
 .text.prvSwitchTimerLists
                0x0000000008006874       0xc8 Middlewares/Third_Party/FreeRTOS/Source/timers.o
 .text.prvCheckForValidListAndQueue
                0x000000000800693c       0x80 Middlewares/Third_Party/FreeRTOS/Source/timers.o
 .text.pxPortInitialiseStack
                0x00000000080069bc       0x68 Middlewares/Third_Party/FreeRTOS/Source/portable/GCC/ARM_CM4F/port.o
                0x00000000080069bc                pxPortInitialiseStack
 .text.prvTaskExitError
                0x0000000008006a24       0x54 Middlewares/Third_Party/FreeRTOS/Source/portable/GCC/ARM_CM4F/port.o
 *fill*         0x0000000008006a78        0x8 
 .text.SVC_Handler
                0x0000000008006a80       0x28 Middlewares/Third_Party/FreeRTOS/Source/portable/GCC/ARM_CM4F/port.o
                0x0000000008006a80                SVC_Handler
 .text.prvPortStartFirstTask
                0x0000000008006aa8       0x28 Middlewares/Third_Party/FreeRTOS/Source/portable/GCC/ARM_CM4F/port.o
 .text.xPortStartScheduler
                0x0000000008006ad0      0x13c Middlewares/Third_Party/FreeRTOS/Source/portable/GCC/ARM_CM4F/port.o
                0x0000000008006ad0                xPortStartScheduler
 .text.vPortEnterCritical
                0x0000000008006c0c       0x5c Middlewares/Third_Party/FreeRTOS/Source/portable/GCC/ARM_CM4F/port.o
                0x0000000008006c0c                vPortEnterCritical
 .text.vPortExitCritical
                0x0000000008006c68       0x50 Middlewares/Third_Party/FreeRTOS/Source/portable/GCC/ARM_CM4F/port.o
                0x0000000008006c68                vPortExitCritical
 *fill*         0x0000000008006cb8        0x8 
 .text.PendSV_Handler
                0x0000000008006cc0       0x68 Middlewares/Third_Party/FreeRTOS/Source/portable/GCC/ARM_CM4F/port.o
                0x0000000008006cc0                PendSV_Handler
 .text.xPortSysTickHandler
                0x0000000008006d28       0x40 Middlewares/Third_Party/FreeRTOS/Source/portable/GCC/ARM_CM4F/port.o
                0x0000000008006d28                xPortSysTickHandler
 .text.vPortSuppressTicksAndSleep
                0x0000000008006d68      0x198 Middlewares/Third_Party/FreeRTOS/Source/portable/GCC/ARM_CM4F/port.o
                0x0000000008006d68                vPortSuppressTicksAndSleep
 .text.vPortSetupTimerInterrupt
                0x0000000008006f00       0x78 Middlewares/Third_Party/FreeRTOS/Source/portable/GCC/ARM_CM4F/port.o
                0x0000000008006f00                vPortSetupTimerInterrupt
 .text.vPortEnableVFP
                0x0000000008006f78       0x14 Middlewares/Third_Party/FreeRTOS/Source/portable/GCC/ARM_CM4F/port.o
 .text.vPortValidateInterruptPriority
                0x0000000008006f8c       0x7c Middlewares/Third_Party/FreeRTOS/Source/portable/GCC/ARM_CM4F/port.o
                0x0000000008006f8c                vPortValidateInterruptPriority
 .text.pvPortMalloc
                0x0000000008007008      0x184 Middlewares/Third_Party/FreeRTOS/Source/portable/MemMang/heap_4.o
                0x0000000008007008                pvPortMalloc
 .text.vPortFree
                0x000000000800718c       0xb0 Middlewares/Third_Party/FreeRTOS/Source/portable/MemMang/heap_4.o
                0x000000000800718c                vPortFree
 .text.prvHeapInit
                0x000000000800723c       0xc4 Middlewares/Third_Party/FreeRTOS/Source/portable/MemMang/heap_4.o
 .text.prvInsertBlockIntoFreeList
                0x0000000008007300       0xb4 Middlewares/Third_Party/FreeRTOS/Source/portable/MemMang/heap_4.o
 .text.__errno  0x00000000080073b4        0xc d:/st/stm32cubeide_1.3.0/stm32cubeide/plugins/com.st.stm32cube.ide.mcu.externaltools.gnu-tools-for-stm32.7-2018-q2-update.win32_1.0.0.201904181610/tools/bin/../lib/gcc/arm-none-eabi/7.3.1/../../../../arm-none-eabi/lib/thumb/v7e-m/fpv4-sp/hard\libc_nano.a(lib_a-errno.o)
                0x00000000080073b4                __errno
 .text.__libc_init_array
                0x00000000080073c0       0x48 d:/st/stm32cubeide_1.3.0/stm32cubeide/plugins/com.st.stm32cube.ide.mcu.externaltools.gnu-tools-for-stm32.7-2018-q2-update.win32_1.0.0.201904181610/tools/bin/../lib/gcc/arm-none-eabi/7.3.1/../../../../arm-none-eabi/lib/thumb/v7e-m/fpv4-sp/hard\libc_nano.a(lib_a-init.o)
                0x00000000080073c0                __libc_init_array
 .text.memcpy   0x0000000008007408       0x16 d:/st/stm32cubeide_1.3.0/stm32cubeide/plugins/com.st.stm32cube.ide.mcu.externaltools.gnu-tools-for-stm32.7-2018-q2-update.win32_1.0.0.201904181610/tools/bin/../lib/gcc/arm-none-eabi/7.3.1/../../../../arm-none-eabi/lib/thumb/v7e-m/fpv4-sp/hard\libc_nano.a(lib_a-memcpy-stub.o)
                0x0000000008007408                memcpy
 .text.memset   0x000000000800741e       0x10 d:/st/stm32cubeide_1.3.0/stm32cubeide/plugins/com.st.stm32cube.ide.mcu.externaltools.gnu-tools-for-stm32.7-2018-q2-update.win32_1.0.0.201904181610/tools/bin/../lib/gcc/arm-none-eabi/7.3.1/../../../../arm-none-eabi/lib/thumb/v7e-m/fpv4-sp/hard\libc_nano.a(lib_a-memset.o)
                0x000000000800741e                memset
 *fill*         0x000000000800742e        0x2 
 .text._free_r  0x0000000008007430       0x9c d:/st/stm32cubeide_1.3.0/stm32cubeide/plugins/com.st.stm32cube.ide.mcu.externaltools.gnu-tools-for-stm32.7-2018-q2-update.win32_1.0.0.201904181610/tools/bin/../lib/gcc/arm-none-eabi/7.3.1/../../../../arm-none-eabi/lib/thumb/v7e-m/fpv4-sp/hard\libc_nano.a(lib_a-nano-freer.o)
                0x0000000008007430                _free_r
 .text._malloc_r
                0x00000000080074cc       0xb4 d:/st/stm32cubeide_1.3.0/stm32cubeide/plugins/com.st.stm32cube.ide.mcu.externaltools.gnu-tools-for-stm32.7-2018-q2-update.win32_1.0.0.201904181610/tools/bin/../lib/gcc/arm-none-eabi/7.3.1/../../../../arm-none-eabi/lib/thumb/v7e-m/fpv4-sp/hard\libc_nano.a(lib_a-nano-mallocr.o)
                0x00000000080074cc                _malloc_r
 .text._sbrk_r  0x0000000008007580       0x20 d:/st/stm32cubeide_1.3.0/stm32cubeide/plugins/com.st.stm32cube.ide.mcu.externaltools.gnu-tools-for-stm32.7-2018-q2-update.win32_1.0.0.201904181610/tools/bin/../lib/gcc/arm-none-eabi/7.3.1/../../../../arm-none-eabi/lib/thumb/v7e-m/fpv4-sp/hard\libc_nano.a(lib_a-sbrkr.o)
                0x0000000008007580                _sbrk_r
 .text.sprintf  0x00000000080075a0       0x40 d:/st/stm32cubeide_1.3.0/stm32cubeide/plugins/com.st.stm32cube.ide.mcu.externaltools.gnu-tools-for-stm32.7-2018-q2-update.win32_1.0.0.201904181610/tools/bin/../lib/gcc/arm-none-eabi/7.3.1/../../../../arm-none-eabi/lib/thumb/v7e-m/fpv4-sp/hard\libc_nano.a(lib_a-sprintf.o)
                0x00000000080075a0                siprintf
                0x00000000080075a0                sprintf
 .text.__malloc_lock
                0x00000000080075e0        0x2 d:/st/stm32cubeide_1.3.0/stm32cubeide/plugins/com.st.stm32cube.ide.mcu.externaltools.gnu-tools-for-stm32.7-2018-q2-update.win32_1.0.0.201904181610/tools/bin/../lib/gcc/arm-none-eabi/7.3.1/../../../../arm-none-eabi/lib/thumb/v7e-m/fpv4-sp/hard\libc_nano.a(lib_a-mlock.o)
                0x00000000080075e0                __malloc_lock
 .text.__malloc_unlock
                0x00000000080075e2        0x2 d:/st/stm32cubeide_1.3.0/stm32cubeide/plugins/com.st.stm32cube.ide.mcu.externaltools.gnu-tools-for-stm32.7-2018-q2-update.win32_1.0.0.201904181610/tools/bin/../lib/gcc/arm-none-eabi/7.3.1/../../../../arm-none-eabi/lib/thumb/v7e-m/fpv4-sp/hard\libc_nano.a(lib_a-mlock.o)
                0x00000000080075e2                __malloc_unlock
 .text.__ssputs_r
                0x00000000080075e4       0xb4 d:/st/stm32cubeide_1.3.0/stm32cubeide/plugins/com.st.stm32cube.ide.mcu.externaltools.gnu-tools-for-stm32.7-2018-q2-update.win32_1.0.0.201904181610/tools/bin/../lib/gcc/arm-none-eabi/7.3.1/../../../../arm-none-eabi/lib/thumb/v7e-m/fpv4-sp/hard\libc_nano.a(lib_a-nano-svfprintf.o)
                0x00000000080075e4                __ssputs_r
 .text._svfprintf_r
                0x0000000008007698      0x1f0 d:/st/stm32cubeide_1.3.0/stm32cubeide/plugins/com.st.stm32cube.ide.mcu.externaltools.gnu-tools-for-stm32.7-2018-q2-update.win32_1.0.0.201904181610/tools/bin/../lib/gcc/arm-none-eabi/7.3.1/../../../../arm-none-eabi/lib/thumb/v7e-m/fpv4-sp/hard\libc_nano.a(lib_a-nano-svfprintf.o)
                0x0000000008007698                _svfiprintf_r
                0x0000000008007698                _svfprintf_r
 .text._printf_common
                0x0000000008007888       0xea d:/st/stm32cubeide_1.3.0/stm32cubeide/plugins/com.st.stm32cube.ide.mcu.externaltools.gnu-tools-for-stm32.7-2018-q2-update.win32_1.0.0.201904181610/tools/bin/../lib/gcc/arm-none-eabi/7.3.1/../../../../arm-none-eabi/lib/thumb/v7e-m/fpv4-sp/hard\libc_nano.a(lib_a-nano-vfprintf_i.o)
                0x0000000008007888                _printf_common
 *fill*         0x0000000008007972        0x2 
 .text._printf_i
                0x0000000008007974      0x224 d:/st/stm32cubeide_1.3.0/stm32cubeide/plugins/com.st.stm32cube.ide.mcu.externaltools.gnu-tools-for-stm32.7-2018-q2-update.win32_1.0.0.201904181610/tools/bin/../lib/gcc/arm-none-eabi/7.3.1/../../../../arm-none-eabi/lib/thumb/v7e-m/fpv4-sp/hard\libc_nano.a(lib_a-nano-vfprintf_i.o)
                0x0000000008007974                _printf_i
 .text.memmove  0x0000000008007b98       0x32 d:/st/stm32cubeide_1.3.0/stm32cubeide/plugins/com.st.stm32cube.ide.mcu.externaltools.gnu-tools-for-stm32.7-2018-q2-update.win32_1.0.0.201904181610/tools/bin/../lib/gcc/arm-none-eabi/7.3.1/../../../../arm-none-eabi/lib/thumb/v7e-m/fpv4-sp/hard\libc_nano.a(lib_a-memmove.o)
                0x0000000008007b98                memmove
 .text._realloc_r
                0x0000000008007bca       0x4c d:/st/stm32cubeide_1.3.0/stm32cubeide/plugins/com.st.stm32cube.ide.mcu.externaltools.gnu-tools-for-stm32.7-2018-q2-update.win32_1.0.0.201904181610/tools/bin/../lib/gcc/arm-none-eabi/7.3.1/../../../../arm-none-eabi/lib/thumb/v7e-m/fpv4-sp/hard\libc_nano.a(lib_a-nano-reallocr.o)
                0x0000000008007bca                _realloc_r
 .text._malloc_usable_size_r
                0x0000000008007c16       0x10 d:/st/stm32cubeide_1.3.0/stm32cubeide/plugins/com.st.stm32cube.ide.mcu.externaltools.gnu-tools-for-stm32.7-2018-q2-update.win32_1.0.0.201904181610/tools/bin/../lib/gcc/arm-none-eabi/7.3.1/../../../../arm-none-eabi/lib/thumb/v7e-m/fpv4-sp/hard\libc_nano.a(lib_a-nano-msizer.o)
                0x0000000008007c16                _malloc_usable_size_r
 *(.glue_7)
 .glue_7        0x0000000008007c26        0x0 linker stubs
 *(.glue_7t)
 .glue_7t       0x0000000008007c26        0x0 linker stubs
 *(.eh_frame)
 *fill*         0x0000000008007c26        0x2 
 .eh_frame      0x0000000008007c28        0x0 d:/st/stm32cubeide_1.3.0/stm32cubeide/plugins/com.st.stm32cube.ide.mcu.externaltools.gnu-tools-for-stm32.7-2018-q2-update.win32_1.0.0.201904181610/tools/bin/../lib/gcc/arm-none-eabi/7.3.1/thumb/v7e-m/fpv4-sp/hard/crtbegin.o
 *(.init)
 .init          0x0000000008007c28        0x4 d:/st/stm32cubeide_1.3.0/stm32cubeide/plugins/com.st.stm32cube.ide.mcu.externaltools.gnu-tools-for-stm32.7-2018-q2-update.win32_1.0.0.201904181610/tools/bin/../lib/gcc/arm-none-eabi/7.3.1/thumb/v7e-m/fpv4-sp/hard/crti.o
                0x0000000008007c28                _init
 .init          0x0000000008007c2c        0x8 d:/st/stm32cubeide_1.3.0/stm32cubeide/plugins/com.st.stm32cube.ide.mcu.externaltools.gnu-tools-for-stm32.7-2018-q2-update.win32_1.0.0.201904181610/tools/bin/../lib/gcc/arm-none-eabi/7.3.1/thumb/v7e-m/fpv4-sp/hard/crtn.o
 *(.fini)
 .fini          0x0000000008007c34        0x4 d:/st/stm32cubeide_1.3.0/stm32cubeide/plugins/com.st.stm32cube.ide.mcu.externaltools.gnu-tools-for-stm32.7-2018-q2-update.win32_1.0.0.201904181610/tools/bin/../lib/gcc/arm-none-eabi/7.3.1/thumb/v7e-m/fpv4-sp/hard/crti.o
                0x0000000008007c34                _fini
 .fini          0x0000000008007c38        0x8 d:/st/stm32cubeide_1.3.0/stm32cubeide/plugins/com.st.stm32cube.ide.mcu.externaltools.gnu-tools-for-stm32.7-2018-q2-update.win32_1.0.0.201904181610/tools/bin/../lib/gcc/arm-none-eabi/7.3.1/thumb/v7e-m/fpv4-sp/hard/crtn.o
                0x0000000008007c40                . = ALIGN (0x4)
                0x0000000008007c40                _etext = .

.vfp11_veneer   0x0000000008007c40        0x0
 .vfp11_veneer  0x0000000008007c40        0x0 linker stubs

.v4_bx          0x0000000008007c40        0x0
 .v4_bx         0x0000000008007c40        0x0 linker stubs

.iplt           0x0000000008007c40        0x0
 .iplt          0x0000000008007c40        0x0 d:/st/stm32cubeide_1.3.0/stm32cubeide/plugins/com.st.stm32cube.ide.mcu.externaltools.gnu-tools-for-stm32.7-2018-q2-update.win32_1.0.0.201904181610/tools/bin/../lib/gcc/arm-none-eabi/7.3.1/thumb/v7e-m/fpv4-sp/hard/crtbegin.o

.rodata         0x0000000008007c40      0x20c
                0x0000000008007c40                . = ALIGN (0x4)
 *(.rodata)
 .rodata        0x0000000008007c40       0x1f Core/Src/LoRa_comm.o
 *fill*         0x0000000008007c5f        0x1 
 .rodata        0x0000000008007c60       0x75 Core/Src/main.o
 *fill*         0x0000000008007cd5        0x3 
 .rodata        0x0000000008007cd8        0x5 Middlewares/Third_Party/FreeRTOS/Source/tasks.o
 *fill*         0x0000000008007cdd        0x3 
 .rodata        0x0000000008007ce0        0xd Middlewares/Third_Party/FreeRTOS/Source/timers.o
 *(.rodata*)
 *fill*         0x0000000008007ced        0x3 
 .rodata.SX1278_Frequency
                0x0000000008007cf0        0x3 Core/Src/SX1278.o
 *fill*         0x0000000008007cf3        0x1 
 .rodata.SX1278_Power
                0x0000000008007cf4        0x4 Core/Src/SX1278.o
 .rodata.SX1278_SpreadFactor
                0x0000000008007cf8        0x7 Core/Src/SX1278.o
 *fill*         0x0000000008007cff        0x1 
 .rodata.SX1278_LoRaBandwidth
                0x0000000008007d00        0xa Core/Src/SX1278.o
 *fill*         0x0000000008007d0a        0x2 
 .rodata.defaultTask_attributes
                0x0000000008007d0c       0x24 Core/Src/main.o
                0x0000000008007d0c                defaultTask_attributes
 .rodata.myTaskSensor1_attributes
                0x0000000008007d30       0x24 Core/Src/main.o
                0x0000000008007d30                myTaskSensor1_attributes
 .rodata.myTaskLoRa_attributes
                0x0000000008007d54       0x24 Core/Src/main.o
                0x0000000008007d54                myTaskLoRa_attributes
 .rodata.myTaskSensor2_attributes
                0x0000000008007d78       0x24 Core/Src/main.o
                0x0000000008007d78                myTaskSensor2_attributes
 .rodata.myTaskLEDs_attributes
                0x0000000008007d9c       0x24 Core/Src/main.o
                0x0000000008007d9c                myTaskLEDs_attributes
 .rodata.myQueueSensor1_attributes
                0x0000000008007dc0       0x18 Core/Src/main.o
                0x0000000008007dc0                myQueueSensor1_attributes
 .rodata.myQueueSensor2_attributes
                0x0000000008007dd8       0x18 Core/Src/main.o
                0x0000000008007dd8                myQueueSensor2_attributes
 .rodata.myQueueDataSaved_attributes
                0x0000000008007df0       0x18 Core/Src/main.o
                0x0000000008007df0                myQueueDataSaved_attributes
 .rodata.AHBPrescTable
                0x0000000008007e08       0x10 Core/Src/system_stm32f4xx.o
                0x0000000008007e08                AHBPrescTable
 .rodata._svfprintf_r.str1.1
                0x0000000008007e18       0x11 d:/st/stm32cubeide_1.3.0/stm32cubeide/plugins/com.st.stm32cube.ide.mcu.externaltools.gnu-tools-for-stm32.7-2018-q2-update.win32_1.0.0.201904181610/tools/bin/../lib/gcc/arm-none-eabi/7.3.1/../../../../arm-none-eabi/lib/thumb/v7e-m/fpv4-sp/hard\libc_nano.a(lib_a-nano-svfprintf.o)
 .rodata._printf_i.str1.1
                0x0000000008007e29       0x22 d:/st/stm32cubeide_1.3.0/stm32cubeide/plugins/com.st.stm32cube.ide.mcu.externaltools.gnu-tools-for-stm32.7-2018-q2-update.win32_1.0.0.201904181610/tools/bin/../lib/gcc/arm-none-eabi/7.3.1/../../../../arm-none-eabi/lib/thumb/v7e-m/fpv4-sp/hard\libc_nano.a(lib_a-nano-vfprintf_i.o)
                0x0000000008007e4c                . = ALIGN (0x4)
 *fill*         0x0000000008007e4b        0x1 

.ARM.extab      0x0000000008007e4c        0x0
                0x0000000008007e4c                . = ALIGN (0x4)
 *(.ARM.extab* .gnu.linkonce.armextab.*)
                0x0000000008007e4c                . = ALIGN (0x4)

.ARM            0x0000000008007e4c        0x8
                0x0000000008007e4c                . = ALIGN (0x4)
                0x0000000008007e4c                __exidx_start = .
 *(.ARM.exidx*)
 .ARM.exidx     0x0000000008007e4c        0x8 d:/st/stm32cubeide_1.3.0/stm32cubeide/plugins/com.st.stm32cube.ide.mcu.externaltools.gnu-tools-for-stm32.7-2018-q2-update.win32_1.0.0.201904181610/tools/bin/../lib/gcc/arm-none-eabi/7.3.1/thumb/v7e-m/fpv4-sp/hard\libgcc.a(_udivmoddi4.o)
                0x0000000008007e54                __exidx_end = .
                0x0000000008007e54                . = ALIGN (0x4)

.rel.dyn        0x0000000008007e54        0x0
 .rel.iplt      0x0000000008007e54        0x0 d:/st/stm32cubeide_1.3.0/stm32cubeide/plugins/com.st.stm32cube.ide.mcu.externaltools.gnu-tools-for-stm32.7-2018-q2-update.win32_1.0.0.201904181610/tools/bin/../lib/gcc/arm-none-eabi/7.3.1/thumb/v7e-m/fpv4-sp/hard/crtbegin.o

.preinit_array  0x0000000008007e54        0x0
                0x0000000008007e54                . = ALIGN (0x4)
                0x0000000008007e54                PROVIDE (__preinit_array_start = .)
 *(.preinit_array*)
                0x0000000008007e54                PROVIDE (__preinit_array_end = .)
                0x0000000008007e54                . = ALIGN (0x4)

.init_array     0x0000000008007e54        0x4
                0x0000000008007e54                . = ALIGN (0x4)
                0x0000000008007e54                PROVIDE (__init_array_start = .)
 *(SORT_BY_NAME(.init_array.*))
 *(.init_array*)
 .init_array    0x0000000008007e54        0x4 d:/st/stm32cubeide_1.3.0/stm32cubeide/plugins/com.st.stm32cube.ide.mcu.externaltools.gnu-tools-for-stm32.7-2018-q2-update.win32_1.0.0.201904181610/tools/bin/../lib/gcc/arm-none-eabi/7.3.1/thumb/v7e-m/fpv4-sp/hard/crtbegin.o
                0x0000000008007e58                PROVIDE (__init_array_end = .)
                0x0000000008007e58                . = ALIGN (0x4)

.fini_array     0x0000000008007e58        0x4
                0x0000000008007e58                . = ALIGN (0x4)
                [!provide]                        PROVIDE (__fini_array_start = .)
 *(SORT_BY_NAME(.fini_array.*))
 *(.fini_array*)
 .fini_array    0x0000000008007e58        0x4 d:/st/stm32cubeide_1.3.0/stm32cubeide/plugins/com.st.stm32cube.ide.mcu.externaltools.gnu-tools-for-stm32.7-2018-q2-update.win32_1.0.0.201904181610/tools/bin/../lib/gcc/arm-none-eabi/7.3.1/thumb/v7e-m/fpv4-sp/hard/crtbegin.o
                [!provide]                        PROVIDE (__fini_array_end = .)
                0x0000000008007e5c                . = ALIGN (0x4)
                0x0000000008007e5c                _sidata = LOADADDR (.data)

.data           0x0000000020000000      0x114 load address 0x0000000008007e5c
                0x0000000020000000                . = ALIGN (0x4)
                0x0000000020000000                _sdata = .
 *(.data)
 *(.data*)
 .data.trans_sensor
                0x0000000020000000       0xa0 Core/Src/fsm_sensor.o
                0x0000000020000000                trans_sensor
 .data.SystemCoreClock
                0x00000000200000a0        0x4 Core/Src/system_stm32f4xx.o
                0x00000000200000a0                SystemCoreClock
 .data.uwTickPrio
                0x00000000200000a4        0x4 Drivers/STM32F4xx_HAL_Driver/Src/stm32f4xx_hal.o
                0x00000000200000a4                uwTickPrio
 .data.uwTickFreq
                0x00000000200000a8        0x1 Drivers/STM32F4xx_HAL_Driver/Src/stm32f4xx_hal.o
                0x00000000200000a8                uwTickFreq
 *fill*         0x00000000200000a9        0x3 
 .data.uxCriticalNesting
                0x00000000200000ac        0x4 Middlewares/Third_Party/FreeRTOS/Source/portable/GCC/ARM_CM4F/port.o
 .data._impure_ptr
                0x00000000200000b0        0x4 d:/st/stm32cubeide_1.3.0/stm32cubeide/plugins/com.st.stm32cube.ide.mcu.externaltools.gnu-tools-for-stm32.7-2018-q2-update.win32_1.0.0.201904181610/tools/bin/../lib/gcc/arm-none-eabi/7.3.1/../../../../arm-none-eabi/lib/thumb/v7e-m/fpv4-sp/hard\libc_nano.a(lib_a-impure.o)
                0x00000000200000b0                _impure_ptr
 .data.impure_data
                0x00000000200000b4       0x60 d:/st/stm32cubeide_1.3.0/stm32cubeide/plugins/com.st.stm32cube.ide.mcu.externaltools.gnu-tools-for-stm32.7-2018-q2-update.win32_1.0.0.201904181610/tools/bin/../lib/gcc/arm-none-eabi/7.3.1/../../../../arm-none-eabi/lib/thumb/v7e-m/fpv4-sp/hard\libc_nano.a(lib_a-impure.o)
                0x0000000020000114                . = ALIGN (0x4)
                0x0000000020000114                _edata = .

.igot.plt       0x0000000020000114        0x0 load address 0x0000000008007f70
 .igot.plt      0x0000000020000114        0x0 d:/st/stm32cubeide_1.3.0/stm32cubeide/plugins/com.st.stm32cube.ide.mcu.externaltools.gnu-tools-for-stm32.7-2018-q2-update.win32_1.0.0.201904181610/tools/bin/../lib/gcc/arm-none-eabi/7.3.1/thumb/v7e-m/fpv4-sp/hard/crtbegin.o
                0x0000000020000114                . = ALIGN (0x4)

.bss            0x0000000020000114     0x4ba8 load address 0x0000000008007f70
                0x0000000020000114                _sbss = .
                0x0000000020000114                __bss_start__ = _sbss
 *(.bss)
 .bss           0x0000000020000114       0x1c d:/st/stm32cubeide_1.3.0/stm32cubeide/plugins/com.st.stm32cube.ide.mcu.externaltools.gnu-tools-for-stm32.7-2018-q2-update.win32_1.0.0.201904181610/tools/bin/../lib/gcc/arm-none-eabi/7.3.1/thumb/v7e-m/fpv4-sp/hard/crtbegin.o
 *(.bss*)
 .bss.heap_end.6424
                0x0000000020000130        0x4 Core/Src/sysmem.o
 .bss.KernelState
                0x0000000020000134        0x4 Middlewares/Third_Party/FreeRTOS/Source/CMSIS_RTOS_V2/cmsis_os2.o
 .bss.Idle_TCB  0x0000000020000138       0x5c Middlewares/Third_Party/FreeRTOS/Source/CMSIS_RTOS_V2/cmsis_os2.o
 .bss.Idle_Stack
                0x0000000020000194      0x200 Middlewares/Third_Party/FreeRTOS/Source/CMSIS_RTOS_V2/cmsis_os2.o
 .bss.Timer_TCB
                0x0000000020000394       0x5c Middlewares/Third_Party/FreeRTOS/Source/CMSIS_RTOS_V2/cmsis_os2.o
 .bss.Timer_Stack
                0x00000000200003f0      0x400 Middlewares/Third_Party/FreeRTOS/Source/CMSIS_RTOS_V2/cmsis_os2.o
 .bss.pxCurrentTCB
                0x00000000200007f0        0x4 Middlewares/Third_Party/FreeRTOS/Source/tasks.o
                0x00000000200007f0                pxCurrentTCB
 .bss.pxReadyTasksLists
                0x00000000200007f4      0x460 Middlewares/Third_Party/FreeRTOS/Source/tasks.o
 .bss.xDelayedTaskList1
                0x0000000020000c54       0x14 Middlewares/Third_Party/FreeRTOS/Source/tasks.o
 .bss.xDelayedTaskList2
                0x0000000020000c68       0x14 Middlewares/Third_Party/FreeRTOS/Source/tasks.o
 .bss.pxDelayedTaskList
                0x0000000020000c7c        0x4 Middlewares/Third_Party/FreeRTOS/Source/tasks.o
 .bss.pxOverflowDelayedTaskList
                0x0000000020000c80        0x4 Middlewares/Third_Party/FreeRTOS/Source/tasks.o
 .bss.xPendingReadyList
                0x0000000020000c84       0x14 Middlewares/Third_Party/FreeRTOS/Source/tasks.o
 .bss.xTasksWaitingTermination
                0x0000000020000c98       0x14 Middlewares/Third_Party/FreeRTOS/Source/tasks.o
 .bss.uxDeletedTasksWaitingCleanUp
                0x0000000020000cac        0x4 Middlewares/Third_Party/FreeRTOS/Source/tasks.o
 .bss.xSuspendedTaskList
                0x0000000020000cb0       0x14 Middlewares/Third_Party/FreeRTOS/Source/tasks.o
 .bss.uxCurrentNumberOfTasks
                0x0000000020000cc4        0x4 Middlewares/Third_Party/FreeRTOS/Source/tasks.o
 .bss.xTickCount
                0x0000000020000cc8        0x4 Middlewares/Third_Party/FreeRTOS/Source/tasks.o
 .bss.uxTopReadyPriority
                0x0000000020000ccc        0x4 Middlewares/Third_Party/FreeRTOS/Source/tasks.o
 .bss.xSchedulerRunning
                0x0000000020000cd0        0x4 Middlewares/Third_Party/FreeRTOS/Source/tasks.o
 .bss.uxPendedTicks
                0x0000000020000cd4        0x4 Middlewares/Third_Party/FreeRTOS/Source/tasks.o
 .bss.xYieldPending
                0x0000000020000cd8        0x4 Middlewares/Third_Party/FreeRTOS/Source/tasks.o
 .bss.xNumOfOverflows
                0x0000000020000cdc        0x4 Middlewares/Third_Party/FreeRTOS/Source/tasks.o
 .bss.uxTaskNumber
                0x0000000020000ce0        0x4 Middlewares/Third_Party/FreeRTOS/Source/tasks.o
 .bss.xNextTaskUnblockTime
                0x0000000020000ce4        0x4 Middlewares/Third_Party/FreeRTOS/Source/tasks.o
 .bss.xIdleTaskHandle
                0x0000000020000ce8        0x4 Middlewares/Third_Party/FreeRTOS/Source/tasks.o
 .bss.uxSchedulerSuspended
                0x0000000020000cec        0x4 Middlewares/Third_Party/FreeRTOS/Source/tasks.o
 .bss.xActiveTimerList1
                0x0000000020000cf0       0x14 Middlewares/Third_Party/FreeRTOS/Source/timers.o
 .bss.xActiveTimerList2
                0x0000000020000d04       0x14 Middlewares/Third_Party/FreeRTOS/Source/timers.o
 .bss.pxCurrentTimerList
                0x0000000020000d18        0x4 Middlewares/Third_Party/FreeRTOS/Source/timers.o
 .bss.pxOverflowTimerList
                0x0000000020000d1c        0x4 Middlewares/Third_Party/FreeRTOS/Source/timers.o
 .bss.xTimerQueue
                0x0000000020000d20        0x4 Middlewares/Third_Party/FreeRTOS/Source/timers.o
 .bss.xTimerTaskHandle
                0x0000000020000d24        0x4 Middlewares/Third_Party/FreeRTOS/Source/timers.o
 .bss.xLastTime.6747
                0x0000000020000d28        0x4 Middlewares/Third_Party/FreeRTOS/Source/timers.o
 .bss.ucStaticTimerQueueStorage.6798
                0x0000000020000d2c       0xa0 Middlewares/Third_Party/FreeRTOS/Source/timers.o
 .bss.xStaticTimerQueue.6797
                0x0000000020000dcc       0x50 Middlewares/Third_Party/FreeRTOS/Source/timers.o
 .bss.ulTimerCountsForOneTick
                0x0000000020000e1c        0x4 Middlewares/Third_Party/FreeRTOS/Source/portable/GCC/ARM_CM4F/port.o
 .bss.xMaximumPossibleSuppressedTicks
                0x0000000020000e20        0x4 Middlewares/Third_Party/FreeRTOS/Source/portable/GCC/ARM_CM4F/port.o
 .bss.ulStoppedTimerCompensation
                0x0000000020000e24        0x4 Middlewares/Third_Party/FreeRTOS/Source/portable/GCC/ARM_CM4F/port.o
 .bss.ucMaxSysCallPriority
                0x0000000020000e28        0x1 Middlewares/Third_Party/FreeRTOS/Source/portable/GCC/ARM_CM4F/port.o
 *fill*         0x0000000020000e29        0x3 
 .bss.ulMaxPRIGROUPValue
                0x0000000020000e2c        0x4 Middlewares/Third_Party/FreeRTOS/Source/portable/GCC/ARM_CM4F/port.o
 .bss.ucHeap    0x0000000020000e30     0x3c00 Middlewares/Third_Party/FreeRTOS/Source/portable/MemMang/heap_4.o
 .bss.xStart    0x0000000020004a30        0x8 Middlewares/Third_Party/FreeRTOS/Source/portable/MemMang/heap_4.o
 .bss.pxEnd     0x0000000020004a38        0x4 Middlewares/Third_Party/FreeRTOS/Source/portable/MemMang/heap_4.o
 .bss.xFreeBytesRemaining
                0x0000000020004a3c        0x4 Middlewares/Third_Party/FreeRTOS/Source/portable/MemMang/heap_4.o
 .bss.xMinimumEverFreeBytesRemaining
                0x0000000020004a40        0x4 Middlewares/Third_Party/FreeRTOS/Source/portable/MemMang/heap_4.o
 .bss.xBlockAllocatedBit
                0x0000000020004a44        0x4 Middlewares/Third_Party/FreeRTOS/Source/portable/MemMang/heap_4.o
 .bss.__malloc_free_list
                0x0000000020004a48        0x4 d:/st/stm32cubeide_1.3.0/stm32cubeide/plugins/com.st.stm32cube.ide.mcu.externaltools.gnu-tools-for-stm32.7-2018-q2-update.win32_1.0.0.201904181610/tools/bin/../lib/gcc/arm-none-eabi/7.3.1/../../../../arm-none-eabi/lib/thumb/v7e-m/fpv4-sp/hard\libc_nano.a(lib_a-nano-mallocr.o)
                0x0000000020004a48                __malloc_free_list
 .bss.__malloc_sbrk_start
                0x0000000020004a4c        0x4 d:/st/stm32cubeide_1.3.0/stm32cubeide/plugins/com.st.stm32cube.ide.mcu.externaltools.gnu-tools-for-stm32.7-2018-q2-update.win32_1.0.0.201904181610/tools/bin/../lib/gcc/arm-none-eabi/7.3.1/../../../../arm-none-eabi/lib/thumb/v7e-m/fpv4-sp/hard\libc_nano.a(lib_a-nano-mallocr.o)
                0x0000000020004a4c                __malloc_sbrk_start
 *(COMMON)
 COMMON         0x0000000020004a50      0x1ac Core/Src/LoRa_comm.o
                0x0000000020004a50                hspi1
                0x0000000020004aa8                SX1278
                0x0000000020004bb4                SX1278_hw
                0x0000000020004bd0                data_ring_buff
 COMMON         0x0000000020004bfc       0x50 Core/Src/fsm_sensor.o
                0x0000000020004bfc                sensor_state
                0x0000000020004c00                hadc1
                0x0000000020004c48                adc_timer
 COMMON         0x0000000020004c4c       0x28 Core/Src/main.o
                0x0000000020004c4c                myTaskLoRaHandle
                0x0000000020004c50                defaultTaskHandle
                0x0000000020004c54                sensor2_ON
                0x0000000020004c58                myQueueSensor2Handle
                0x0000000020004c5c                sensor1_ON
                0x0000000020004c60                myTaskSensor1Handle
                0x0000000020004c64                myQueueDataSavedHandle
                0x0000000020004c68                myTaskLEDsHandle
                0x0000000020004c6c                myQueueSensor1Handle
                0x0000000020004c70                myTaskSensor2Handle
 COMMON         0x0000000020004c74        0x4 Drivers/STM32F4xx_HAL_Driver/Src/stm32f4xx_hal.o
                0x0000000020004c74                uwTick
 COMMON         0x0000000020004c78       0x40 Middlewares/Third_Party/FreeRTOS/Source/queue.o
                0x0000000020004c78                xQueueRegistry
 COMMON         0x0000000020004cb8        0x4 d:/st/stm32cubeide_1.3.0/stm32cubeide/plugins/com.st.stm32cube.ide.mcu.externaltools.gnu-tools-for-stm32.7-2018-q2-update.win32_1.0.0.201904181610/tools/bin/../lib/gcc/arm-none-eabi/7.3.1/../../../../arm-none-eabi/lib/thumb/v7e-m/fpv4-sp/hard\libc_nano.a(lib_a-reent.o)
                0x0000000020004cb8                errno
                0x0000000020004cbc                . = ALIGN (0x4)
                0x0000000020004cbc                _ebss = .
                0x0000000020004cbc                __bss_end__ = _ebss

._user_heap_stack
                0x0000000020004cbc      0x604 load address 0x0000000008007f70
                0x0000000020004cc0                . = ALIGN (0x8)
 *fill*         0x0000000020004cbc        0x4 
                0x0000000020004cc0                PROVIDE (end = .)
                [!provide]                        PROVIDE (_end = .)
                0x0000000020004ec0                . = (. + _Min_Heap_Size)
 *fill*         0x0000000020004cc0      0x200 
                0x00000000200052c0                . = (. + _Min_Stack_Size)
 *fill*         0x0000000020004ec0      0x400 
                0x00000000200052c0                . = ALIGN (0x8)

/DISCARD/
 libc.a(*)
 libm.a(*)
 libgcc.a(*)

.ARM.attributes
                0x0000000000000000       0x30
 *(.ARM.attributes)
 .ARM.attributes
                0x0000000000000000       0x22 d:/st/stm32cubeide_1.3.0/stm32cubeide/plugins/com.st.stm32cube.ide.mcu.externaltools.gnu-tools-for-stm32.7-2018-q2-update.win32_1.0.0.201904181610/tools/bin/../lib/gcc/arm-none-eabi/7.3.1/thumb/v7e-m/fpv4-sp/hard/crti.o
 .ARM.attributes
                0x0000000000000022       0x34 d:/st/stm32cubeide_1.3.0/stm32cubeide/plugins/com.st.stm32cube.ide.mcu.externaltools.gnu-tools-for-stm32.7-2018-q2-update.win32_1.0.0.201904181610/tools/bin/../lib/gcc/arm-none-eabi/7.3.1/thumb/v7e-m/fpv4-sp/hard/crtbegin.o
 .ARM.attributes
                0x0000000000000056       0x39 Core/Src/LoRa_comm.o
 .ARM.attributes
                0x000000000000008f       0x39 Core/Src/SX1278.o
 .ARM.attributes
                0x00000000000000c8       0x39 Core/Src/freertos.o
 .ARM.attributes
                0x0000000000000101       0x39 Core/Src/fsm.o
 .ARM.attributes
                0x000000000000013a       0x39 Core/Src/fsm_sensor.o
 .ARM.attributes
                0x0000000000000173       0x39 Core/Src/main.o
 .ARM.attributes
                0x00000000000001ac       0x39 Core/Src/ring_buf.o
 .ARM.attributes
                0x00000000000001e5       0x39 Core/Src/stm32f4xx_hal_msp.o
 .ARM.attributes
                0x000000000000021e       0x39 Core/Src/stm32f4xx_it.o
 .ARM.attributes
                0x0000000000000257       0x39 Core/Src/sysmem.o
 .ARM.attributes
                0x0000000000000290       0x39 Core/Src/system_stm32f4xx.o
 .ARM.attributes
                0x00000000000002c9       0x21 Core/Startup/startup_stm32f407vgtx.o
 .ARM.attributes
                0x00000000000002ea       0x39 Drivers/STM32F4xx_HAL_Driver/Src/stm32f4xx_hal.o
 .ARM.attributes
                0x0000000000000323       0x39 Drivers/STM32F4xx_HAL_Driver/Src/stm32f4xx_hal_adc.o
 .ARM.attributes
                0x000000000000035c       0x39 Drivers/STM32F4xx_HAL_Driver/Src/stm32f4xx_hal_cortex.o
 .ARM.attributes
                0x0000000000000395       0x39 Drivers/STM32F4xx_HAL_Driver/Src/stm32f4xx_hal_gpio.o
 .ARM.attributes
                0x00000000000003ce       0x39 Drivers/STM32F4xx_HAL_Driver/Src/stm32f4xx_hal_rcc.o
 .ARM.attributes
                0x0000000000000407       0x39 Drivers/STM32F4xx_HAL_Driver/Src/stm32f4xx_hal_spi.o
 .ARM.attributes
                0x0000000000000440       0x39 Middlewares/Third_Party/FreeRTOS/Source/CMSIS_RTOS_V2/cmsis_os2.o
 .ARM.attributes
                0x0000000000000479       0x39 Middlewares/Third_Party/FreeRTOS/Source/list.o
 .ARM.attributes
                0x00000000000004b2       0x39 Middlewares/Third_Party/FreeRTOS/Source/queue.o
 .ARM.attributes
                0x00000000000004eb       0x39 Middlewares/Third_Party/FreeRTOS/Source/tasks.o
 .ARM.attributes
                0x0000000000000524       0x39 Middlewares/Third_Party/FreeRTOS/Source/timers.o
 .ARM.attributes
                0x000000000000055d       0x39 Middlewares/Third_Party/FreeRTOS/Source/portable/GCC/ARM_CM4F/port.o
 .ARM.attributes
                0x0000000000000596       0x39 Middlewares/Third_Party/FreeRTOS/Source/portable/MemMang/heap_4.o
 .ARM.attributes
                0x00000000000005cf       0x34 d:/st/stm32cubeide_1.3.0/stm32cubeide/plugins/com.st.stm32cube.ide.mcu.externaltools.gnu-tools-for-stm32.7-2018-q2-update.win32_1.0.0.201904181610/tools/bin/../lib/gcc/arm-none-eabi/7.3.1/../../../../arm-none-eabi/lib/thumb/v7e-m/fpv4-sp/hard\libc_nano.a(lib_a-errno.o)
 .ARM.attributes
                0x0000000000000603       0x34 d:/st/stm32cubeide_1.3.0/stm32cubeide/plugins/com.st.stm32cube.ide.mcu.externaltools.gnu-tools-for-stm32.7-2018-q2-update.win32_1.0.0.201904181610/tools/bin/../lib/gcc/arm-none-eabi/7.3.1/../../../../arm-none-eabi/lib/thumb/v7e-m/fpv4-sp/hard\libc_nano.a(lib_a-impure.o)
 .ARM.attributes
                0x0000000000000637       0x34 d:/st/stm32cubeide_1.3.0/stm32cubeide/plugins/com.st.stm32cube.ide.mcu.externaltools.gnu-tools-for-stm32.7-2018-q2-update.win32_1.0.0.201904181610/tools/bin/../lib/gcc/arm-none-eabi/7.3.1/../../../../arm-none-eabi/lib/thumb/v7e-m/fpv4-sp/hard\libc_nano.a(lib_a-init.o)
 .ARM.attributes
                0x000000000000066b       0x34 d:/st/stm32cubeide_1.3.0/stm32cubeide/plugins/com.st.stm32cube.ide.mcu.externaltools.gnu-tools-for-stm32.7-2018-q2-update.win32_1.0.0.201904181610/tools/bin/../lib/gcc/arm-none-eabi/7.3.1/../../../../arm-none-eabi/lib/thumb/v7e-m/fpv4-sp/hard\libc_nano.a(lib_a-memcpy-stub.o)
 .ARM.attributes
                0x000000000000069f       0x34 d:/st/stm32cubeide_1.3.0/stm32cubeide/plugins/com.st.stm32cube.ide.mcu.externaltools.gnu-tools-for-stm32.7-2018-q2-update.win32_1.0.0.201904181610/tools/bin/../lib/gcc/arm-none-eabi/7.3.1/../../../../arm-none-eabi/lib/thumb/v7e-m/fpv4-sp/hard\libc_nano.a(lib_a-memset.o)
 .ARM.attributes
                0x00000000000006d3       0x34 d:/st/stm32cubeide_1.3.0/stm32cubeide/plugins/com.st.stm32cube.ide.mcu.externaltools.gnu-tools-for-stm32.7-2018-q2-update.win32_1.0.0.201904181610/tools/bin/../lib/gcc/arm-none-eabi/7.3.1/../../../../arm-none-eabi/lib/thumb/v7e-m/fpv4-sp/hard\libc_nano.a(lib_a-nano-freer.o)
 .ARM.attributes
                0x0000000000000707       0x34 d:/st/stm32cubeide_1.3.0/stm32cubeide/plugins/com.st.stm32cube.ide.mcu.externaltools.gnu-tools-for-stm32.7-2018-q2-update.win32_1.0.0.201904181610/tools/bin/../lib/gcc/arm-none-eabi/7.3.1/../../../../arm-none-eabi/lib/thumb/v7e-m/fpv4-sp/hard\libc_nano.a(lib_a-nano-mallocr.o)
 .ARM.attributes
                0x000000000000073b       0x34 d:/st/stm32cubeide_1.3.0/stm32cubeide/plugins/com.st.stm32cube.ide.mcu.externaltools.gnu-tools-for-stm32.7-2018-q2-update.win32_1.0.0.201904181610/tools/bin/../lib/gcc/arm-none-eabi/7.3.1/../../../../arm-none-eabi/lib/thumb/v7e-m/fpv4-sp/hard\libc_nano.a(lib_a-sbrkr.o)
 .ARM.attributes
                0x000000000000076f       0x34 d:/st/stm32cubeide_1.3.0/stm32cubeide/plugins/com.st.stm32cube.ide.mcu.externaltools.gnu-tools-for-stm32.7-2018-q2-update.win32_1.0.0.201904181610/tools/bin/../lib/gcc/arm-none-eabi/7.3.1/../../../../arm-none-eabi/lib/thumb/v7e-m/fpv4-sp/hard\libc_nano.a(lib_a-sprintf.o)
 .ARM.attributes
                0x00000000000007a3       0x34 d:/st/stm32cubeide_1.3.0/stm32cubeide/plugins/com.st.stm32cube.ide.mcu.externaltools.gnu-tools-for-stm32.7-2018-q2-update.win32_1.0.0.201904181610/tools/bin/../lib/gcc/arm-none-eabi/7.3.1/../../../../arm-none-eabi/lib/thumb/v7e-m/fpv4-sp/hard\libc_nano.a(lib_a-mlock.o)
 .ARM.attributes
                0x00000000000007d7       0x34 d:/st/stm32cubeide_1.3.0/stm32cubeide/plugins/com.st.stm32cube.ide.mcu.externaltools.gnu-tools-for-stm32.7-2018-q2-update.win32_1.0.0.201904181610/tools/bin/../lib/gcc/arm-none-eabi/7.3.1/../../../../arm-none-eabi/lib/thumb/v7e-m/fpv4-sp/hard\libc_nano.a(lib_a-nano-svfprintf.o)
 .ARM.attributes
                0x000000000000080b       0x34 d:/st/stm32cubeide_1.3.0/stm32cubeide/plugins/com.st.stm32cube.ide.mcu.externaltools.gnu-tools-for-stm32.7-2018-q2-update.win32_1.0.0.201904181610/tools/bin/../lib/gcc/arm-none-eabi/7.3.1/../../../../arm-none-eabi/lib/thumb/v7e-m/fpv4-sp/hard\libc_nano.a(lib_a-nano-vfprintf_i.o)
 .ARM.attributes
                0x000000000000083f       0x34 d:/st/stm32cubeide_1.3.0/stm32cubeide/plugins/com.st.stm32cube.ide.mcu.externaltools.gnu-tools-for-stm32.7-2018-q2-update.win32_1.0.0.201904181610/tools/bin/../lib/gcc/arm-none-eabi/7.3.1/../../../../arm-none-eabi/lib/thumb/v7e-m/fpv4-sp/hard\libc_nano.a(lib_a-reent.o)
 .ARM.attributes
                0x0000000000000873       0x20 d:/st/stm32cubeide_1.3.0/stm32cubeide/plugins/com.st.stm32cube.ide.mcu.externaltools.gnu-tools-for-stm32.7-2018-q2-update.win32_1.0.0.201904181610/tools/bin/../lib/gcc/arm-none-eabi/7.3.1/../../../../arm-none-eabi/lib/thumb/v7e-m/fpv4-sp/hard\libc_nano.a(lib_a-memchr.o)
 .ARM.attributes
                0x0000000000000893       0x34 d:/st/stm32cubeide_1.3.0/stm32cubeide/plugins/com.st.stm32cube.ide.mcu.externaltools.gnu-tools-for-stm32.7-2018-q2-update.win32_1.0.0.201904181610/tools/bin/../lib/gcc/arm-none-eabi/7.3.1/../../../../arm-none-eabi/lib/thumb/v7e-m/fpv4-sp/hard\libc_nano.a(lib_a-memmove.o)
 .ARM.attributes
                0x00000000000008c7       0x34 d:/st/stm32cubeide_1.3.0/stm32cubeide/plugins/com.st.stm32cube.ide.mcu.externaltools.gnu-tools-for-stm32.7-2018-q2-update.win32_1.0.0.201904181610/tools/bin/../lib/gcc/arm-none-eabi/7.3.1/../../../../arm-none-eabi/lib/thumb/v7e-m/fpv4-sp/hard\libc_nano.a(lib_a-nano-reallocr.o)
 .ARM.attributes
                0x00000000000008fb       0x34 d:/st/stm32cubeide_1.3.0/stm32cubeide/plugins/com.st.stm32cube.ide.mcu.externaltools.gnu-tools-for-stm32.7-2018-q2-update.win32_1.0.0.201904181610/tools/bin/../lib/gcc/arm-none-eabi/7.3.1/../../../../arm-none-eabi/lib/thumb/v7e-m/fpv4-sp/hard\libc_nano.a(lib_a-nano-msizer.o)
 .ARM.attributes
                0x000000000000092f       0x22 d:/st/stm32cubeide_1.3.0/stm32cubeide/plugins/com.st.stm32cube.ide.mcu.externaltools.gnu-tools-for-stm32.7-2018-q2-update.win32_1.0.0.201904181610/tools/bin/../lib/gcc/arm-none-eabi/7.3.1/thumb/v7e-m/fpv4-sp/hard\libgcc.a(_aeabi_uldivmod.o)
 .ARM.attributes
                0x0000000000000951       0x34 d:/st/stm32cubeide_1.3.0/stm32cubeide/plugins/com.st.stm32cube.ide.mcu.externaltools.gnu-tools-for-stm32.7-2018-q2-update.win32_1.0.0.201904181610/tools/bin/../lib/gcc/arm-none-eabi/7.3.1/thumb/v7e-m/fpv4-sp/hard\libgcc.a(_udivmoddi4.o)
 .ARM.attributes
                0x0000000000000985       0x22 d:/st/stm32cubeide_1.3.0/stm32cubeide/plugins/com.st.stm32cube.ide.mcu.externaltools.gnu-tools-for-stm32.7-2018-q2-update.win32_1.0.0.201904181610/tools/bin/../lib/gcc/arm-none-eabi/7.3.1/thumb/v7e-m/fpv4-sp/hard\libgcc.a(_dvmd_tls.o)
 .ARM.attributes
                0x00000000000009a7       0x22 d:/st/stm32cubeide_1.3.0/stm32cubeide/plugins/com.st.stm32cube.ide.mcu.externaltools.gnu-tools-for-stm32.7-2018-q2-update.win32_1.0.0.201904181610/tools/bin/../lib/gcc/arm-none-eabi/7.3.1/thumb/v7e-m/fpv4-sp/hard/crtn.o
OUTPUT(AquaSmart_22420.elf elf32-littlearm)

.debug_info     0x0000000000000000    0x19279
 .debug_info    0x0000000000000000     0x12e1 Core/Src/LoRa_comm.o
 .debug_info    0x00000000000012e1     0x1292 Core/Src/SX1278.o
 .debug_info    0x0000000000002573      0x1c2 Core/Src/freertos.o
 .debug_info    0x0000000000002735      0x9e4 Core/Src/fsm.o
 .debug_info    0x0000000000003119      0xf27 Core/Src/fsm_sensor.o
 .debug_info    0x0000000000004040     0x16a7 Core/Src/main.o
 .debug_info    0x00000000000056e7      0xb04 Core/Src/ring_buf.o
 .debug_info    0x00000000000061eb      0xea2 Core/Src/stm32f4xx_hal_msp.o
 .debug_info    0x000000000000708d      0x1fa Core/Src/stm32f4xx_it.o
 .debug_info    0x0000000000007287      0x91c Core/Src/sysmem.o
 .debug_info    0x0000000000007ba3      0x554 Core/Src/system_stm32f4xx.o
 .debug_info    0x00000000000080f7       0x22 Core/Startup/startup_stm32f407vgtx.o
 .debug_info    0x0000000000008119      0x945 Drivers/STM32F4xx_HAL_Driver/Src/stm32f4xx_hal.o
 .debug_info    0x0000000000008a5e      0xcee Drivers/STM32F4xx_HAL_Driver/Src/stm32f4xx_hal_adc.o
 .debug_info    0x000000000000974c      0xe28 Drivers/STM32F4xx_HAL_Driver/Src/stm32f4xx_hal_cortex.o
 .debug_info    0x000000000000a574      0x7b5 Drivers/STM32F4xx_HAL_Driver/Src/stm32f4xx_hal_gpio.o
 .debug_info    0x000000000000ad29      0x904 Drivers/STM32F4xx_HAL_Driver/Src/stm32f4xx_hal_rcc.o
 .debug_info    0x000000000000b62d     0x163a Drivers/STM32F4xx_HAL_Driver/Src/stm32f4xx_hal_spi.o
 .debug_info    0x000000000000cc67     0x401f Middlewares/Third_Party/FreeRTOS/Source/CMSIS_RTOS_V2/cmsis_os2.o
 .debug_info    0x0000000000010c86      0xacb Middlewares/Third_Party/FreeRTOS/Source/list.o
 .debug_info    0x0000000000011751     0x239c Middlewares/Third_Party/FreeRTOS/Source/queue.o
 .debug_info    0x0000000000013aed     0x2ae7 Middlewares/Third_Party/FreeRTOS/Source/tasks.o
 .debug_info    0x00000000000165d4     0x1aba Middlewares/Third_Party/FreeRTOS/Source/timers.o
 .debug_info    0x000000000001808e      0x601 Middlewares/Third_Party/FreeRTOS/Source/portable/GCC/ARM_CM4F/port.o
 .debug_info    0x000000000001868f      0xbea Middlewares/Third_Party/FreeRTOS/Source/portable/MemMang/heap_4.o

.debug_abbrev   0x0000000000000000     0x33c4
 .debug_abbrev  0x0000000000000000      0x223 Core/Src/LoRa_comm.o
 .debug_abbrev  0x0000000000000223      0x28d Core/Src/SX1278.o
 .debug_abbrev  0x00000000000004b0       0xe0 Core/Src/freertos.o
 .debug_abbrev  0x0000000000000590      0x1e6 Core/Src/fsm.o
 .debug_abbrev  0x0000000000000776      0x200 Core/Src/fsm_sensor.o
 .debug_abbrev  0x0000000000000976      0x229 Core/Src/main.o
 .debug_abbrev  0x0000000000000b9f      0x1f8 Core/Src/ring_buf.o
 .debug_abbrev  0x0000000000000d97      0x195 Core/Src/stm32f4xx_hal_msp.o
 .debug_abbrev  0x0000000000000f2c       0xc6 Core/Src/stm32f4xx_it.o
 .debug_abbrev  0x0000000000000ff2      0x1bb Core/Src/sysmem.o
 .debug_abbrev  0x00000000000011ad      0x12b Core/Src/system_stm32f4xx.o
 .debug_abbrev  0x00000000000012d8       0x12 Core/Startup/startup_stm32f407vgtx.o
 .debug_abbrev  0x00000000000012ea      0x1c7 Drivers/STM32F4xx_HAL_Driver/Src/stm32f4xx_hal.o
 .debug_abbrev  0x00000000000014b1      0x205 Drivers/STM32F4xx_HAL_Driver/Src/stm32f4xx_hal_adc.o
 .debug_abbrev  0x00000000000016b6      0x2fa Drivers/STM32F4xx_HAL_Driver/Src/stm32f4xx_hal_cortex.o
 .debug_abbrev  0x00000000000019b0      0x1c9 Drivers/STM32F4xx_HAL_Driver/Src/stm32f4xx_hal_gpio.o
 .debug_abbrev  0x0000000000001b79      0x245 Drivers/STM32F4xx_HAL_Driver/Src/stm32f4xx_hal_rcc.o
 .debug_abbrev  0x0000000000001dbe      0x240 Drivers/STM32F4xx_HAL_Driver/Src/stm32f4xx_hal_spi.o
 .debug_abbrev  0x0000000000001ffe      0x3c3 Middlewares/Third_Party/FreeRTOS/Source/CMSIS_RTOS_V2/cmsis_os2.o
 .debug_abbrev  0x00000000000023c1      0x1cf Middlewares/Third_Party/FreeRTOS/Source/list.o
 .debug_abbrev  0x0000000000002590      0x336 Middlewares/Third_Party/FreeRTOS/Source/queue.o
 .debug_abbrev  0x00000000000028c6      0x350 Middlewares/Third_Party/FreeRTOS/Source/tasks.o
 .debug_abbrev  0x0000000000002c16      0x2d7 Middlewares/Third_Party/FreeRTOS/Source/timers.o
 .debug_abbrev  0x0000000000002eed      0x239 Middlewares/Third_Party/FreeRTOS/Source/portable/GCC/ARM_CM4F/port.o
 .debug_abbrev  0x0000000000003126      0x29e Middlewares/Third_Party/FreeRTOS/Source/portable/MemMang/heap_4.o

.debug_aranges  0x0000000000000000     0x1108
 .debug_aranges
                0x0000000000000000       0x38 Core/Src/LoRa_comm.o
 .debug_aranges
                0x0000000000000038       0xf8 Core/Src/SX1278.o
 .debug_aranges
                0x0000000000000130       0x28 Core/Src/freertos.o
 .debug_aranges
                0x0000000000000158       0x30 Core/Src/fsm.o
 .debug_aranges
                0x0000000000000188       0xb0 Core/Src/fsm_sensor.o
 .debug_aranges
                0x0000000000000238       0x70 Core/Src/main.o
 .debug_aranges
                0x00000000000002a8       0x30 Core/Src/ring_buf.o
 .debug_aranges
                0x00000000000002d8       0x40 Core/Src/stm32f4xx_hal_msp.o
 .debug_aranges
                0x0000000000000318       0x50 Core/Src/stm32f4xx_it.o
 .debug_aranges
                0x0000000000000368       0x20 Core/Src/sysmem.o
 .debug_aranges
                0x0000000000000388       0x28 Core/Src/system_stm32f4xx.o
 .debug_aranges
                0x00000000000003b0       0x28 Core/Startup/startup_stm32f407vgtx.o
 .debug_aranges
                0x00000000000003d8       0xf0 Drivers/STM32F4xx_HAL_Driver/Src/stm32f4xx_hal.o
 .debug_aranges
                0x00000000000004c8       0xe8 Drivers/STM32F4xx_HAL_Driver/Src/stm32f4xx_hal_adc.o
 .debug_aranges
                0x00000000000005b0      0x118 Drivers/STM32F4xx_HAL_Driver/Src/stm32f4xx_hal_cortex.o
 .debug_aranges
                0x00000000000006c8       0x58 Drivers/STM32F4xx_HAL_Driver/Src/stm32f4xx_hal_gpio.o
 .debug_aranges
                0x0000000000000720       0x88 Drivers/STM32F4xx_HAL_Driver/Src/stm32f4xx_hal_rcc.o
 .debug_aranges
                0x00000000000007a8      0x1d0 Drivers/STM32F4xx_HAL_Driver/Src/stm32f4xx_hal_spi.o
 .debug_aranges
                0x0000000000000978      0x228 Middlewares/Third_Party/FreeRTOS/Source/CMSIS_RTOS_V2/cmsis_os2.o
 .debug_aranges
                0x0000000000000ba0       0x40 Middlewares/Third_Party/FreeRTOS/Source/list.o
 .debug_aranges
                0x0000000000000be0      0x158 Middlewares/Third_Party/FreeRTOS/Source/queue.o
 .debug_aranges
                0x0000000000000d38      0x210 Middlewares/Third_Party/FreeRTOS/Source/tasks.o
 .debug_aranges
                0x0000000000000f48       0xe8 Middlewares/Third_Party/FreeRTOS/Source/timers.o
 .debug_aranges
                0x0000000000001030       0x88 Middlewares/Third_Party/FreeRTOS/Source/portable/GCC/ARM_CM4F/port.o
 .debug_aranges
                0x00000000000010b8       0x50 Middlewares/Third_Party/FreeRTOS/Source/portable/MemMang/heap_4.o

.debug_ranges   0x0000000000000000      0xf80
 .debug_ranges  0x0000000000000000       0x28 Core/Src/LoRa_comm.o
 .debug_ranges  0x0000000000000028       0xe8 Core/Src/SX1278.o
 .debug_ranges  0x0000000000000110       0x18 Core/Src/freertos.o
 .debug_ranges  0x0000000000000128       0x20 Core/Src/fsm.o
 .debug_ranges  0x0000000000000148       0xa0 Core/Src/fsm_sensor.o
 .debug_ranges  0x00000000000001e8       0x60 Core/Src/main.o
 .debug_ranges  0x0000000000000248       0x20 Core/Src/ring_buf.o
 .debug_ranges  0x0000000000000268       0x30 Core/Src/stm32f4xx_hal_msp.o
 .debug_ranges  0x0000000000000298       0x40 Core/Src/stm32f4xx_it.o
 .debug_ranges  0x00000000000002d8       0x10 Core/Src/sysmem.o
 .debug_ranges  0x00000000000002e8       0x18 Core/Src/system_stm32f4xx.o
 .debug_ranges  0x0000000000000300       0x20 Core/Startup/startup_stm32f407vgtx.o
 .debug_ranges  0x0000000000000320       0xe0 Drivers/STM32F4xx_HAL_Driver/Src/stm32f4xx_hal.o
 .debug_ranges  0x0000000000000400       0xd8 Drivers/STM32F4xx_HAL_Driver/Src/stm32f4xx_hal_adc.o
 .debug_ranges  0x00000000000004d8      0x108 Drivers/STM32F4xx_HAL_Driver/Src/stm32f4xx_hal_cortex.o
 .debug_ranges  0x00000000000005e0       0x48 Drivers/STM32F4xx_HAL_Driver/Src/stm32f4xx_hal_gpio.o
 .debug_ranges  0x0000000000000628       0x78 Drivers/STM32F4xx_HAL_Driver/Src/stm32f4xx_hal_rcc.o
 .debug_ranges  0x00000000000006a0      0x1c0 Drivers/STM32F4xx_HAL_Driver/Src/stm32f4xx_hal_spi.o
 .debug_ranges  0x0000000000000860      0x218 Middlewares/Third_Party/FreeRTOS/Source/CMSIS_RTOS_V2/cmsis_os2.o
 .debug_ranges  0x0000000000000a78       0x30 Middlewares/Third_Party/FreeRTOS/Source/list.o
 .debug_ranges  0x0000000000000aa8      0x148 Middlewares/Third_Party/FreeRTOS/Source/queue.o
 .debug_ranges  0x0000000000000bf0      0x200 Middlewares/Third_Party/FreeRTOS/Source/tasks.o
 .debug_ranges  0x0000000000000df0       0xd8 Middlewares/Third_Party/FreeRTOS/Source/timers.o
 .debug_ranges  0x0000000000000ec8       0x78 Middlewares/Third_Party/FreeRTOS/Source/portable/GCC/ARM_CM4F/port.o
 .debug_ranges  0x0000000000000f40       0x40 Middlewares/Third_Party/FreeRTOS/Source/portable/MemMang/heap_4.o

.debug_macro    0x0000000000000000    0x24829
 .debug_macro   0x0000000000000000      0x46e Core/Src/LoRa_comm.o
 .debug_macro   0x000000000000046e      0xa5a Core/Src/LoRa_comm.o